[0.119s] Invoking command in '/home/ammar/turtlebot3_localization/build/turtlebot3_simulations': CMAKE_PREFIX_PATH=/home/ammar/turtlebot3_localization/install/turtlebot3_gazebo:/home/ammar/turtlebot3_localization/install/turtlebot3_fake_node:/home/ammar/f110_labs_ws/install/lab1_pkg:/home/ammar/f1tenth_lab5_template/install/lab5_pkg:/home/ammar/turtlebot3_localization/install/turtlebot3_simulations:/home/ammar/ros2_ws/install/my_robot_bringup:/home/ammar/f110_labs_ws/install/autodrive_nigel:/home/ammar/f110_labs_ws/install/autodrive_f1tenth:/home/ammar/turtlebot3_localization/install/kalman_filter:/home/ammar/sim_ws/install/f1tenth_gym_ros:/home/ammar/ros2_ws/install/my_robot_controller:/opt/ros/humble /usr/bin/cmake --build /home/ammar/turtlebot3_localization/build/turtlebot3_simulations -- -j12 -l12
[0.327s] Invoked command in '/home/ammar/turtlebot3_localization/build/turtlebot3_simulations' returned '0': CMAKE_PREFIX_PATH=/home/ammar/turtlebot3_localization/install/turtlebot3_gazebo:/home/ammar/turtlebot3_localization/install/turtlebot3_fake_node:/home/ammar/f110_labs_ws/install/lab1_pkg:/home/ammar/f1tenth_lab5_template/install/lab5_pkg:/home/ammar/turtlebot3_localization/install/turtlebot3_simulations:/home/ammar/ros2_ws/install/my_robot_bringup:/home/ammar/f110_labs_ws/install/autodrive_nigel:/home/ammar/f110_labs_ws/install/autodrive_f1tenth:/home/ammar/turtlebot3_localization/install/kalman_filter:/home/ammar/sim_ws/install/f1tenth_gym_ros:/home/ammar/ros2_ws/install/my_robot_controller:/opt/ros/humble /usr/bin/cmake --build /home/ammar/turtlebot3_localization/build/turtlebot3_simulations -- -j12 -l12
[0.364s] Invoking command in '/home/ammar/turtlebot3_localization/build/turtlebot3_simulations': CMAKE_PREFIX_PATH=/home/ammar/turtlebot3_localization/install/turtlebot3_gazebo:/home/ammar/turtlebot3_localization/install/turtlebot3_fake_node:/home/ammar/f110_labs_ws/install/lab1_pkg:/home/ammar/f1tenth_lab5_template/install/lab5_pkg:/home/ammar/turtlebot3_localization/install/turtlebot3_simulations:/home/ammar/ros2_ws/install/my_robot_bringup:/home/ammar/f110_labs_ws/install/autodrive_nigel:/home/ammar/f110_labs_ws/install/autodrive_f1tenth:/home/ammar/turtlebot3_localization/install/kalman_filter:/home/ammar/sim_ws/install/f1tenth_gym_ros:/home/ammar/ros2_ws/install/my_robot_controller:/opt/ros/humble /usr/bin/cmake --install /home/ammar/turtlebot3_localization/build/turtlebot3_simulations
[0.388s] -- Install configuration: ""
[0.408s] -- Execute custom install script
[0.408s] -- Up-to-date symlink: /home/ammar/turtlebot3_localization/install/turtlebot3_simulations/share/ament_index/resource_index/package_run_dependencies/turtlebot3_simulations
[0.408s] -- Up-to-date symlink: /home/ammar/turtlebot3_localization/install/turtlebot3_simulations/share/ament_index/resource_index/parent_prefix_path/turtlebot3_simulations
[0.420s] -- Up-to-date symlink: /home/ammar/turtlebot3_localization/install/turtlebot3_simulations/share/turtlebot3_simulations/environment/ament_prefix_path.sh
[0.420s] -- Up-to-date symlink: /home/ammar/turtlebot3_localization/install/turtlebot3_simulations/share/turtlebot3_simulations/environment/ament_prefix_path.dsv
[0.421s] -- Up-to-date symlink: /home/ammar/turtlebot3_localization/install/turtlebot3_simulations/share/turtlebot3_simulations/environment/path.sh
[0.421s] -- Up-to-date symlink: /home/ammar/turtlebot3_localization/install/turtlebot3_simulations/share/turtlebot3_simulations/environment/path.dsv
[0.421s] -- Up-to-date symlink: /home/ammar/turtlebot3_localization/install/turtlebot3_simulations/share/turtlebot3_simulations/local_setup.bash
[0.421s] -- Up-to-date symlink: /home/ammar/turtlebot3_localization/install/turtlebot3_simulations/share/turtlebot3_simulations/local_setup.sh
[0.422s] -- Up-to-date symlink: /home/ammar/turtlebot3_localization/install/turtlebot3_simulations/share/turtlebot3_simulations/local_setup.zsh
[0.422s] -- Up-to-date symlink: /home/ammar/turtlebot3_localization/install/turtlebot3_simulations/share/turtlebot3_simulations/local_setup.dsv
[0.422s] -- Symlinking: /home/ammar/turtlebot3_localization/install/turtlebot3_simulations/share/turtlebot3_simulations/package.dsv
[0.428s] -- Up-to-date symlink: /home/ammar/turtlebot3_localization/install/turtlebot3_simulations/share/ament_index/resource_index/packages/turtlebot3_simulations
[0.429s] -- Up-to-date symlink: /home/ammar/turtlebot3_localization/install/turtlebot3_simulations/share/turtlebot3_simulations/cmake/turtlebot3_simulationsConfig.cmake
[0.429s] -- Up-to-date symlink: /home/ammar/turtlebot3_localization/install/turtlebot3_simulations/share/turtlebot3_simulations/cmake/turtlebot3_simulationsConfig-version.cmake
[0.429s] -- Up-to-date symlink: /home/ammar/turtlebot3_localization/install/turtlebot3_simulations/share/turtlebot3_simulations/package.xml
[0.431s] Invoked command in '/home/ammar/turtlebot3_localization/build/turtlebot3_simulations' returned '0': CMAKE_PREFIX_PATH=/home/ammar/turtlebot3_localization/install/turtlebot3_gazebo:/home/ammar/turtlebot3_localization/install/turtlebot3_fake_node:/home/ammar/f110_labs_ws/install/lab1_pkg:/home/ammar/f1tenth_lab5_template/install/lab5_pkg:/home/ammar/turtlebot3_localization/install/turtlebot3_simulations:/home/ammar/ros2_ws/install/my_robot_bringup:/home/ammar/f110_labs_ws/install/autodrive_nigel:/home/ammar/f110_labs_ws/install/autodrive_f1tenth:/home/ammar/turtlebot3_localization/install/kalman_filter:/home/ammar/sim_ws/install/f1tenth_gym_ros:/home/ammar/ros2_ws/install/my_robot_controller:/opt/ros/humble /usr/bin/cmake --install /home/ammar/turtlebot3_localization/build/turtlebot3_simulations
