[2.941s] Invoking command in '/home/ammar/turtlebot3_localization/build/kalman_filter': PYTHONPATH=/home/ammar/turtlebot3_localization/build/kalman_filter/prefix_override:/usr/lib/python3/dist-packages/colcon_core/task/python/colcon_distutils_commands:/home/ammar/turtlebot3_localization/install/kalman_filter/lib/python3.10/site-packages:${PYTHONPATH} /usr/bin/python3 -W ignore:setup.py install is deprecated -W ignore:easy_install command is deprecated setup.py develop --editable --build-directory /home/ammar/turtlebot3_localization/build/kalman_filter/build --no-deps symlink_data
[3.260s] running develop
[3.593s] running egg_info
[3.593s] writing kalman_filter.egg-info/PKG-INFO
[3.593s] writing dependency_links to kalman_filter.egg-info/dependency_links.txt
[3.594s] writing entry points to kalman_filter.egg-info/entry_points.txt
[3.594s] writing requirements to kalman_filter.egg-info/requires.txt
[3.594s] writing top-level names to kalman_filter.egg-info/top_level.txt
[3.598s] reading manifest file 'kalman_filter.egg-info/SOURCES.txt'
[3.599s] writing manifest file 'kalman_filter.egg-info/SOURCES.txt'
[3.600s] running build_ext
[3.600s] Creating /home/ammar/turtlebot3_localization/install/kalman_filter/lib/python3.10/site-packages/kalman-filter.egg-link (link to .)
[3.601s] Installing EKF script to /home/ammar/turtlebot3_localization/install/kalman_filter/lib/kalman_filter
[3.601s] Installing KalmanFilter script to /home/ammar/turtlebot3_localization/install/kalman_filter/lib/kalman_filter
[3.601s] Installing Noise script to /home/ammar/turtlebot3_localization/install/kalman_filter/lib/kalman_filter
[3.601s] Installing Test script to /home/ammar/turtlebot3_localization/install/kalman_filter/lib/kalman_filter
[3.601s] 
[3.601s] Installed /home/ammar/turtlebot3_localization/build/kalman_filter
[3.601s] running symlink_data
[3.634s] Invoked command in '/home/ammar/turtlebot3_localization/build/kalman_filter' returned '0': PYTHONPATH=/home/ammar/turtlebot3_localization/build/kalman_filter/prefix_override:/usr/lib/python3/dist-packages/colcon_core/task/python/colcon_distutils_commands:/home/ammar/turtlebot3_localization/install/kalman_filter/lib/python3.10/site-packages:${PYTHONPATH} /usr/bin/python3 -W ignore:setup.py install is deprecated -W ignore:easy_install command is deprecated setup.py develop --editable --build-directory /home/ammar/turtlebot3_localization/build/kalman_filter/build --no-deps symlink_data
