[0.106s] DEBUG:colcon:Command line arguments: ['/usr/bin/colcon', 'build', '--symlink-install']
[0.106s] DEBUG:colcon:Parsed command line arguments: Namespace(log_base=None, log_level=None, verb_name='build', build_base='build', install_base='install', merge_install=False, symlink_install=True, test_result_base=None, continue_on_error=False, executor='parallel', parallel_workers=12, event_handlers=None, ignore_user_meta=False, metas=['./colcon.meta'], base_paths=['.'], packages_ignore=None, packages_ignore_regex=None, paths=None, packages_up_to=None, packages_up_to_regex=None, packages_above=None, packages_above_and_dependencies=None, packages_above_depth=None, packages_select_by_dep=None, packages_skip_by_dep=None, packages_skip_up_to=None, packages_select_build_failed=False, packages_skip_build_finished=False, packages_select_test_failures=False, packages_skip_test_passed=False, packages_select=None, packages_skip=None, packages_select_regex=None, packages_skip_regex=None, packages_start=None, packages_end=None, allow_overriding=[], cmake_args=None, cmake_target=None, cmake_target_skip_unavailable=False, cmake_clean_cache=False, cmake_clean_first=False, cmake_force_configure=False, ament_cmake_args=None, catkin_cmake_args=None, catkin_skip_building_tests=False, mixin_files=None, mixin=None, verb_parser=<colcon_mixin.mixin.mixin_argument.MixinArgumentDecorator object at 0x7d18e4d5a710>, verb_extension=<colcon_core.verb.build.BuildVerb object at 0x7d18e4d5a1a0>, main=<bound method BuildVerb.main of <colcon_core.verb.build.BuildVerb object at 0x7d18e4d5a1a0>>, mixin_verb=('build',))
[0.341s] Level 1:colcon.colcon_core.package_discovery:discover_packages(colcon_meta) check parameters
[0.342s] Level 1:colcon.colcon_core.package_discovery:discover_packages(recursive) check parameters
[0.342s] Level 1:colcon.colcon_core.package_discovery:discover_packages(ignore) check parameters
[0.342s] Level 1:colcon.colcon_core.package_discovery:discover_packages(path) check parameters
[0.342s] Level 1:colcon.colcon_core.package_discovery:discover_packages(colcon_meta) discover
[0.342s] Level 1:colcon.colcon_core.package_discovery:discover_packages(recursive) discover
[0.342s] INFO:colcon.colcon_core.package_discovery:Crawling recursively for packages in '/home/ammar/turtlebot3_localization'
[0.342s] Level 1:colcon.colcon_core.package_identification:_identify(.) by extensions ['ignore', 'ignore_ament_install']
[0.342s] Level 1:colcon.colcon_core.package_identification:_identify(.) by extension 'ignore'
[0.342s] Level 1:colcon.colcon_core.package_identification:_identify(.) by extension 'ignore_ament_install'
[0.342s] Level 1:colcon.colcon_core.package_identification:_identify(.) by extensions ['colcon_pkg']
[0.342s] Level 1:colcon.colcon_core.package_identification:_identify(.) by extension 'colcon_pkg'
[0.342s] Level 1:colcon.colcon_core.package_identification:_identify(.) by extensions ['colcon_meta']
[0.342s] Level 1:colcon.colcon_core.package_identification:_identify(.) by extension 'colcon_meta'
[0.342s] Level 1:colcon.colcon_core.package_identification:_identify(.) by extensions ['ros']
[0.342s] Level 1:colcon.colcon_core.package_identification:_identify(.) by extension 'ros'
[0.358s] Level 1:colcon.colcon_core.package_identification:_identify(.) by extensions ['cmake', 'python']
[0.358s] Level 1:colcon.colcon_core.package_identification:_identify(.) by extension 'cmake'
[0.358s] Level 1:colcon.colcon_core.package_identification:_identify(.) by extension 'python'
[0.358s] Level 1:colcon.colcon_core.package_identification:_identify(.) by extensions ['python_setup_py']
[0.358s] Level 1:colcon.colcon_core.package_identification:_identify(.) by extension 'python_setup_py'
[0.358s] Level 1:colcon.colcon_core.package_identification:_identify(build) by extensions ['ignore', 'ignore_ament_install']
[0.358s] Level 1:colcon.colcon_core.package_identification:_identify(build) by extension 'ignore'
[0.358s] Level 1:colcon.colcon_core.package_identification:_identify(build) ignored
[0.358s] Level 1:colcon.colcon_core.package_identification:_identify(install) by extensions ['ignore', 'ignore_ament_install']
[0.358s] Level 1:colcon.colcon_core.package_identification:_identify(install) by extension 'ignore'
[0.359s] Level 1:colcon.colcon_core.package_identification:_identify(install) ignored
[0.359s] Level 1:colcon.colcon_core.package_identification:_identify(log) by extensions ['ignore', 'ignore_ament_install']
[0.359s] Level 1:colcon.colcon_core.package_identification:_identify(log) by extension 'ignore'
[0.359s] Level 1:colcon.colcon_core.package_identification:_identify(log) ignored
[0.359s] Level 1:colcon.colcon_core.package_identification:_identify(src) by extensions ['ignore', 'ignore_ament_install']
[0.359s] Level 1:colcon.colcon_core.package_identification:_identify(src) by extension 'ignore'
[0.359s] Level 1:colcon.colcon_core.package_identification:_identify(src) by extension 'ignore_ament_install'
[0.359s] Level 1:colcon.colcon_core.package_identification:_identify(src) by extensions ['colcon_pkg']
[0.359s] Level 1:colcon.colcon_core.package_identification:_identify(src) by extension 'colcon_pkg'
[0.359s] Level 1:colcon.colcon_core.package_identification:_identify(src) by extensions ['colcon_meta']
[0.359s] Level 1:colcon.colcon_core.package_identification:_identify(src) by extension 'colcon_meta'
[0.359s] Level 1:colcon.colcon_core.package_identification:_identify(src) by extensions ['ros']
[0.359s] Level 1:colcon.colcon_core.package_identification:_identify(src) by extension 'ros'
[0.359s] Level 1:colcon.colcon_core.package_identification:_identify(src) by extensions ['cmake', 'python']
[0.359s] Level 1:colcon.colcon_core.package_identification:_identify(src) by extension 'cmake'
[0.359s] Level 1:colcon.colcon_core.package_identification:_identify(src) by extension 'python'
[0.359s] Level 1:colcon.colcon_core.package_identification:_identify(src) by extensions ['python_setup_py']
[0.359s] Level 1:colcon.colcon_core.package_identification:_identify(src) by extension 'python_setup_py'
[0.359s] Level 1:colcon.colcon_core.package_identification:_identify(src/kalman_filter) by extensions ['ignore', 'ignore_ament_install']
[0.359s] Level 1:colcon.colcon_core.package_identification:_identify(src/kalman_filter) by extension 'ignore'
[0.360s] Level 1:colcon.colcon_core.package_identification:_identify(src/kalman_filter) by extension 'ignore_ament_install'
[0.360s] Level 1:colcon.colcon_core.package_identification:_identify(src/kalman_filter) by extensions ['colcon_pkg']
[0.360s] Level 1:colcon.colcon_core.package_identification:_identify(src/kalman_filter) by extension 'colcon_pkg'
[0.360s] Level 1:colcon.colcon_core.package_identification:_identify(src/kalman_filter) by extensions ['colcon_meta']
[0.360s] Level 1:colcon.colcon_core.package_identification:_identify(src/kalman_filter) by extension 'colcon_meta'
[0.360s] Level 1:colcon.colcon_core.package_identification:_identify(src/kalman_filter) by extensions ['ros']
[0.360s] Level 1:colcon.colcon_core.package_identification:_identify(src/kalman_filter) by extension 'ros'
[0.362s] DEBUG:colcon.colcon_core.package_identification:Package 'src/kalman_filter' with type 'ros.ament_python' and name 'kalman_filter'
[0.362s] Level 1:colcon.colcon_core.package_identification:_identify(src/turtlebot3_simulations) by extensions ['ignore', 'ignore_ament_install']
[0.362s] Level 1:colcon.colcon_core.package_identification:_identify(src/turtlebot3_simulations) by extension 'ignore'
[0.362s] Level 1:colcon.colcon_core.package_identification:_identify(src/turtlebot3_simulations) by extension 'ignore_ament_install'
[0.362s] Level 1:colcon.colcon_core.package_identification:_identify(src/turtlebot3_simulations) by extensions ['colcon_pkg']
[0.362s] Level 1:colcon.colcon_core.package_identification:_identify(src/turtlebot3_simulations) by extension 'colcon_pkg'
[0.362s] Level 1:colcon.colcon_core.package_identification:_identify(src/turtlebot3_simulations) by extensions ['colcon_meta']
[0.362s] Level 1:colcon.colcon_core.package_identification:_identify(src/turtlebot3_simulations) by extension 'colcon_meta'
[0.362s] Level 1:colcon.colcon_core.package_identification:_identify(src/turtlebot3_simulations) by extensions ['ros']
[0.362s] Level 1:colcon.colcon_core.package_identification:_identify(src/turtlebot3_simulations) by extension 'ros'
[0.362s] Level 1:colcon.colcon_core.package_identification:_identify(src/turtlebot3_simulations) by extensions ['cmake', 'python']
[0.362s] Level 1:colcon.colcon_core.package_identification:_identify(src/turtlebot3_simulations) by extension 'cmake'
[0.362s] Level 1:colcon.colcon_core.package_identification:_identify(src/turtlebot3_simulations) by extension 'python'
[0.362s] Level 1:colcon.colcon_core.package_identification:_identify(src/turtlebot3_simulations) by extensions ['python_setup_py']
[0.362s] Level 1:colcon.colcon_core.package_identification:_identify(src/turtlebot3_simulations) by extension 'python_setup_py'
[0.362s] Level 1:colcon.colcon_core.package_identification:_identify(src/turtlebot3_simulations/turtlebot3_fake_node) by extensions ['ignore', 'ignore_ament_install']
[0.363s] Level 1:colcon.colcon_core.package_identification:_identify(src/turtlebot3_simulations/turtlebot3_fake_node) by extension 'ignore'
[0.363s] Level 1:colcon.colcon_core.package_identification:_identify(src/turtlebot3_simulations/turtlebot3_fake_node) by extension 'ignore_ament_install'
[0.363s] Level 1:colcon.colcon_core.package_identification:_identify(src/turtlebot3_simulations/turtlebot3_fake_node) by extensions ['colcon_pkg']
[0.363s] Level 1:colcon.colcon_core.package_identification:_identify(src/turtlebot3_simulations/turtlebot3_fake_node) by extension 'colcon_pkg'
[0.363s] Level 1:colcon.colcon_core.package_identification:_identify(src/turtlebot3_simulations/turtlebot3_fake_node) by extensions ['colcon_meta']
[0.363s] Level 1:colcon.colcon_core.package_identification:_identify(src/turtlebot3_simulations/turtlebot3_fake_node) by extension 'colcon_meta'
[0.363s] Level 1:colcon.colcon_core.package_identification:_identify(src/turtlebot3_simulations/turtlebot3_fake_node) by extensions ['ros']
[0.363s] Level 1:colcon.colcon_core.package_identification:_identify(src/turtlebot3_simulations/turtlebot3_fake_node) by extension 'ros'
[0.364s] DEBUG:colcon.colcon_core.package_identification:Package 'src/turtlebot3_simulations/turtlebot3_fake_node' with type 'ros.ament_cmake' and name 'turtlebot3_fake_node'
[0.364s] Level 1:colcon.colcon_core.package_identification:_identify(src/turtlebot3_simulations/turtlebot3_gazebo) by extensions ['ignore', 'ignore_ament_install']
[0.364s] Level 1:colcon.colcon_core.package_identification:_identify(src/turtlebot3_simulations/turtlebot3_gazebo) by extension 'ignore'
[0.364s] Level 1:colcon.colcon_core.package_identification:_identify(src/turtlebot3_simulations/turtlebot3_gazebo) by extension 'ignore_ament_install'
[0.364s] Level 1:colcon.colcon_core.package_identification:_identify(src/turtlebot3_simulations/turtlebot3_gazebo) by extensions ['colcon_pkg']
[0.364s] Level 1:colcon.colcon_core.package_identification:_identify(src/turtlebot3_simulations/turtlebot3_gazebo) by extension 'colcon_pkg'
[0.364s] Level 1:colcon.colcon_core.package_identification:_identify(src/turtlebot3_simulations/turtlebot3_gazebo) by extensions ['colcon_meta']
[0.364s] Level 1:colcon.colcon_core.package_identification:_identify(src/turtlebot3_simulations/turtlebot3_gazebo) by extension 'colcon_meta'
[0.364s] Level 1:colcon.colcon_core.package_identification:_identify(src/turtlebot3_simulations/turtlebot3_gazebo) by extensions ['ros']
[0.364s] Level 1:colcon.colcon_core.package_identification:_identify(src/turtlebot3_simulations/turtlebot3_gazebo) by extension 'ros'
[0.365s] DEBUG:colcon.colcon_core.package_identification:Package 'src/turtlebot3_simulations/turtlebot3_gazebo' with type 'ros.ament_cmake' and name 'turtlebot3_gazebo'
[0.365s] Level 1:colcon.colcon_core.package_identification:_identify(src/turtlebot3_simulations/turtlebot3_simulations) by extensions ['ignore', 'ignore_ament_install']
[0.365s] Level 1:colcon.colcon_core.package_identification:_identify(src/turtlebot3_simulations/turtlebot3_simulations) by extension 'ignore'
[0.365s] Level 1:colcon.colcon_core.package_identification:_identify(src/turtlebot3_simulations/turtlebot3_simulations) by extension 'ignore_ament_install'
[0.365s] Level 1:colcon.colcon_core.package_identification:_identify(src/turtlebot3_simulations/turtlebot3_simulations) by extensions ['colcon_pkg']
[0.366s] Level 1:colcon.colcon_core.package_identification:_identify(src/turtlebot3_simulations/turtlebot3_simulations) by extension 'colcon_pkg'
[0.366s] Level 1:colcon.colcon_core.package_identification:_identify(src/turtlebot3_simulations/turtlebot3_simulations) by extensions ['colcon_meta']
[0.366s] Level 1:colcon.colcon_core.package_identification:_identify(src/turtlebot3_simulations/turtlebot3_simulations) by extension 'colcon_meta'
[0.366s] Level 1:colcon.colcon_core.package_identification:_identify(src/turtlebot3_simulations/turtlebot3_simulations) by extensions ['ros']
[0.366s] Level 1:colcon.colcon_core.package_identification:_identify(src/turtlebot3_simulations/turtlebot3_simulations) by extension 'ros'
[0.366s] DEBUG:colcon.colcon_core.package_identification:Package 'src/turtlebot3_simulations/turtlebot3_simulations' with type 'ros.ament_cmake' and name 'turtlebot3_simulations'
[0.366s] Level 1:colcon.colcon_core.package_discovery:discover_packages(recursive) using defaults
[0.366s] Level 1:colcon.colcon_core.package_discovery:discover_packages(ignore) discover
[0.366s] Level 1:colcon.colcon_core.package_discovery:discover_packages(ignore) using defaults
[0.366s] Level 1:colcon.colcon_core.package_discovery:discover_packages(path) discover
[0.366s] Level 1:colcon.colcon_core.package_discovery:discover_packages(path) using defaults
[0.386s] Level 1:colcon.colcon_core.package_discovery:discover_packages(prefix_path) check parameters
[0.386s] Level 1:colcon.colcon_core.package_discovery:discover_packages(prefix_path) discover
[0.387s] DEBUG:colcon.colcon_installed_package_information.package_discovery:Found 1 installed packages in /home/ammar/f1tenth_lab5_template/install
[0.388s] DEBUG:colcon.colcon_installed_package_information.package_discovery:Found 2 installed packages in /home/ammar/ros2_ws/install
[0.388s] DEBUG:colcon.colcon_installed_package_information.package_discovery:Found 4 installed packages in /home/ammar/turtlebot3_localization/install
[0.388s] DEBUG:colcon.colcon_installed_package_information.package_discovery:Found 3 installed packages in /home/ammar/f110_labs_ws/install
[0.389s] DEBUG:colcon.colcon_installed_package_information.package_discovery:Found 1 installed packages in /home/ammar/sim_ws/install
[0.390s] DEBUG:colcon.colcon_installed_package_information.package_discovery:Found 389 installed packages in /opt/ros/humble
[0.392s] Level 1:colcon.colcon_core.package_discovery:discover_packages(prefix_path) using defaults
[0.436s] Level 5:colcon.colcon_core.verb:set package 'kalman_filter' build argument 'cmake_args' from command line to 'None'
[0.436s] Level 5:colcon.colcon_core.verb:set package 'kalman_filter' build argument 'cmake_target' from command line to 'None'
[0.436s] Level 5:colcon.colcon_core.verb:set package 'kalman_filter' build argument 'cmake_target_skip_unavailable' from command line to 'False'
[0.436s] Level 5:colcon.colcon_core.verb:set package 'kalman_filter' build argument 'cmake_clean_cache' from command line to 'False'
[0.436s] Level 5:colcon.colcon_core.verb:set package 'kalman_filter' build argument 'cmake_clean_first' from command line to 'False'
[0.436s] Level 5:colcon.colcon_core.verb:set package 'kalman_filter' build argument 'cmake_force_configure' from command line to 'False'
[0.436s] Level 5:colcon.colcon_core.verb:set package 'kalman_filter' build argument 'ament_cmake_args' from command line to 'None'
[0.436s] Level 5:colcon.colcon_core.verb:set package 'kalman_filter' build argument 'catkin_cmake_args' from command line to 'None'
[0.436s] Level 5:colcon.colcon_core.verb:set package 'kalman_filter' build argument 'catkin_skip_building_tests' from command line to 'False'
[0.436s] DEBUG:colcon.colcon_core.verb:Building package 'kalman_filter' with the following arguments: {'ament_cmake_args': None, 'build_base': '/home/ammar/turtlebot3_localization/build/kalman_filter', 'catkin_cmake_args': None, 'catkin_skip_building_tests': False, 'cmake_args': None, 'cmake_clean_cache': False, 'cmake_clean_first': False, 'cmake_force_configure': False, 'cmake_target': None, 'cmake_target_skip_unavailable': False, 'install_base': '/home/ammar/turtlebot3_localization/install/kalman_filter', 'merge_install': False, 'path': '/home/ammar/turtlebot3_localization/src/kalman_filter', 'symlink_install': True, 'test_result_base': None}
[0.437s] Level 5:colcon.colcon_core.verb:set package 'turtlebot3_fake_node' build argument 'cmake_args' from command line to 'None'
[0.437s] Level 5:colcon.colcon_core.verb:set package 'turtlebot3_fake_node' build argument 'cmake_target' from command line to 'None'
[0.437s] Level 5:colcon.colcon_core.verb:set package 'turtlebot3_fake_node' build argument 'cmake_target_skip_unavailable' from command line to 'False'
[0.437s] Level 5:colcon.colcon_core.verb:set package 'turtlebot3_fake_node' build argument 'cmake_clean_cache' from command line to 'False'
[0.437s] Level 5:colcon.colcon_core.verb:set package 'turtlebot3_fake_node' build argument 'cmake_clean_first' from command line to 'False'
[0.437s] Level 5:colcon.colcon_core.verb:set package 'turtlebot3_fake_node' build argument 'cmake_force_configure' from command line to 'False'
[0.437s] Level 5:colcon.colcon_core.verb:set package 'turtlebot3_fake_node' build argument 'ament_cmake_args' from command line to 'None'
[0.437s] Level 5:colcon.colcon_core.verb:set package 'turtlebot3_fake_node' build argument 'catkin_cmake_args' from command line to 'None'
[0.437s] Level 5:colcon.colcon_core.verb:set package 'turtlebot3_fake_node' build argument 'catkin_skip_building_tests' from command line to 'False'
[0.437s] DEBUG:colcon.colcon_core.verb:Building package 'turtlebot3_fake_node' with the following arguments: {'ament_cmake_args': None, 'build_base': '/home/ammar/turtlebot3_localization/build/turtlebot3_fake_node', 'catkin_cmake_args': None, 'catkin_skip_building_tests': False, 'cmake_args': None, 'cmake_clean_cache': False, 'cmake_clean_first': False, 'cmake_force_configure': False, 'cmake_target': None, 'cmake_target_skip_unavailable': False, 'install_base': '/home/ammar/turtlebot3_localization/install/turtlebot3_fake_node', 'merge_install': False, 'path': '/home/ammar/turtlebot3_localization/src/turtlebot3_simulations/turtlebot3_fake_node', 'symlink_install': True, 'test_result_base': None}
[0.437s] Level 5:colcon.colcon_core.verb:set package 'turtlebot3_gazebo' build argument 'cmake_args' from command line to 'None'
[0.437s] Level 5:colcon.colcon_core.verb:set package 'turtlebot3_gazebo' build argument 'cmake_target' from command line to 'None'
[0.437s] Level 5:colcon.colcon_core.verb:set package 'turtlebot3_gazebo' build argument 'cmake_target_skip_unavailable' from command line to 'False'
[0.437s] Level 5:colcon.colcon_core.verb:set package 'turtlebot3_gazebo' build argument 'cmake_clean_cache' from command line to 'False'
[0.437s] Level 5:colcon.colcon_core.verb:set package 'turtlebot3_gazebo' build argument 'cmake_clean_first' from command line to 'False'
[0.437s] Level 5:colcon.colcon_core.verb:set package 'turtlebot3_gazebo' build argument 'cmake_force_configure' from command line to 'False'
[0.437s] Level 5:colcon.colcon_core.verb:set package 'turtlebot3_gazebo' build argument 'ament_cmake_args' from command line to 'None'
[0.437s] Level 5:colcon.colcon_core.verb:set package 'turtlebot3_gazebo' build argument 'catkin_cmake_args' from command line to 'None'
[0.437s] Level 5:colcon.colcon_core.verb:set package 'turtlebot3_gazebo' build argument 'catkin_skip_building_tests' from command line to 'False'
[0.437s] DEBUG:colcon.colcon_core.verb:Building package 'turtlebot3_gazebo' with the following arguments: {'ament_cmake_args': None, 'build_base': '/home/ammar/turtlebot3_localization/build/turtlebot3_gazebo', 'catkin_cmake_args': None, 'catkin_skip_building_tests': False, 'cmake_args': None, 'cmake_clean_cache': False, 'cmake_clean_first': False, 'cmake_force_configure': False, 'cmake_target': None, 'cmake_target_skip_unavailable': False, 'install_base': '/home/ammar/turtlebot3_localization/install/turtlebot3_gazebo', 'merge_install': False, 'path': '/home/ammar/turtlebot3_localization/src/turtlebot3_simulations/turtlebot3_gazebo', 'symlink_install': True, 'test_result_base': None}
[0.438s] Level 5:colcon.colcon_core.verb:set package 'turtlebot3_simulations' build argument 'cmake_args' from command line to 'None'
[0.438s] Level 5:colcon.colcon_core.verb:set package 'turtlebot3_simulations' build argument 'cmake_target' from command line to 'None'
[0.438s] Level 5:colcon.colcon_core.verb:set package 'turtlebot3_simulations' build argument 'cmake_target_skip_unavailable' from command line to 'False'
[0.438s] Level 5:colcon.colcon_core.verb:set package 'turtlebot3_simulations' build argument 'cmake_clean_cache' from command line to 'False'
[0.438s] Level 5:colcon.colcon_core.verb:set package 'turtlebot3_simulations' build argument 'cmake_clean_first' from command line to 'False'
[0.438s] Level 5:colcon.colcon_core.verb:set package 'turtlebot3_simulations' build argument 'cmake_force_configure' from command line to 'False'
[0.438s] Level 5:colcon.colcon_core.verb:set package 'turtlebot3_simulations' build argument 'ament_cmake_args' from command line to 'None'
[0.438s] Level 5:colcon.colcon_core.verb:set package 'turtlebot3_simulations' build argument 'catkin_cmake_args' from command line to 'None'
[0.438s] Level 5:colcon.colcon_core.verb:set package 'turtlebot3_simulations' build argument 'catkin_skip_building_tests' from command line to 'False'
[0.438s] DEBUG:colcon.colcon_core.verb:Building package 'turtlebot3_simulations' with the following arguments: {'ament_cmake_args': None, 'build_base': '/home/ammar/turtlebot3_localization/build/turtlebot3_simulations', 'catkin_cmake_args': None, 'catkin_skip_building_tests': False, 'cmake_args': None, 'cmake_clean_cache': False, 'cmake_clean_first': False, 'cmake_force_configure': False, 'cmake_target': None, 'cmake_target_skip_unavailable': False, 'install_base': '/home/ammar/turtlebot3_localization/install/turtlebot3_simulations', 'merge_install': False, 'path': '/home/ammar/turtlebot3_localization/src/turtlebot3_simulations/turtlebot3_simulations', 'symlink_install': True, 'test_result_base': None}
[0.438s] INFO:colcon.colcon_core.executor:Executing jobs using 'parallel' executor
[0.439s] DEBUG:colcon.colcon_parallel_executor.executor.parallel:run_until_complete
[0.439s] INFO:colcon.colcon_ros.task.ament_cmake.build:Building ROS package in '/home/ammar/turtlebot3_localization/src/turtlebot3_simulations/turtlebot3_fake_node' with build type 'ament_cmake'
[0.439s] INFO:colcon.colcon_cmake.task.cmake.build:Building CMake package in '/home/ammar/turtlebot3_localization/src/turtlebot3_simulations/turtlebot3_fake_node'
[0.441s] INFO:colcon.colcon_core.plugin_system:Skipping extension 'colcon_core.shell.bat': Not used on non-Windows systems
[0.441s] INFO:colcon.colcon_core.shell:Skip shell extension 'powershell' for command environment: Not usable outside of PowerShell
[0.441s] DEBUG:colcon.colcon_core.shell:Skip shell extension 'dsv' for command environment
[0.446s] INFO:colcon.colcon_ros.task.ament_cmake.build:Building ROS package in '/home/ammar/turtlebot3_localization/src/turtlebot3_simulations/turtlebot3_gazebo' with build type 'ament_cmake'
[0.446s] INFO:colcon.colcon_cmake.task.cmake.build:Building CMake package in '/home/ammar/turtlebot3_localization/src/turtlebot3_simulations/turtlebot3_gazebo'
[0.446s] INFO:colcon.colcon_core.shell:Skip shell extension 'powershell' for command environment: Not usable outside of PowerShell
[0.446s] DEBUG:colcon.colcon_core.shell:Skip shell extension 'dsv' for command environment
[0.450s] INFO:colcon.colcon_ros.task.ament_python.build:Building ROS package in '/home/ammar/turtlebot3_localization/src/kalman_filter' with build type 'ament_python'
[0.450s] Level 1:colcon.colcon_core.shell:create_environment_hook('kalman_filter', 'ament_prefix_path')
[0.450s] INFO:colcon.colcon_core.shell:Creating environment hook '/home/ammar/turtlebot3_localization/install/kalman_filter/share/kalman_filter/hook/ament_prefix_path.ps1'
[0.451s] INFO:colcon.colcon_core.shell:Creating environment descriptor '/home/ammar/turtlebot3_localization/install/kalman_filter/share/kalman_filter/hook/ament_prefix_path.dsv'
[0.451s] INFO:colcon.colcon_core.shell:Creating environment hook '/home/ammar/turtlebot3_localization/install/kalman_filter/share/kalman_filter/hook/ament_prefix_path.sh'
[0.452s] INFO:colcon.colcon_core.shell:Skip shell extension 'powershell' for command environment: Not usable outside of PowerShell
[0.452s] DEBUG:colcon.colcon_core.shell:Skip shell extension 'dsv' for command environment
[0.471s] DEBUG:colcon.colcon_core.event_handler.log_command:Invoking command in '/home/ammar/turtlebot3_localization/build/turtlebot3_fake_node': CMAKE_PREFIX_PATH=${CMAKE_PREFIX_PATH}:/home/ammar/f110_labs_ws/install/autodrive_nigel:/home/ammar/f110_labs_ws/install/autodrive_f1tenth:/home/ammar/turtlebot3_localization/install/kalman_filter:/home/ammar/sim_ws/install/f1tenth_gym_ros:/home/ammar/ros2_ws/install/my_robot_controller:/opt/ros/humble /usr/bin/cmake --build /home/ammar/turtlebot3_localization/build/turtlebot3_fake_node -- -j12 -l12
[0.476s] DEBUG:colcon.colcon_core.event_handler.log_command:Invoking command in '/home/ammar/turtlebot3_localization/build/turtlebot3_gazebo': CMAKE_PREFIX_PATH=${CMAKE_PREFIX_PATH}:/home/ammar/f110_labs_ws/install/autodrive_nigel:/home/ammar/f110_labs_ws/install/autodrive_f1tenth:/home/ammar/turtlebot3_localization/install/kalman_filter:/home/ammar/sim_ws/install/f1tenth_gym_ros:/home/ammar/ros2_ws/install/my_robot_controller:/opt/ros/humble /usr/bin/cmake --build /home/ammar/turtlebot3_localization/build/turtlebot3_gazebo -- -j12 -l12
[0.768s] INFO:colcon.colcon_core.task.python.build:Building Python package in '/home/ammar/turtlebot3_localization/src/kalman_filter'
[0.769s] INFO:colcon.colcon_core.shell:Skip shell extension 'powershell' for command environment: Not usable outside of PowerShell
[0.769s] DEBUG:colcon.colcon_core.shell:Skip shell extension 'dsv' for command environment
[1.178s] DEBUG:colcon.colcon_core.event_handler.log_command:Invoking command in '/home/ammar/turtlebot3_localization/build/kalman_filter': PYTHONPATH=/home/ammar/turtlebot3_localization/build/kalman_filter/prefix_override:/usr/lib/python3/dist-packages/colcon_core/task/python/colcon_distutils_commands:/home/ammar/turtlebot3_localization/install/kalman_filter/lib/python3.10/site-packages:${PYTHONPATH} /usr/bin/python3 -W ignore:setup.py install is deprecated setup.py develop --editable --build-directory /home/ammar/turtlebot3_localization/build/kalman_filter/build --no-deps symlink_data
[1.499s] DEBUG:colcon.colcon_core.event_handler.log_command:Invoked command in '/home/ammar/turtlebot3_localization/build/turtlebot3_fake_node' returned '0': CMAKE_PREFIX_PATH=${CMAKE_PREFIX_PATH}:/home/ammar/f110_labs_ws/install/autodrive_nigel:/home/ammar/f110_labs_ws/install/autodrive_f1tenth:/home/ammar/turtlebot3_localization/install/kalman_filter:/home/ammar/sim_ws/install/f1tenth_gym_ros:/home/ammar/ros2_ws/install/my_robot_controller:/opt/ros/humble /usr/bin/cmake --build /home/ammar/turtlebot3_localization/build/turtlebot3_fake_node -- -j12 -l12
[1.522s] DEBUG:colcon.colcon_core.event_handler.log_command:Invoking command in '/home/ammar/turtlebot3_localization/build/turtlebot3_fake_node': CMAKE_PREFIX_PATH=${CMAKE_PREFIX_PATH}:/home/ammar/f110_labs_ws/install/autodrive_nigel:/home/ammar/f110_labs_ws/install/autodrive_f1tenth:/home/ammar/turtlebot3_localization/install/kalman_filter:/home/ammar/sim_ws/install/f1tenth_gym_ros:/home/ammar/ros2_ws/install/my_robot_controller:/opt/ros/humble /usr/bin/cmake --install /home/ammar/turtlebot3_localization/build/turtlebot3_fake_node
[1.540s] Level 1:colcon.colcon_core.environment:create_environment_scripts_only(turtlebot3_fake_node)
[1.541s] DEBUG:colcon.colcon_core.event_handler.log_command:Invoked command in '/home/ammar/turtlebot3_localization/build/turtlebot3_fake_node' returned '0': CMAKE_PREFIX_PATH=${CMAKE_PREFIX_PATH}:/home/ammar/f110_labs_ws/install/autodrive_nigel:/home/ammar/f110_labs_ws/install/autodrive_f1tenth:/home/ammar/turtlebot3_localization/install/kalman_filter:/home/ammar/sim_ws/install/f1tenth_gym_ros:/home/ammar/ros2_ws/install/my_robot_controller:/opt/ros/humble /usr/bin/cmake --install /home/ammar/turtlebot3_localization/build/turtlebot3_fake_node
[1.543s] Level 1:colcon.colcon_core.environment:checking '/home/ammar/turtlebot3_localization/install/turtlebot3_fake_node' for CMake module files
[1.543s] Level 1:colcon.colcon_core.environment:checking '/home/ammar/turtlebot3_localization/install/turtlebot3_fake_node' for CMake config files
[1.543s] Level 1:colcon.colcon_core.shell:create_environment_hook('turtlebot3_fake_node', 'cmake_prefix_path')
[1.544s] INFO:colcon.colcon_core.shell:Creating environment hook '/home/ammar/turtlebot3_localization/install/turtlebot3_fake_node/share/turtlebot3_fake_node/hook/cmake_prefix_path.ps1'
[1.544s] INFO:colcon.colcon_core.shell:Creating environment descriptor '/home/ammar/turtlebot3_localization/install/turtlebot3_fake_node/share/turtlebot3_fake_node/hook/cmake_prefix_path.dsv'
[1.544s] INFO:colcon.colcon_core.shell:Creating environment hook '/home/ammar/turtlebot3_localization/install/turtlebot3_fake_node/share/turtlebot3_fake_node/hook/cmake_prefix_path.sh'
[1.545s] Level 1:colcon.colcon_core.environment:checking '/home/ammar/turtlebot3_localization/install/turtlebot3_fake_node/lib'
[1.545s] Level 1:colcon.colcon_core.environment:checking '/home/ammar/turtlebot3_localization/install/turtlebot3_fake_node/bin'
[1.545s] Level 1:colcon.colcon_core.environment:checking '/home/ammar/turtlebot3_localization/install/turtlebot3_fake_node/lib/pkgconfig/turtlebot3_fake_node.pc'
[1.545s] Level 1:colcon.colcon_core.environment:checking '/home/ammar/turtlebot3_localization/install/turtlebot3_fake_node/lib/python3.10/site-packages'
[1.545s] Level 1:colcon.colcon_core.environment:checking '/home/ammar/turtlebot3_localization/install/turtlebot3_fake_node/bin'
[1.546s] INFO:colcon.colcon_core.shell:Creating package script '/home/ammar/turtlebot3_localization/install/turtlebot3_fake_node/share/turtlebot3_fake_node/package.ps1'
[1.546s] INFO:colcon.colcon_core.shell:Creating package descriptor '/home/ammar/turtlebot3_localization/install/turtlebot3_fake_node/share/turtlebot3_fake_node/package.dsv'
[1.547s] INFO:colcon.colcon_core.shell:Creating package script '/home/ammar/turtlebot3_localization/install/turtlebot3_fake_node/share/turtlebot3_fake_node/package.sh'
[1.548s] INFO:colcon.colcon_core.shell:Creating package script '/home/ammar/turtlebot3_localization/install/turtlebot3_fake_node/share/turtlebot3_fake_node/package.bash'
[1.548s] INFO:colcon.colcon_core.shell:Creating package script '/home/ammar/turtlebot3_localization/install/turtlebot3_fake_node/share/turtlebot3_fake_node/package.zsh'
[1.549s] Level 1:colcon.colcon_core.environment:create_file_with_runtime_dependencies(/home/ammar/turtlebot3_localization/install/turtlebot3_fake_node/share/colcon-core/packages/turtlebot3_fake_node)
[1.567s] Level 1:colcon.colcon_core.environment:create_environment_scripts_only(turtlebot3_fake_node)
[1.567s] Level 1:colcon.colcon_core.environment:checking '/home/ammar/turtlebot3_localization/install/turtlebot3_fake_node' for CMake module files
[1.567s] Level 1:colcon.colcon_core.environment:checking '/home/ammar/turtlebot3_localization/install/turtlebot3_fake_node' for CMake config files
[1.568s] Level 1:colcon.colcon_core.shell:create_environment_hook('turtlebot3_fake_node', 'cmake_prefix_path')
[1.568s] INFO:colcon.colcon_core.shell:Creating environment hook '/home/ammar/turtlebot3_localization/install/turtlebot3_fake_node/share/turtlebot3_fake_node/hook/cmake_prefix_path.ps1'
[1.568s] INFO:colcon.colcon_core.shell:Creating environment descriptor '/home/ammar/turtlebot3_localization/install/turtlebot3_fake_node/share/turtlebot3_fake_node/hook/cmake_prefix_path.dsv'
[1.569s] INFO:colcon.colcon_core.shell:Creating environment hook '/home/ammar/turtlebot3_localization/install/turtlebot3_fake_node/share/turtlebot3_fake_node/hook/cmake_prefix_path.sh'
[1.569s] Level 1:colcon.colcon_core.environment:checking '/home/ammar/turtlebot3_localization/install/turtlebot3_fake_node/lib'
[1.569s] Level 1:colcon.colcon_core.environment:checking '/home/ammar/turtlebot3_localization/install/turtlebot3_fake_node/bin'
[1.569s] Level 1:colcon.colcon_core.environment:checking '/home/ammar/turtlebot3_localization/install/turtlebot3_fake_node/lib/pkgconfig/turtlebot3_fake_node.pc'
[1.569s] Level 1:colcon.colcon_core.environment:checking '/home/ammar/turtlebot3_localization/install/turtlebot3_fake_node/lib/python3.10/site-packages'
[1.570s] Level 1:colcon.colcon_core.environment:checking '/home/ammar/turtlebot3_localization/install/turtlebot3_fake_node/bin'
[1.570s] INFO:colcon.colcon_core.shell:Creating package script '/home/ammar/turtlebot3_localization/install/turtlebot3_fake_node/share/turtlebot3_fake_node/package.ps1'
[1.570s] INFO:colcon.colcon_core.shell:Creating package descriptor '/home/ammar/turtlebot3_localization/install/turtlebot3_fake_node/share/turtlebot3_fake_node/package.dsv'
[1.571s] INFO:colcon.colcon_core.shell:Creating package script '/home/ammar/turtlebot3_localization/install/turtlebot3_fake_node/share/turtlebot3_fake_node/package.sh'
[1.571s] INFO:colcon.colcon_core.shell:Creating package script '/home/ammar/turtlebot3_localization/install/turtlebot3_fake_node/share/turtlebot3_fake_node/package.bash'
[1.588s] INFO:colcon.colcon_core.shell:Creating package script '/home/ammar/turtlebot3_localization/install/turtlebot3_fake_node/share/turtlebot3_fake_node/package.zsh'
[1.588s] Level 1:colcon.colcon_core.environment:create_file_with_runtime_dependencies(/home/ammar/turtlebot3_localization/install/turtlebot3_fake_node/share/colcon-core/packages/turtlebot3_fake_node)
[1.759s] Level 1:colcon.colcon_core.shell:create_environment_hook('kalman_filter', 'pythonpath_develop')
[1.760s] INFO:colcon.colcon_core.shell:Creating environment hook '/home/ammar/turtlebot3_localization/build/kalman_filter/share/kalman_filter/hook/pythonpath_develop.ps1'
[1.760s] DEBUG:colcon.colcon_core.event_handler.log_command:Invoked command in '/home/ammar/turtlebot3_localization/build/kalman_filter' returned '0': PYTHONPATH=/home/ammar/turtlebot3_localization/build/kalman_filter/prefix_override:/usr/lib/python3/dist-packages/colcon_core/task/python/colcon_distutils_commands:/home/ammar/turtlebot3_localization/install/kalman_filter/lib/python3.10/site-packages:${PYTHONPATH} /usr/bin/python3 -W ignore:setup.py install is deprecated setup.py develop --editable --build-directory /home/ammar/turtlebot3_localization/build/kalman_filter/build --no-deps symlink_data
[1.760s] INFO:colcon.colcon_core.shell:Creating environment descriptor '/home/ammar/turtlebot3_localization/build/kalman_filter/share/kalman_filter/hook/pythonpath_develop.dsv'
[1.761s] INFO:colcon.colcon_core.shell:Creating environment hook '/home/ammar/turtlebot3_localization/build/kalman_filter/share/kalman_filter/hook/pythonpath_develop.sh'
[1.761s] Level 1:colcon.colcon_core.environment:checking '/home/ammar/turtlebot3_localization/install/kalman_filter' for CMake module files
[1.762s] Level 1:colcon.colcon_core.environment:checking '/home/ammar/turtlebot3_localization/install/kalman_filter' for CMake config files
[1.762s] Level 1:colcon.colcon_core.environment:checking '/home/ammar/turtlebot3_localization/install/kalman_filter/lib'
[1.762s] Level 1:colcon.colcon_core.environment:checking '/home/ammar/turtlebot3_localization/install/kalman_filter/bin'
[1.762s] Level 1:colcon.colcon_core.environment:checking '/home/ammar/turtlebot3_localization/install/kalman_filter/lib/pkgconfig/kalman_filter.pc'
[1.763s] Level 1:colcon.colcon_core.environment:checking '/home/ammar/turtlebot3_localization/install/kalman_filter/lib/python3.10/site-packages'
[1.763s] Level 1:colcon.colcon_core.shell:create_environment_hook('kalman_filter', 'pythonpath')
[1.763s] INFO:colcon.colcon_core.shell:Creating environment hook '/home/ammar/turtlebot3_localization/install/kalman_filter/share/kalman_filter/hook/pythonpath.ps1'
[1.763s] INFO:colcon.colcon_core.shell:Creating environment descriptor '/home/ammar/turtlebot3_localization/install/kalman_filter/share/kalman_filter/hook/pythonpath.dsv'
[1.764s] INFO:colcon.colcon_core.shell:Creating environment hook '/home/ammar/turtlebot3_localization/install/kalman_filter/share/kalman_filter/hook/pythonpath.sh'
[1.764s] Level 1:colcon.colcon_core.environment:checking '/home/ammar/turtlebot3_localization/install/kalman_filter/bin'
[1.764s] Level 1:colcon.colcon_core.environment:create_environment_scripts_only(kalman_filter)
[1.764s] INFO:colcon.colcon_core.shell:Creating package script '/home/ammar/turtlebot3_localization/install/kalman_filter/share/kalman_filter/package.ps1'
[1.765s] INFO:colcon.colcon_core.shell:Creating package descriptor '/home/ammar/turtlebot3_localization/install/kalman_filter/share/kalman_filter/package.dsv'
[1.765s] INFO:colcon.colcon_core.shell:Creating package script '/home/ammar/turtlebot3_localization/install/kalman_filter/share/kalman_filter/package.sh'
[1.765s] INFO:colcon.colcon_core.shell:Creating package script '/home/ammar/turtlebot3_localization/install/kalman_filter/share/kalman_filter/package.bash'
[1.766s] INFO:colcon.colcon_core.shell:Creating package script '/home/ammar/turtlebot3_localization/install/kalman_filter/share/kalman_filter/package.zsh'
[1.766s] Level 1:colcon.colcon_core.environment:create_file_with_runtime_dependencies(/home/ammar/turtlebot3_localization/install/kalman_filter/share/colcon-core/packages/kalman_filter)
[1.843s] DEBUG:colcon.colcon_core.event_handler.log_command:Invoked command in '/home/ammar/turtlebot3_localization/build/turtlebot3_gazebo' returned '0': CMAKE_PREFIX_PATH=${CMAKE_PREFIX_PATH}:/home/ammar/f110_labs_ws/install/autodrive_nigel:/home/ammar/f110_labs_ws/install/autodrive_f1tenth:/home/ammar/turtlebot3_localization/install/kalman_filter:/home/ammar/sim_ws/install/f1tenth_gym_ros:/home/ammar/ros2_ws/install/my_robot_controller:/opt/ros/humble /usr/bin/cmake --build /home/ammar/turtlebot3_localization/build/turtlebot3_gazebo -- -j12 -l12
[1.866s] DEBUG:colcon.colcon_core.event_handler.log_command:Invoking command in '/home/ammar/turtlebot3_localization/build/turtlebot3_gazebo': CMAKE_PREFIX_PATH=${CMAKE_PREFIX_PATH}:/home/ammar/f110_labs_ws/install/autodrive_nigel:/home/ammar/f110_labs_ws/install/autodrive_f1tenth:/home/ammar/turtlebot3_localization/install/kalman_filter:/home/ammar/sim_ws/install/f1tenth_gym_ros:/home/ammar/ros2_ws/install/my_robot_controller:/opt/ros/humble /usr/bin/cmake --install /home/ammar/turtlebot3_localization/build/turtlebot3_gazebo
[1.888s] Level 1:colcon.colcon_core.environment:create_environment_scripts_only(turtlebot3_gazebo)
[1.888s] Level 1:colcon.colcon_core.environment:checking '/home/ammar/turtlebot3_localization/install/turtlebot3_gazebo' for CMake module files
[1.888s] DEBUG:colcon.colcon_core.event_handler.log_command:Invoked command in '/home/ammar/turtlebot3_localization/build/turtlebot3_gazebo' returned '0': CMAKE_PREFIX_PATH=${CMAKE_PREFIX_PATH}:/home/ammar/f110_labs_ws/install/autodrive_nigel:/home/ammar/f110_labs_ws/install/autodrive_f1tenth:/home/ammar/turtlebot3_localization/install/kalman_filter:/home/ammar/sim_ws/install/f1tenth_gym_ros:/home/ammar/ros2_ws/install/my_robot_controller:/opt/ros/humble /usr/bin/cmake --install /home/ammar/turtlebot3_localization/build/turtlebot3_gazebo
[1.889s] Level 1:colcon.colcon_core.environment:checking '/home/ammar/turtlebot3_localization/install/turtlebot3_gazebo' for CMake config files
[1.889s] Level 1:colcon.colcon_core.shell:create_environment_hook('turtlebot3_gazebo', 'cmake_prefix_path')
[1.890s] INFO:colcon.colcon_core.shell:Creating environment hook '/home/ammar/turtlebot3_localization/install/turtlebot3_gazebo/share/turtlebot3_gazebo/hook/cmake_prefix_path.ps1'
[1.890s] INFO:colcon.colcon_core.shell:Creating environment descriptor '/home/ammar/turtlebot3_localization/install/turtlebot3_gazebo/share/turtlebot3_gazebo/hook/cmake_prefix_path.dsv'
[1.890s] INFO:colcon.colcon_core.shell:Creating environment hook '/home/ammar/turtlebot3_localization/install/turtlebot3_gazebo/share/turtlebot3_gazebo/hook/cmake_prefix_path.sh'
[1.891s] Level 1:colcon.colcon_core.environment:checking '/home/ammar/turtlebot3_localization/install/turtlebot3_gazebo/lib'
[1.891s] Level 1:colcon.colcon_core.environment:checking '/home/ammar/turtlebot3_localization/install/turtlebot3_gazebo/bin'
[1.891s] Level 1:colcon.colcon_core.environment:checking '/home/ammar/turtlebot3_localization/install/turtlebot3_gazebo/lib/pkgconfig/turtlebot3_gazebo.pc'
[1.891s] Level 1:colcon.colcon_core.environment:checking '/home/ammar/turtlebot3_localization/install/turtlebot3_gazebo/lib/python3.10/site-packages'
[1.891s] Level 1:colcon.colcon_core.environment:checking '/home/ammar/turtlebot3_localization/install/turtlebot3_gazebo/bin'
[1.891s] INFO:colcon.colcon_core.shell:Creating package script '/home/ammar/turtlebot3_localization/install/turtlebot3_gazebo/share/turtlebot3_gazebo/package.ps1'
[1.892s] INFO:colcon.colcon_core.shell:Creating package descriptor '/home/ammar/turtlebot3_localization/install/turtlebot3_gazebo/share/turtlebot3_gazebo/package.dsv'
[1.892s] INFO:colcon.colcon_core.shell:Creating package script '/home/ammar/turtlebot3_localization/install/turtlebot3_gazebo/share/turtlebot3_gazebo/package.sh'
[1.892s] INFO:colcon.colcon_core.shell:Creating package script '/home/ammar/turtlebot3_localization/install/turtlebot3_gazebo/share/turtlebot3_gazebo/package.bash'
[1.892s] INFO:colcon.colcon_core.shell:Creating package script '/home/ammar/turtlebot3_localization/install/turtlebot3_gazebo/share/turtlebot3_gazebo/package.zsh'
[1.893s] Level 1:colcon.colcon_core.environment:create_file_with_runtime_dependencies(/home/ammar/turtlebot3_localization/install/turtlebot3_gazebo/share/colcon-core/packages/turtlebot3_gazebo)
[1.915s] Level 1:colcon.colcon_core.environment:create_environment_scripts_only(turtlebot3_gazebo)
[1.915s] Level 1:colcon.colcon_core.environment:checking '/home/ammar/turtlebot3_localization/install/turtlebot3_gazebo' for CMake module files
[1.916s] Level 1:colcon.colcon_core.environment:checking '/home/ammar/turtlebot3_localization/install/turtlebot3_gazebo' for CMake config files
[1.916s] Level 1:colcon.colcon_core.shell:create_environment_hook('turtlebot3_gazebo', 'cmake_prefix_path')
[1.916s] INFO:colcon.colcon_core.shell:Creating environment hook '/home/ammar/turtlebot3_localization/install/turtlebot3_gazebo/share/turtlebot3_gazebo/hook/cmake_prefix_path.ps1'
[1.917s] INFO:colcon.colcon_core.shell:Creating environment descriptor '/home/ammar/turtlebot3_localization/install/turtlebot3_gazebo/share/turtlebot3_gazebo/hook/cmake_prefix_path.dsv'
[1.917s] INFO:colcon.colcon_core.shell:Creating environment hook '/home/ammar/turtlebot3_localization/install/turtlebot3_gazebo/share/turtlebot3_gazebo/hook/cmake_prefix_path.sh'
[1.917s] Level 1:colcon.colcon_core.environment:checking '/home/ammar/turtlebot3_localization/install/turtlebot3_gazebo/lib'
[1.918s] Level 1:colcon.colcon_core.environment:checking '/home/ammar/turtlebot3_localization/install/turtlebot3_gazebo/bin'
[1.918s] Level 1:colcon.colcon_core.environment:checking '/home/ammar/turtlebot3_localization/install/turtlebot3_gazebo/lib/pkgconfig/turtlebot3_gazebo.pc'
[1.918s] Level 1:colcon.colcon_core.environment:checking '/home/ammar/turtlebot3_localization/install/turtlebot3_gazebo/lib/python3.10/site-packages'
[1.918s] Level 1:colcon.colcon_core.environment:checking '/home/ammar/turtlebot3_localization/install/turtlebot3_gazebo/bin'
[1.918s] INFO:colcon.colcon_core.shell:Creating package script '/home/ammar/turtlebot3_localization/install/turtlebot3_gazebo/share/turtlebot3_gazebo/package.ps1'
[1.918s] INFO:colcon.colcon_core.shell:Creating package descriptor '/home/ammar/turtlebot3_localization/install/turtlebot3_gazebo/share/turtlebot3_gazebo/package.dsv'
[1.919s] INFO:colcon.colcon_core.shell:Creating package script '/home/ammar/turtlebot3_localization/install/turtlebot3_gazebo/share/turtlebot3_gazebo/package.sh'
[1.919s] INFO:colcon.colcon_core.shell:Creating package script '/home/ammar/turtlebot3_localization/install/turtlebot3_gazebo/share/turtlebot3_gazebo/package.bash'
[1.919s] INFO:colcon.colcon_core.shell:Creating package script '/home/ammar/turtlebot3_localization/install/turtlebot3_gazebo/share/turtlebot3_gazebo/package.zsh'
[1.920s] Level 1:colcon.colcon_core.environment:create_file_with_runtime_dependencies(/home/ammar/turtlebot3_localization/install/turtlebot3_gazebo/share/colcon-core/packages/turtlebot3_gazebo)
[1.920s] INFO:colcon.colcon_ros.task.ament_cmake.build:Building ROS package in '/home/ammar/turtlebot3_localization/src/turtlebot3_simulations/turtlebot3_simulations' with build type 'ament_cmake'
[1.920s] INFO:colcon.colcon_cmake.task.cmake.build:Building CMake package in '/home/ammar/turtlebot3_localization/src/turtlebot3_simulations/turtlebot3_simulations'
[1.920s] INFO:colcon.colcon_core.shell:Skip shell extension 'powershell' for command environment: Not usable outside of PowerShell
[1.920s] DEBUG:colcon.colcon_core.shell:Skip shell extension 'dsv' for command environment
[1.957s] DEBUG:colcon.colcon_core.event_handler.log_command:Invoking command in '/home/ammar/turtlebot3_localization/build/turtlebot3_simulations': CMAKE_PREFIX_PATH=/home/ammar/turtlebot3_localization/install/turtlebot3_gazebo:/home/ammar/turtlebot3_localization/install/turtlebot3_fake_node:/home/ammar/f110_labs_ws/install/lab1_pkg:/home/ammar/f1tenth_lab5_template/install/lab5_pkg:/home/ammar/turtlebot3_localization/install/turtlebot3_simulations:/home/ammar/ros2_ws/install/my_robot_bringup:/home/ammar/f110_labs_ws/install/autodrive_nigel:/home/ammar/f110_labs_ws/install/autodrive_f1tenth:/home/ammar/turtlebot3_localization/install/kalman_filter:/home/ammar/sim_ws/install/f1tenth_gym_ros:/home/ammar/ros2_ws/install/my_robot_controller:/opt/ros/humble /usr/bin/cmake --build /home/ammar/turtlebot3_localization/build/turtlebot3_simulations -- -j12 -l12
[2.307s] DEBUG:colcon.colcon_core.event_handler.log_command:Invoked command in '/home/ammar/turtlebot3_localization/build/turtlebot3_simulations' returned '0': CMAKE_PREFIX_PATH=/home/ammar/turtlebot3_localization/install/turtlebot3_gazebo:/home/ammar/turtlebot3_localization/install/turtlebot3_fake_node:/home/ammar/f110_labs_ws/install/lab1_pkg:/home/ammar/f1tenth_lab5_template/install/lab5_pkg:/home/ammar/turtlebot3_localization/install/turtlebot3_simulations:/home/ammar/ros2_ws/install/my_robot_bringup:/home/ammar/f110_labs_ws/install/autodrive_nigel:/home/ammar/f110_labs_ws/install/autodrive_f1tenth:/home/ammar/turtlebot3_localization/install/kalman_filter:/home/ammar/sim_ws/install/f1tenth_gym_ros:/home/ammar/ros2_ws/install/my_robot_controller:/opt/ros/humble /usr/bin/cmake --build /home/ammar/turtlebot3_localization/build/turtlebot3_simulations -- -j12 -l12
[2.322s] DEBUG:colcon.colcon_core.event_handler.log_command:Invoking command in '/home/ammar/turtlebot3_localization/build/turtlebot3_simulations': CMAKE_PREFIX_PATH=/home/ammar/turtlebot3_localization/install/turtlebot3_gazebo:/home/ammar/turtlebot3_localization/install/turtlebot3_fake_node:/home/ammar/f110_labs_ws/install/lab1_pkg:/home/ammar/f1tenth_lab5_template/install/lab5_pkg:/home/ammar/turtlebot3_localization/install/turtlebot3_simulations:/home/ammar/ros2_ws/install/my_robot_bringup:/home/ammar/f110_labs_ws/install/autodrive_nigel:/home/ammar/f110_labs_ws/install/autodrive_f1tenth:/home/ammar/turtlebot3_localization/install/kalman_filter:/home/ammar/sim_ws/install/f1tenth_gym_ros:/home/ammar/ros2_ws/install/my_robot_controller:/opt/ros/humble /usr/bin/cmake --install /home/ammar/turtlebot3_localization/build/turtlebot3_simulations
[2.336s] Level 1:colcon.colcon_core.environment:create_environment_scripts_only(turtlebot3_simulations)
[2.337s] Level 1:colcon.colcon_core.environment:checking '/home/ammar/turtlebot3_localization/install/turtlebot3_simulations' for CMake module files
[2.337s] DEBUG:colcon.colcon_core.event_handler.log_command:Invoked command in '/home/ammar/turtlebot3_localization/build/turtlebot3_simulations' returned '0': CMAKE_PREFIX_PATH=/home/ammar/turtlebot3_localization/install/turtlebot3_gazebo:/home/ammar/turtlebot3_localization/install/turtlebot3_fake_node:/home/ammar/f110_labs_ws/install/lab1_pkg:/home/ammar/f1tenth_lab5_template/install/lab5_pkg:/home/ammar/turtlebot3_localization/install/turtlebot3_simulations:/home/ammar/ros2_ws/install/my_robot_bringup:/home/ammar/f110_labs_ws/install/autodrive_nigel:/home/ammar/f110_labs_ws/install/autodrive_f1tenth:/home/ammar/turtlebot3_localization/install/kalman_filter:/home/ammar/sim_ws/install/f1tenth_gym_ros:/home/ammar/ros2_ws/install/my_robot_controller:/opt/ros/humble /usr/bin/cmake --install /home/ammar/turtlebot3_localization/build/turtlebot3_simulations
[2.337s] Level 1:colcon.colcon_core.environment:checking '/home/ammar/turtlebot3_localization/install/turtlebot3_simulations' for CMake config files
[2.337s] Level 1:colcon.colcon_core.shell:create_environment_hook('turtlebot3_simulations', 'cmake_prefix_path')
[2.338s] INFO:colcon.colcon_core.shell:Creating environment hook '/home/ammar/turtlebot3_localization/install/turtlebot3_simulations/share/turtlebot3_simulations/hook/cmake_prefix_path.ps1'
[2.338s] INFO:colcon.colcon_core.shell:Creating environment descriptor '/home/ammar/turtlebot3_localization/install/turtlebot3_simulations/share/turtlebot3_simulations/hook/cmake_prefix_path.dsv'
[2.338s] INFO:colcon.colcon_core.shell:Creating environment hook '/home/ammar/turtlebot3_localization/install/turtlebot3_simulations/share/turtlebot3_simulations/hook/cmake_prefix_path.sh'
[2.339s] Level 1:colcon.colcon_core.environment:checking '/home/ammar/turtlebot3_localization/install/turtlebot3_simulations/bin'
[2.339s] Level 1:colcon.colcon_core.environment:checking '/home/ammar/turtlebot3_localization/install/turtlebot3_simulations/lib/pkgconfig/turtlebot3_simulations.pc'
[2.339s] Level 1:colcon.colcon_core.environment:checking '/home/ammar/turtlebot3_localization/install/turtlebot3_simulations/lib/python3.10/site-packages'
[2.339s] Level 1:colcon.colcon_core.environment:checking '/home/ammar/turtlebot3_localization/install/turtlebot3_simulations/bin'
[2.339s] INFO:colcon.colcon_core.shell:Creating package script '/home/ammar/turtlebot3_localization/install/turtlebot3_simulations/share/turtlebot3_simulations/package.ps1'
[2.340s] INFO:colcon.colcon_core.shell:Creating package descriptor '/home/ammar/turtlebot3_localization/install/turtlebot3_simulations/share/turtlebot3_simulations/package.dsv'
[2.340s] INFO:colcon.colcon_core.shell:Creating package script '/home/ammar/turtlebot3_localization/install/turtlebot3_simulations/share/turtlebot3_simulations/package.sh'
[2.340s] INFO:colcon.colcon_core.shell:Creating package script '/home/ammar/turtlebot3_localization/install/turtlebot3_simulations/share/turtlebot3_simulations/package.bash'
[2.341s] INFO:colcon.colcon_core.shell:Creating package script '/home/ammar/turtlebot3_localization/install/turtlebot3_simulations/share/turtlebot3_simulations/package.zsh'
[2.341s] Level 1:colcon.colcon_core.environment:create_file_with_runtime_dependencies(/home/ammar/turtlebot3_localization/install/turtlebot3_simulations/share/colcon-core/packages/turtlebot3_simulations)
[2.355s] Level 1:colcon.colcon_core.environment:create_environment_scripts_only(turtlebot3_simulations)
[2.355s] Level 1:colcon.colcon_core.environment:checking '/home/ammar/turtlebot3_localization/install/turtlebot3_simulations' for CMake module files
[2.356s] Level 1:colcon.colcon_core.environment:checking '/home/ammar/turtlebot3_localization/install/turtlebot3_simulations' for CMake config files
[2.356s] Level 1:colcon.colcon_core.shell:create_environment_hook('turtlebot3_simulations', 'cmake_prefix_path')
[2.356s] INFO:colcon.colcon_core.shell:Creating environment hook '/home/ammar/turtlebot3_localization/install/turtlebot3_simulations/share/turtlebot3_simulations/hook/cmake_prefix_path.ps1'
[2.356s] INFO:colcon.colcon_core.shell:Creating environment descriptor '/home/ammar/turtlebot3_localization/install/turtlebot3_simulations/share/turtlebot3_simulations/hook/cmake_prefix_path.dsv'
[2.357s] INFO:colcon.colcon_core.shell:Creating environment hook '/home/ammar/turtlebot3_localization/install/turtlebot3_simulations/share/turtlebot3_simulations/hook/cmake_prefix_path.sh'
[2.357s] Level 1:colcon.colcon_core.environment:checking '/home/ammar/turtlebot3_localization/install/turtlebot3_simulations/bin'
[2.357s] Level 1:colcon.colcon_core.environment:checking '/home/ammar/turtlebot3_localization/install/turtlebot3_simulations/lib/pkgconfig/turtlebot3_simulations.pc'
[2.357s] Level 1:colcon.colcon_core.environment:checking '/home/ammar/turtlebot3_localization/install/turtlebot3_simulations/lib/python3.10/site-packages'
[2.357s] Level 1:colcon.colcon_core.environment:checking '/home/ammar/turtlebot3_localization/install/turtlebot3_simulations/bin'
[2.358s] INFO:colcon.colcon_core.shell:Creating package script '/home/ammar/turtlebot3_localization/install/turtlebot3_simulations/share/turtlebot3_simulations/package.ps1'
[2.358s] INFO:colcon.colcon_core.shell:Creating package descriptor '/home/ammar/turtlebot3_localization/install/turtlebot3_simulations/share/turtlebot3_simulations/package.dsv'
[2.358s] INFO:colcon.colcon_core.shell:Creating package script '/home/ammar/turtlebot3_localization/install/turtlebot3_simulations/share/turtlebot3_simulations/package.sh'
[2.359s] INFO:colcon.colcon_core.shell:Creating package script '/home/ammar/turtlebot3_localization/install/turtlebot3_simulations/share/turtlebot3_simulations/package.bash'
[2.359s] INFO:colcon.colcon_core.shell:Creating package script '/home/ammar/turtlebot3_localization/install/turtlebot3_simulations/share/turtlebot3_simulations/package.zsh'
[2.359s] Level 1:colcon.colcon_core.environment:create_file_with_runtime_dependencies(/home/ammar/turtlebot3_localization/install/turtlebot3_simulations/share/colcon-core/packages/turtlebot3_simulations)
[2.360s] DEBUG:colcon.colcon_parallel_executor.executor.parallel:closing loop
[2.360s] DEBUG:colcon.colcon_parallel_executor.executor.parallel:loop closed
[2.360s] DEBUG:colcon.colcon_parallel_executor.executor.parallel:run_until_complete finished with '0'
[2.360s] DEBUG:colcon.colcon_core.event_reactor:joining thread
[2.364s] INFO:colcon.colcon_core.plugin_system:Skipping extension 'colcon_notification.desktop_notification.terminal_notifier': Not used on non-Darwin systems
[2.364s] INFO:colcon.colcon_core.plugin_system:Skipping extension 'colcon_notification.desktop_notification.win32': Not used on non-Windows systems
[2.364s] INFO:colcon.colcon_notification.desktop_notification:Sending desktop notification using 'notify2'
[2.373s] DEBUG:colcon.colcon_core.event_reactor:joined thread
[2.374s] INFO:colcon.colcon_core.shell:Creating prefix script '/home/ammar/turtlebot3_localization/install/local_setup.ps1'
[2.374s] INFO:colcon.colcon_core.shell:Creating prefix util module '/home/ammar/turtlebot3_localization/install/_local_setup_util_ps1.py'
[2.375s] INFO:colcon.colcon_core.shell:Creating prefix chain script '/home/ammar/turtlebot3_localization/install/setup.ps1'
[2.377s] INFO:colcon.colcon_core.shell:Creating prefix script '/home/ammar/turtlebot3_localization/install/local_setup.sh'
[2.377s] INFO:colcon.colcon_core.shell:Creating prefix util module '/home/ammar/turtlebot3_localization/install/_local_setup_util_sh.py'
[2.377s] INFO:colcon.colcon_core.shell:Creating prefix chain script '/home/ammar/turtlebot3_localization/install/setup.sh'
[2.379s] INFO:colcon.colcon_core.shell:Creating prefix script '/home/ammar/turtlebot3_localization/install/local_setup.bash'
[2.379s] INFO:colcon.colcon_core.shell:Creating prefix chain script '/home/ammar/turtlebot3_localization/install/setup.bash'
[2.380s] INFO:colcon.colcon_core.shell:Creating prefix script '/home/ammar/turtlebot3_localization/install/local_setup.zsh'
[2.381s] INFO:colcon.colcon_core.shell:Creating prefix chain script '/home/ammar/turtlebot3_localization/install/setup.zsh'
