[0.114s] DEBUG:colcon:Command line arguments: ['/usr/bin/colcon', 'build', '--symlink-install']
[0.114s] DEBUG:colcon:Parsed command line arguments: Namespace(log_base=None, log_level=None, verb_name='build', build_base='build', install_base='install', merge_install=False, symlink_install=True, test_result_base=None, continue_on_error=False, executor='parallel', parallel_workers=12, event_handlers=None, ignore_user_meta=False, metas=['./colcon.meta'], base_paths=['.'], packages_ignore=None, packages_ignore_regex=None, paths=None, packages_up_to=None, packages_up_to_regex=None, packages_above=None, packages_above_and_dependencies=None, packages_above_depth=None, packages_select_by_dep=None, packages_skip_by_dep=None, packages_skip_up_to=None, packages_select_build_failed=False, packages_skip_build_finished=False, packages_select_test_failures=False, packages_skip_test_passed=False, packages_select=None, packages_skip=None, packages_select_regex=None, packages_skip_regex=None, packages_start=None, packages_end=None, allow_overriding=[], cmake_args=None, cmake_target=None, cmake_target_skip_unavailable=False, cmake_clean_cache=False, cmake_clean_first=False, cmake_force_configure=False, ament_cmake_args=None, catkin_cmake_args=None, catkin_skip_building_tests=False, mixin_files=None, mixin=None, verb_parser=<colcon_mixin.mixin.mixin_argument.MixinArgumentDecorator object at 0x7d714f56a3e0>, verb_extension=<colcon_core.verb.build.BuildVerb object at 0x7d714f569e70>, main=<bound method BuildVerb.main of <colcon_core.verb.build.BuildVerb object at 0x7d714f569e70>>, mixin_verb=('build',))
[0.447s] Level 1:colcon.colcon_core.package_discovery:discover_packages(colcon_meta) check parameters
[0.447s] Level 1:colcon.colcon_core.package_discovery:discover_packages(recursive) check parameters
[0.447s] Level 1:colcon.colcon_core.package_discovery:discover_packages(ignore) check parameters
[0.447s] Level 1:colcon.colcon_core.package_discovery:discover_packages(path) check parameters
[0.447s] Level 1:colcon.colcon_core.package_discovery:discover_packages(colcon_meta) discover
[0.447s] Level 1:colcon.colcon_core.package_discovery:discover_packages(recursive) discover
[0.447s] INFO:colcon.colcon_core.package_discovery:Crawling recursively for packages in '/home/ammar/turtlebot3_localization'
[0.447s] Level 1:colcon.colcon_core.package_identification:_identify(.) by extensions ['ignore', 'ignore_ament_install']
[0.447s] Level 1:colcon.colcon_core.package_identification:_identify(.) by extension 'ignore'
[0.447s] Level 1:colcon.colcon_core.package_identification:_identify(.) by extension 'ignore_ament_install'
[0.447s] Level 1:colcon.colcon_core.package_identification:_identify(.) by extensions ['colcon_pkg']
[0.447s] Level 1:colcon.colcon_core.package_identification:_identify(.) by extension 'colcon_pkg'
[0.447s] Level 1:colcon.colcon_core.package_identification:_identify(.) by extensions ['colcon_meta']
[0.447s] Level 1:colcon.colcon_core.package_identification:_identify(.) by extension 'colcon_meta'
[0.447s] Level 1:colcon.colcon_core.package_identification:_identify(.) by extensions ['ros']
[0.447s] Level 1:colcon.colcon_core.package_identification:_identify(.) by extension 'ros'
[0.458s] Level 1:colcon.colcon_core.package_identification:_identify(.) by extensions ['cmake', 'python']
[0.458s] Level 1:colcon.colcon_core.package_identification:_identify(.) by extension 'cmake'
[0.458s] Level 1:colcon.colcon_core.package_identification:_identify(.) by extension 'python'
[0.458s] Level 1:colcon.colcon_core.package_identification:_identify(.) by extensions ['python_setup_py']
[0.458s] Level 1:colcon.colcon_core.package_identification:_identify(.) by extension 'python_setup_py'
[0.458s] Level 1:colcon.colcon_core.package_identification:_identify(build) by extensions ['ignore', 'ignore_ament_install']
[0.458s] Level 1:colcon.colcon_core.package_identification:_identify(build) by extension 'ignore'
[0.459s] Level 1:colcon.colcon_core.package_identification:_identify(build) ignored
[0.459s] Level 1:colcon.colcon_core.package_identification:_identify(install) by extensions ['ignore', 'ignore_ament_install']
[0.459s] Level 1:colcon.colcon_core.package_identification:_identify(install) by extension 'ignore'
[0.459s] Level 1:colcon.colcon_core.package_identification:_identify(install) ignored
[0.459s] Level 1:colcon.colcon_core.package_identification:_identify(log) by extensions ['ignore', 'ignore_ament_install']
[0.459s] Level 1:colcon.colcon_core.package_identification:_identify(log) by extension 'ignore'
[0.459s] Level 1:colcon.colcon_core.package_identification:_identify(log) ignored
[0.459s] Level 1:colcon.colcon_core.package_identification:_identify(src) by extensions ['ignore', 'ignore_ament_install']
[0.459s] Level 1:colcon.colcon_core.package_identification:_identify(src) by extension 'ignore'
[0.459s] Level 1:colcon.colcon_core.package_identification:_identify(src) by extension 'ignore_ament_install'
[0.460s] Level 1:colcon.colcon_core.package_identification:_identify(src) by extensions ['colcon_pkg']
[0.460s] Level 1:colcon.colcon_core.package_identification:_identify(src) by extension 'colcon_pkg'
[0.460s] Level 1:colcon.colcon_core.package_identification:_identify(src) by extensions ['colcon_meta']
[0.460s] Level 1:colcon.colcon_core.package_identification:_identify(src) by extension 'colcon_meta'
[0.460s] Level 1:colcon.colcon_core.package_identification:_identify(src) by extensions ['ros']
[0.460s] Level 1:colcon.colcon_core.package_identification:_identify(src) by extension 'ros'
[0.460s] Level 1:colcon.colcon_core.package_identification:_identify(src) by extensions ['cmake', 'python']
[0.460s] Level 1:colcon.colcon_core.package_identification:_identify(src) by extension 'cmake'
[0.460s] Level 1:colcon.colcon_core.package_identification:_identify(src) by extension 'python'
[0.460s] Level 1:colcon.colcon_core.package_identification:_identify(src) by extensions ['python_setup_py']
[0.460s] Level 1:colcon.colcon_core.package_identification:_identify(src) by extension 'python_setup_py'
[0.460s] Level 1:colcon.colcon_core.package_identification:_identify(src/kalman_filter) by extensions ['ignore', 'ignore_ament_install']
[0.460s] Level 1:colcon.colcon_core.package_identification:_identify(src/kalman_filter) by extension 'ignore'
[0.460s] Level 1:colcon.colcon_core.package_identification:_identify(src/kalman_filter) by extension 'ignore_ament_install'
[0.460s] Level 1:colcon.colcon_core.package_identification:_identify(src/kalman_filter) by extensions ['colcon_pkg']
[0.460s] Level 1:colcon.colcon_core.package_identification:_identify(src/kalman_filter) by extension 'colcon_pkg'
[0.460s] Level 1:colcon.colcon_core.package_identification:_identify(src/kalman_filter) by extensions ['colcon_meta']
[0.460s] Level 1:colcon.colcon_core.package_identification:_identify(src/kalman_filter) by extension 'colcon_meta'
[0.460s] Level 1:colcon.colcon_core.package_identification:_identify(src/kalman_filter) by extensions ['ros']
[0.460s] Level 1:colcon.colcon_core.package_identification:_identify(src/kalman_filter) by extension 'ros'
[0.463s] DEBUG:colcon.colcon_core.package_identification:Package 'src/kalman_filter' with type 'ros.ament_python' and name 'kalman_filter'
[0.463s] Level 1:colcon.colcon_core.package_identification:_identify(src/turtlebot3_simulations) by extensions ['ignore', 'ignore_ament_install']
[0.463s] Level 1:colcon.colcon_core.package_identification:_identify(src/turtlebot3_simulations) by extension 'ignore'
[0.463s] Level 1:colcon.colcon_core.package_identification:_identify(src/turtlebot3_simulations) by extension 'ignore_ament_install'
[0.463s] Level 1:colcon.colcon_core.package_identification:_identify(src/turtlebot3_simulations) by extensions ['colcon_pkg']
[0.463s] Level 1:colcon.colcon_core.package_identification:_identify(src/turtlebot3_simulations) by extension 'colcon_pkg'
[0.463s] Level 1:colcon.colcon_core.package_identification:_identify(src/turtlebot3_simulations) by extensions ['colcon_meta']
[0.463s] Level 1:colcon.colcon_core.package_identification:_identify(src/turtlebot3_simulations) by extension 'colcon_meta'
[0.463s] Level 1:colcon.colcon_core.package_identification:_identify(src/turtlebot3_simulations) by extensions ['ros']
[0.463s] Level 1:colcon.colcon_core.package_identification:_identify(src/turtlebot3_simulations) by extension 'ros'
[0.463s] Level 1:colcon.colcon_core.package_identification:_identify(src/turtlebot3_simulations) by extensions ['cmake', 'python']
[0.463s] Level 1:colcon.colcon_core.package_identification:_identify(src/turtlebot3_simulations) by extension 'cmake'
[0.463s] Level 1:colcon.colcon_core.package_identification:_identify(src/turtlebot3_simulations) by extension 'python'
[0.463s] Level 1:colcon.colcon_core.package_identification:_identify(src/turtlebot3_simulations) by extensions ['python_setup_py']
[0.463s] Level 1:colcon.colcon_core.package_identification:_identify(src/turtlebot3_simulations) by extension 'python_setup_py'
[0.463s] Level 1:colcon.colcon_core.package_identification:_identify(src/turtlebot3_simulations/turtlebot3_fake_node) by extensions ['ignore', 'ignore_ament_install']
[0.463s] Level 1:colcon.colcon_core.package_identification:_identify(src/turtlebot3_simulations/turtlebot3_fake_node) by extension 'ignore'
[0.464s] Level 1:colcon.colcon_core.package_identification:_identify(src/turtlebot3_simulations/turtlebot3_fake_node) by extension 'ignore_ament_install'
[0.464s] Level 1:colcon.colcon_core.package_identification:_identify(src/turtlebot3_simulations/turtlebot3_fake_node) by extensions ['colcon_pkg']
[0.464s] Level 1:colcon.colcon_core.package_identification:_identify(src/turtlebot3_simulations/turtlebot3_fake_node) by extension 'colcon_pkg'
[0.464s] Level 1:colcon.colcon_core.package_identification:_identify(src/turtlebot3_simulations/turtlebot3_fake_node) by extensions ['colcon_meta']
[0.464s] Level 1:colcon.colcon_core.package_identification:_identify(src/turtlebot3_simulations/turtlebot3_fake_node) by extension 'colcon_meta'
[0.464s] Level 1:colcon.colcon_core.package_identification:_identify(src/turtlebot3_simulations/turtlebot3_fake_node) by extensions ['ros']
[0.464s] Level 1:colcon.colcon_core.package_identification:_identify(src/turtlebot3_simulations/turtlebot3_fake_node) by extension 'ros'
[0.465s] DEBUG:colcon.colcon_core.package_identification:Package 'src/turtlebot3_simulations/turtlebot3_fake_node' with type 'ros.ament_cmake' and name 'turtlebot3_fake_node'
[0.465s] Level 1:colcon.colcon_core.package_identification:_identify(src/turtlebot3_simulations/turtlebot3_gazebo) by extensions ['ignore', 'ignore_ament_install']
[0.465s] Level 1:colcon.colcon_core.package_identification:_identify(src/turtlebot3_simulations/turtlebot3_gazebo) by extension 'ignore'
[0.465s] Level 1:colcon.colcon_core.package_identification:_identify(src/turtlebot3_simulations/turtlebot3_gazebo) by extension 'ignore_ament_install'
[0.465s] Level 1:colcon.colcon_core.package_identification:_identify(src/turtlebot3_simulations/turtlebot3_gazebo) by extensions ['colcon_pkg']
[0.465s] Level 1:colcon.colcon_core.package_identification:_identify(src/turtlebot3_simulations/turtlebot3_gazebo) by extension 'colcon_pkg'
[0.465s] Level 1:colcon.colcon_core.package_identification:_identify(src/turtlebot3_simulations/turtlebot3_gazebo) by extensions ['colcon_meta']
[0.465s] Level 1:colcon.colcon_core.package_identification:_identify(src/turtlebot3_simulations/turtlebot3_gazebo) by extension 'colcon_meta'
[0.465s] Level 1:colcon.colcon_core.package_identification:_identify(src/turtlebot3_simulations/turtlebot3_gazebo) by extensions ['ros']
[0.465s] Level 1:colcon.colcon_core.package_identification:_identify(src/turtlebot3_simulations/turtlebot3_gazebo) by extension 'ros'
[0.466s] DEBUG:colcon.colcon_core.package_identification:Package 'src/turtlebot3_simulations/turtlebot3_gazebo' with type 'ros.ament_cmake' and name 'turtlebot3_gazebo'
[0.466s] Level 1:colcon.colcon_core.package_identification:_identify(src/turtlebot3_simulations/turtlebot3_simulations) by extensions ['ignore', 'ignore_ament_install']
[0.466s] Level 1:colcon.colcon_core.package_identification:_identify(src/turtlebot3_simulations/turtlebot3_simulations) by extension 'ignore'
[0.466s] Level 1:colcon.colcon_core.package_identification:_identify(src/turtlebot3_simulations/turtlebot3_simulations) by extension 'ignore_ament_install'
[0.466s] Level 1:colcon.colcon_core.package_identification:_identify(src/turtlebot3_simulations/turtlebot3_simulations) by extensions ['colcon_pkg']
[0.467s] Level 1:colcon.colcon_core.package_identification:_identify(src/turtlebot3_simulations/turtlebot3_simulations) by extension 'colcon_pkg'
[0.467s] Level 1:colcon.colcon_core.package_identification:_identify(src/turtlebot3_simulations/turtlebot3_simulations) by extensions ['colcon_meta']
[0.467s] Level 1:colcon.colcon_core.package_identification:_identify(src/turtlebot3_simulations/turtlebot3_simulations) by extension 'colcon_meta'
[0.467s] Level 1:colcon.colcon_core.package_identification:_identify(src/turtlebot3_simulations/turtlebot3_simulations) by extensions ['ros']
[0.467s] Level 1:colcon.colcon_core.package_identification:_identify(src/turtlebot3_simulations/turtlebot3_simulations) by extension 'ros'
[0.467s] DEBUG:colcon.colcon_core.package_identification:Package 'src/turtlebot3_simulations/turtlebot3_simulations' with type 'ros.ament_cmake' and name 'turtlebot3_simulations'
[0.467s] Level 1:colcon.colcon_core.package_discovery:discover_packages(recursive) using defaults
[0.467s] Level 1:colcon.colcon_core.package_discovery:discover_packages(ignore) discover
[0.467s] Level 1:colcon.colcon_core.package_discovery:discover_packages(ignore) using defaults
[0.467s] Level 1:colcon.colcon_core.package_discovery:discover_packages(path) discover
[0.467s] Level 1:colcon.colcon_core.package_discovery:discover_packages(path) using defaults
[0.578s] Level 1:colcon.colcon_core.package_discovery:discover_packages(prefix_path) check parameters
[0.578s] Level 1:colcon.colcon_core.package_discovery:discover_packages(prefix_path) discover
[0.661s] DEBUG:colcon.colcon_installed_package_information.package_discovery:Found 1 installed packages in /home/ammar/f1tenth_lab5_template/install
[0.661s] DEBUG:colcon.colcon_installed_package_information.package_discovery:Found 2 installed packages in /home/ammar/ros2_ws/install
[0.662s] DEBUG:colcon.colcon_installed_package_information.package_discovery:Found 4 installed packages in /home/ammar/turtlebot3_localization/install
[0.662s] DEBUG:colcon.colcon_installed_package_information.package_discovery:Found 3 installed packages in /home/ammar/f110_labs_ws/install
[0.662s] DEBUG:colcon.colcon_installed_package_information.package_discovery:Found 1 installed packages in /home/ammar/sim_ws/install
[0.664s] DEBUG:colcon.colcon_installed_package_information.package_discovery:Found 380 installed packages in /opt/ros/humble
[0.678s] Level 1:colcon.colcon_core.package_discovery:discover_packages(prefix_path) using defaults
[1.018s] Level 5:colcon.colcon_core.verb:set package 'kalman_filter' build argument 'cmake_args' from command line to 'None'
[1.018s] Level 5:colcon.colcon_core.verb:set package 'kalman_filter' build argument 'cmake_target' from command line to 'None'
[1.018s] Level 5:colcon.colcon_core.verb:set package 'kalman_filter' build argument 'cmake_target_skip_unavailable' from command line to 'False'
[1.018s] Level 5:colcon.colcon_core.verb:set package 'kalman_filter' build argument 'cmake_clean_cache' from command line to 'False'
[1.018s] Level 5:colcon.colcon_core.verb:set package 'kalman_filter' build argument 'cmake_clean_first' from command line to 'False'
[1.018s] Level 5:colcon.colcon_core.verb:set package 'kalman_filter' build argument 'cmake_force_configure' from command line to 'False'
[1.018s] Level 5:colcon.colcon_core.verb:set package 'kalman_filter' build argument 'ament_cmake_args' from command line to 'None'
[1.018s] Level 5:colcon.colcon_core.verb:set package 'kalman_filter' build argument 'catkin_cmake_args' from command line to 'None'
[1.018s] Level 5:colcon.colcon_core.verb:set package 'kalman_filter' build argument 'catkin_skip_building_tests' from command line to 'False'
[1.018s] DEBUG:colcon.colcon_core.verb:Building package 'kalman_filter' with the following arguments: {'ament_cmake_args': None, 'build_base': '/home/ammar/turtlebot3_localization/build/kalman_filter', 'catkin_cmake_args': None, 'catkin_skip_building_tests': False, 'cmake_args': None, 'cmake_clean_cache': False, 'cmake_clean_first': False, 'cmake_force_configure': False, 'cmake_target': None, 'cmake_target_skip_unavailable': False, 'install_base': '/home/ammar/turtlebot3_localization/install/kalman_filter', 'merge_install': False, 'path': '/home/ammar/turtlebot3_localization/src/kalman_filter', 'symlink_install': True, 'test_result_base': None}
[1.018s] Level 5:colcon.colcon_core.verb:set package 'turtlebot3_fake_node' build argument 'cmake_args' from command line to 'None'
[1.019s] Level 5:colcon.colcon_core.verb:set package 'turtlebot3_fake_node' build argument 'cmake_target' from command line to 'None'
[1.019s] Level 5:colcon.colcon_core.verb:set package 'turtlebot3_fake_node' build argument 'cmake_target_skip_unavailable' from command line to 'False'
[1.019s] Level 5:colcon.colcon_core.verb:set package 'turtlebot3_fake_node' build argument 'cmake_clean_cache' from command line to 'False'
[1.019s] Level 5:colcon.colcon_core.verb:set package 'turtlebot3_fake_node' build argument 'cmake_clean_first' from command line to 'False'
[1.019s] Level 5:colcon.colcon_core.verb:set package 'turtlebot3_fake_node' build argument 'cmake_force_configure' from command line to 'False'
[1.019s] Level 5:colcon.colcon_core.verb:set package 'turtlebot3_fake_node' build argument 'ament_cmake_args' from command line to 'None'
[1.019s] Level 5:colcon.colcon_core.verb:set package 'turtlebot3_fake_node' build argument 'catkin_cmake_args' from command line to 'None'
[1.019s] Level 5:colcon.colcon_core.verb:set package 'turtlebot3_fake_node' build argument 'catkin_skip_building_tests' from command line to 'False'
[1.019s] DEBUG:colcon.colcon_core.verb:Building package 'turtlebot3_fake_node' with the following arguments: {'ament_cmake_args': None, 'build_base': '/home/ammar/turtlebot3_localization/build/turtlebot3_fake_node', 'catkin_cmake_args': None, 'catkin_skip_building_tests': False, 'cmake_args': None, 'cmake_clean_cache': False, 'cmake_clean_first': False, 'cmake_force_configure': False, 'cmake_target': None, 'cmake_target_skip_unavailable': False, 'install_base': '/home/ammar/turtlebot3_localization/install/turtlebot3_fake_node', 'merge_install': False, 'path': '/home/ammar/turtlebot3_localization/src/turtlebot3_simulations/turtlebot3_fake_node', 'symlink_install': True, 'test_result_base': None}
[1.019s] Level 5:colcon.colcon_core.verb:set package 'turtlebot3_gazebo' build argument 'cmake_args' from command line to 'None'
[1.019s] Level 5:colcon.colcon_core.verb:set package 'turtlebot3_gazebo' build argument 'cmake_target' from command line to 'None'
[1.019s] Level 5:colcon.colcon_core.verb:set package 'turtlebot3_gazebo' build argument 'cmake_target_skip_unavailable' from command line to 'False'
[1.019s] Level 5:colcon.colcon_core.verb:set package 'turtlebot3_gazebo' build argument 'cmake_clean_cache' from command line to 'False'
[1.019s] Level 5:colcon.colcon_core.verb:set package 'turtlebot3_gazebo' build argument 'cmake_clean_first' from command line to 'False'
[1.019s] Level 5:colcon.colcon_core.verb:set package 'turtlebot3_gazebo' build argument 'cmake_force_configure' from command line to 'False'
[1.019s] Level 5:colcon.colcon_core.verb:set package 'turtlebot3_gazebo' build argument 'ament_cmake_args' from command line to 'None'
[1.019s] Level 5:colcon.colcon_core.verb:set package 'turtlebot3_gazebo' build argument 'catkin_cmake_args' from command line to 'None'
[1.019s] Level 5:colcon.colcon_core.verb:set package 'turtlebot3_gazebo' build argument 'catkin_skip_building_tests' from command line to 'False'
[1.019s] DEBUG:colcon.colcon_core.verb:Building package 'turtlebot3_gazebo' with the following arguments: {'ament_cmake_args': None, 'build_base': '/home/ammar/turtlebot3_localization/build/turtlebot3_gazebo', 'catkin_cmake_args': None, 'catkin_skip_building_tests': False, 'cmake_args': None, 'cmake_clean_cache': False, 'cmake_clean_first': False, 'cmake_force_configure': False, 'cmake_target': None, 'cmake_target_skip_unavailable': False, 'install_base': '/home/ammar/turtlebot3_localization/install/turtlebot3_gazebo', 'merge_install': False, 'path': '/home/ammar/turtlebot3_localization/src/turtlebot3_simulations/turtlebot3_gazebo', 'symlink_install': True, 'test_result_base': None}
[1.020s] Level 5:colcon.colcon_core.verb:set package 'turtlebot3_simulations' build argument 'cmake_args' from command line to 'None'
[1.020s] Level 5:colcon.colcon_core.verb:set package 'turtlebot3_simulations' build argument 'cmake_target' from command line to 'None'
[1.020s] Level 5:colcon.colcon_core.verb:set package 'turtlebot3_simulations' build argument 'cmake_target_skip_unavailable' from command line to 'False'
[1.020s] Level 5:colcon.colcon_core.verb:set package 'turtlebot3_simulations' build argument 'cmake_clean_cache' from command line to 'False'
[1.020s] Level 5:colcon.colcon_core.verb:set package 'turtlebot3_simulations' build argument 'cmake_clean_first' from command line to 'False'
[1.020s] Level 5:colcon.colcon_core.verb:set package 'turtlebot3_simulations' build argument 'cmake_force_configure' from command line to 'False'
[1.020s] Level 5:colcon.colcon_core.verb:set package 'turtlebot3_simulations' build argument 'ament_cmake_args' from command line to 'None'
[1.020s] Level 5:colcon.colcon_core.verb:set package 'turtlebot3_simulations' build argument 'catkin_cmake_args' from command line to 'None'
[1.020s] Level 5:colcon.colcon_core.verb:set package 'turtlebot3_simulations' build argument 'catkin_skip_building_tests' from command line to 'False'
[1.020s] DEBUG:colcon.colcon_core.verb:Building package 'turtlebot3_simulations' with the following arguments: {'ament_cmake_args': None, 'build_base': '/home/ammar/turtlebot3_localization/build/turtlebot3_simulations', 'catkin_cmake_args': None, 'catkin_skip_building_tests': False, 'cmake_args': None, 'cmake_clean_cache': False, 'cmake_clean_first': False, 'cmake_force_configure': False, 'cmake_target': None, 'cmake_target_skip_unavailable': False, 'install_base': '/home/ammar/turtlebot3_localization/install/turtlebot3_simulations', 'merge_install': False, 'path': '/home/ammar/turtlebot3_localization/src/turtlebot3_simulations/turtlebot3_simulations', 'symlink_install': True, 'test_result_base': None}
[1.020s] INFO:colcon.colcon_core.executor:Executing jobs using 'parallel' executor
[1.021s] DEBUG:colcon.colcon_parallel_executor.executor.parallel:run_until_complete
[1.021s] INFO:colcon.colcon_ros.task.ament_cmake.build:Building ROS package in '/home/ammar/turtlebot3_localization/src/turtlebot3_simulations/turtlebot3_fake_node' with build type 'ament_cmake'
[1.021s] INFO:colcon.colcon_cmake.task.cmake.build:Building CMake package in '/home/ammar/turtlebot3_localization/src/turtlebot3_simulations/turtlebot3_fake_node'
[1.031s] INFO:colcon.colcon_core.plugin_system:Skipping extension 'colcon_core.shell.bat': Not used on non-Windows systems
[1.031s] INFO:colcon.colcon_core.shell:Skip shell extension 'powershell' for command environment: Not usable outside of PowerShell
[1.031s] DEBUG:colcon.colcon_core.shell:Skip shell extension 'dsv' for command environment
[1.037s] INFO:colcon.colcon_ros.task.ament_cmake.build:Building ROS package in '/home/ammar/turtlebot3_localization/src/turtlebot3_simulations/turtlebot3_gazebo' with build type 'ament_cmake'
[1.038s] INFO:colcon.colcon_cmake.task.cmake.build:Building CMake package in '/home/ammar/turtlebot3_localization/src/turtlebot3_simulations/turtlebot3_gazebo'
[1.038s] INFO:colcon.colcon_core.shell:Skip shell extension 'powershell' for command environment: Not usable outside of PowerShell
[1.038s] DEBUG:colcon.colcon_core.shell:Skip shell extension 'dsv' for command environment
[1.043s] INFO:colcon.colcon_ros.task.ament_python.build:Building ROS package in '/home/ammar/turtlebot3_localization/src/kalman_filter' with build type 'ament_python'
[1.043s] Level 1:colcon.colcon_core.shell:create_environment_hook('kalman_filter', 'ament_prefix_path')
[1.043s] INFO:colcon.colcon_core.shell:Creating environment hook '/home/ammar/turtlebot3_localization/install/kalman_filter/share/kalman_filter/hook/ament_prefix_path.ps1'
[1.057s] INFO:colcon.colcon_core.shell:Creating environment descriptor '/home/ammar/turtlebot3_localization/install/kalman_filter/share/kalman_filter/hook/ament_prefix_path.dsv'
[1.057s] INFO:colcon.colcon_core.shell:Creating environment hook '/home/ammar/turtlebot3_localization/install/kalman_filter/share/kalman_filter/hook/ament_prefix_path.sh'
[1.058s] INFO:colcon.colcon_core.shell:Skip shell extension 'powershell' for command environment: Not usable outside of PowerShell
[1.058s] DEBUG:colcon.colcon_core.shell:Skip shell extension 'dsv' for command environment
[1.101s] DEBUG:colcon.colcon_core.event_handler.log_command:Invoking command in '/home/ammar/turtlebot3_localization/build/turtlebot3_fake_node': CMAKE_PREFIX_PATH=${CMAKE_PREFIX_PATH}:/home/ammar/f110_labs_ws/install/autodrive_nigel:/home/ammar/f110_labs_ws/install/autodrive_f1tenth:/home/ammar/turtlebot3_localization/install/kalman_filter:/home/ammar/sim_ws/install/f1tenth_gym_ros:/home/ammar/ros2_ws/install/my_robot_controller:/opt/ros/humble /usr/bin/cmake --build /home/ammar/turtlebot3_localization/build/turtlebot3_fake_node -- -j12 -l12
[1.135s] DEBUG:colcon.colcon_core.event_handler.log_command:Invoking command in '/home/ammar/turtlebot3_localization/build/turtlebot3_gazebo': CMAKE_PREFIX_PATH=${CMAKE_PREFIX_PATH}:/home/ammar/f110_labs_ws/install/autodrive_nigel:/home/ammar/f110_labs_ws/install/autodrive_f1tenth:/home/ammar/turtlebot3_localization/install/kalman_filter:/home/ammar/sim_ws/install/f1tenth_gym_ros:/home/ammar/ros2_ws/install/my_robot_controller:/opt/ros/humble /usr/bin/cmake --build /home/ammar/turtlebot3_localization/build/turtlebot3_gazebo -- -j12 -l12
[1.527s] INFO:colcon.colcon_core.task.python.build:Building Python package in '/home/ammar/turtlebot3_localization/src/kalman_filter'
[1.527s] INFO:colcon.colcon_core.shell:Skip shell extension 'powershell' for command environment: Not usable outside of PowerShell
[1.527s] DEBUG:colcon.colcon_core.shell:Skip shell extension 'dsv' for command environment
[4.061s] DEBUG:colcon.colcon_core.event_handler.log_command:Invoking command in '/home/ammar/turtlebot3_localization/build/kalman_filter': PYTHONPATH=/home/ammar/turtlebot3_localization/build/kalman_filter/prefix_override:/usr/lib/python3/dist-packages/colcon_core/task/python/colcon_distutils_commands:/home/ammar/turtlebot3_localization/install/kalman_filter/lib/python3.10/site-packages:${PYTHONPATH} /usr/bin/python3 -W ignore:setup.py install is deprecated setup.py develop --editable --build-directory /home/ammar/turtlebot3_localization/build/kalman_filter/build --no-deps symlink_data
[4.789s] Level 1:colcon.colcon_core.shell:create_environment_hook('kalman_filter', 'pythonpath_develop')
[4.789s] INFO:colcon.colcon_core.shell:Creating environment hook '/home/ammar/turtlebot3_localization/build/kalman_filter/share/kalman_filter/hook/pythonpath_develop.ps1'
[4.790s] DEBUG:colcon.colcon_core.event_handler.log_command:Invoked command in '/home/ammar/turtlebot3_localization/build/kalman_filter' returned '0': PYTHONPATH=/home/ammar/turtlebot3_localization/build/kalman_filter/prefix_override:/usr/lib/python3/dist-packages/colcon_core/task/python/colcon_distutils_commands:/home/ammar/turtlebot3_localization/install/kalman_filter/lib/python3.10/site-packages:${PYTHONPATH} /usr/bin/python3 -W ignore:setup.py install is deprecated setup.py develop --editable --build-directory /home/ammar/turtlebot3_localization/build/kalman_filter/build --no-deps symlink_data
[4.790s] INFO:colcon.colcon_core.shell:Creating environment descriptor '/home/ammar/turtlebot3_localization/build/kalman_filter/share/kalman_filter/hook/pythonpath_develop.dsv'
[4.790s] INFO:colcon.colcon_core.shell:Creating environment hook '/home/ammar/turtlebot3_localization/build/kalman_filter/share/kalman_filter/hook/pythonpath_develop.sh'
[4.957s] Level 1:colcon.colcon_core.environment:checking '/home/ammar/turtlebot3_localization/install/kalman_filter' for CMake module files
[4.957s] Level 1:colcon.colcon_core.environment:checking '/home/ammar/turtlebot3_localization/install/kalman_filter' for CMake config files
[4.958s] Level 1:colcon.colcon_core.environment:checking '/home/ammar/turtlebot3_localization/install/kalman_filter/lib'
[4.958s] Level 1:colcon.colcon_core.environment:checking '/home/ammar/turtlebot3_localization/install/kalman_filter/bin'
[4.958s] Level 1:colcon.colcon_core.environment:checking '/home/ammar/turtlebot3_localization/install/kalman_filter/lib/pkgconfig/kalman_filter.pc'
[4.958s] Level 1:colcon.colcon_core.environment:checking '/home/ammar/turtlebot3_localization/install/kalman_filter/lib/python3.10/site-packages'
[4.958s] Level 1:colcon.colcon_core.shell:create_environment_hook('kalman_filter', 'pythonpath')
[4.958s] INFO:colcon.colcon_core.shell:Creating environment hook '/home/ammar/turtlebot3_localization/install/kalman_filter/share/kalman_filter/hook/pythonpath.ps1'
[4.959s] INFO:colcon.colcon_core.shell:Creating environment descriptor '/home/ammar/turtlebot3_localization/install/kalman_filter/share/kalman_filter/hook/pythonpath.dsv'
[4.959s] INFO:colcon.colcon_core.shell:Creating environment hook '/home/ammar/turtlebot3_localization/install/kalman_filter/share/kalman_filter/hook/pythonpath.sh'
[4.960s] Level 1:colcon.colcon_core.environment:checking '/home/ammar/turtlebot3_localization/install/kalman_filter/bin'
[4.960s] Level 1:colcon.colcon_core.environment:create_environment_scripts_only(kalman_filter)
[4.960s] INFO:colcon.colcon_core.shell:Creating package script '/home/ammar/turtlebot3_localization/install/kalman_filter/share/kalman_filter/package.ps1'
[4.979s] INFO:colcon.colcon_core.shell:Creating package descriptor '/home/ammar/turtlebot3_localization/install/kalman_filter/share/kalman_filter/package.dsv'
[5.003s] INFO:colcon.colcon_core.shell:Creating package script '/home/ammar/turtlebot3_localization/install/kalman_filter/share/kalman_filter/package.sh'
[5.025s] INFO:colcon.colcon_core.shell:Creating package script '/home/ammar/turtlebot3_localization/install/kalman_filter/share/kalman_filter/package.bash'
[5.070s] INFO:colcon.colcon_core.shell:Creating package script '/home/ammar/turtlebot3_localization/install/kalman_filter/share/kalman_filter/package.zsh'
[5.099s] Level 1:colcon.colcon_core.environment:create_file_with_runtime_dependencies(/home/ammar/turtlebot3_localization/install/kalman_filter/share/colcon-core/packages/kalman_filter)
[22.657s] DEBUG:colcon.colcon_core.event_handler.log_command:Invoked command in '/home/ammar/turtlebot3_localization/build/turtlebot3_fake_node' returned '0': CMAKE_PREFIX_PATH=${CMAKE_PREFIX_PATH}:/home/ammar/f110_labs_ws/install/autodrive_nigel:/home/ammar/f110_labs_ws/install/autodrive_f1tenth:/home/ammar/turtlebot3_localization/install/kalman_filter:/home/ammar/sim_ws/install/f1tenth_gym_ros:/home/ammar/ros2_ws/install/my_robot_controller:/opt/ros/humble /usr/bin/cmake --build /home/ammar/turtlebot3_localization/build/turtlebot3_fake_node -- -j12 -l12
[22.691s] DEBUG:colcon.colcon_core.event_handler.log_command:Invoking command in '/home/ammar/turtlebot3_localization/build/turtlebot3_fake_node': CMAKE_PREFIX_PATH=${CMAKE_PREFIX_PATH}:/home/ammar/f110_labs_ws/install/autodrive_nigel:/home/ammar/f110_labs_ws/install/autodrive_f1tenth:/home/ammar/turtlebot3_localization/install/kalman_filter:/home/ammar/sim_ws/install/f1tenth_gym_ros:/home/ammar/ros2_ws/install/my_robot_controller:/opt/ros/humble /usr/bin/cmake --install /home/ammar/turtlebot3_localization/build/turtlebot3_fake_node
[22.878s] Level 1:colcon.colcon_core.environment:create_environment_scripts_only(turtlebot3_fake_node)
[22.879s] Level 1:colcon.colcon_core.environment:checking '/home/ammar/turtlebot3_localization/install/turtlebot3_fake_node' for CMake module files
[22.879s] DEBUG:colcon.colcon_core.event_handler.log_command:Invoked command in '/home/ammar/turtlebot3_localization/build/turtlebot3_fake_node' returned '0': CMAKE_PREFIX_PATH=${CMAKE_PREFIX_PATH}:/home/ammar/f110_labs_ws/install/autodrive_nigel:/home/ammar/f110_labs_ws/install/autodrive_f1tenth:/home/ammar/turtlebot3_localization/install/kalman_filter:/home/ammar/sim_ws/install/f1tenth_gym_ros:/home/ammar/ros2_ws/install/my_robot_controller:/opt/ros/humble /usr/bin/cmake --install /home/ammar/turtlebot3_localization/build/turtlebot3_fake_node
[22.880s] Level 1:colcon.colcon_core.environment:checking '/home/ammar/turtlebot3_localization/install/turtlebot3_fake_node' for CMake config files
[22.880s] Level 1:colcon.colcon_core.shell:create_environment_hook('turtlebot3_fake_node', 'cmake_prefix_path')
[22.881s] INFO:colcon.colcon_core.shell:Creating environment hook '/home/ammar/turtlebot3_localization/install/turtlebot3_fake_node/share/turtlebot3_fake_node/hook/cmake_prefix_path.ps1'
[22.881s] INFO:colcon.colcon_core.shell:Creating environment descriptor '/home/ammar/turtlebot3_localization/install/turtlebot3_fake_node/share/turtlebot3_fake_node/hook/cmake_prefix_path.dsv'
[22.881s] INFO:colcon.colcon_core.shell:Creating environment hook '/home/ammar/turtlebot3_localization/install/turtlebot3_fake_node/share/turtlebot3_fake_node/hook/cmake_prefix_path.sh'
[22.882s] Level 1:colcon.colcon_core.environment:checking '/home/ammar/turtlebot3_localization/install/turtlebot3_fake_node/lib'
[22.882s] Level 1:colcon.colcon_core.environment:checking '/home/ammar/turtlebot3_localization/install/turtlebot3_fake_node/bin'
[22.882s] Level 1:colcon.colcon_core.environment:checking '/home/ammar/turtlebot3_localization/install/turtlebot3_fake_node/lib/pkgconfig/turtlebot3_fake_node.pc'
[22.883s] Level 1:colcon.colcon_core.environment:checking '/home/ammar/turtlebot3_localization/install/turtlebot3_fake_node/lib/python3.10/site-packages'
[22.883s] Level 1:colcon.colcon_core.environment:checking '/home/ammar/turtlebot3_localization/install/turtlebot3_fake_node/bin'
[22.883s] INFO:colcon.colcon_core.shell:Creating package script '/home/ammar/turtlebot3_localization/install/turtlebot3_fake_node/share/turtlebot3_fake_node/package.ps1'
[22.884s] INFO:colcon.colcon_core.shell:Creating package descriptor '/home/ammar/turtlebot3_localization/install/turtlebot3_fake_node/share/turtlebot3_fake_node/package.dsv'
[22.884s] INFO:colcon.colcon_core.shell:Creating package script '/home/ammar/turtlebot3_localization/install/turtlebot3_fake_node/share/turtlebot3_fake_node/package.sh'
[22.885s] INFO:colcon.colcon_core.shell:Creating package script '/home/ammar/turtlebot3_localization/install/turtlebot3_fake_node/share/turtlebot3_fake_node/package.bash'
[22.885s] INFO:colcon.colcon_core.shell:Creating package script '/home/ammar/turtlebot3_localization/install/turtlebot3_fake_node/share/turtlebot3_fake_node/package.zsh'
[22.885s] Level 1:colcon.colcon_core.environment:create_file_with_runtime_dependencies(/home/ammar/turtlebot3_localization/install/turtlebot3_fake_node/share/colcon-core/packages/turtlebot3_fake_node)
[22.911s] Level 1:colcon.colcon_core.environment:create_environment_scripts_only(turtlebot3_fake_node)
[22.911s] Level 1:colcon.colcon_core.environment:checking '/home/ammar/turtlebot3_localization/install/turtlebot3_fake_node' for CMake module files
[22.912s] Level 1:colcon.colcon_core.environment:checking '/home/ammar/turtlebot3_localization/install/turtlebot3_fake_node' for CMake config files
[22.912s] Level 1:colcon.colcon_core.shell:create_environment_hook('turtlebot3_fake_node', 'cmake_prefix_path')
[22.913s] INFO:colcon.colcon_core.shell:Creating environment hook '/home/ammar/turtlebot3_localization/install/turtlebot3_fake_node/share/turtlebot3_fake_node/hook/cmake_prefix_path.ps1'
[22.913s] INFO:colcon.colcon_core.shell:Creating environment descriptor '/home/ammar/turtlebot3_localization/install/turtlebot3_fake_node/share/turtlebot3_fake_node/hook/cmake_prefix_path.dsv'
[22.914s] INFO:colcon.colcon_core.shell:Creating environment hook '/home/ammar/turtlebot3_localization/install/turtlebot3_fake_node/share/turtlebot3_fake_node/hook/cmake_prefix_path.sh'
[22.915s] Level 1:colcon.colcon_core.environment:checking '/home/ammar/turtlebot3_localization/install/turtlebot3_fake_node/lib'
[22.915s] Level 1:colcon.colcon_core.environment:checking '/home/ammar/turtlebot3_localization/install/turtlebot3_fake_node/bin'
[22.915s] Level 1:colcon.colcon_core.environment:checking '/home/ammar/turtlebot3_localization/install/turtlebot3_fake_node/lib/pkgconfig/turtlebot3_fake_node.pc'
[22.915s] Level 1:colcon.colcon_core.environment:checking '/home/ammar/turtlebot3_localization/install/turtlebot3_fake_node/lib/python3.10/site-packages'
[22.915s] Level 1:colcon.colcon_core.environment:checking '/home/ammar/turtlebot3_localization/install/turtlebot3_fake_node/bin'
[22.916s] INFO:colcon.colcon_core.shell:Creating package script '/home/ammar/turtlebot3_localization/install/turtlebot3_fake_node/share/turtlebot3_fake_node/package.ps1'
[22.917s] INFO:colcon.colcon_core.shell:Creating package descriptor '/home/ammar/turtlebot3_localization/install/turtlebot3_fake_node/share/turtlebot3_fake_node/package.dsv'
[22.917s] INFO:colcon.colcon_core.shell:Creating package script '/home/ammar/turtlebot3_localization/install/turtlebot3_fake_node/share/turtlebot3_fake_node/package.sh'
[22.918s] INFO:colcon.colcon_core.shell:Creating package script '/home/ammar/turtlebot3_localization/install/turtlebot3_fake_node/share/turtlebot3_fake_node/package.bash'
[22.918s] INFO:colcon.colcon_core.shell:Creating package script '/home/ammar/turtlebot3_localization/install/turtlebot3_fake_node/share/turtlebot3_fake_node/package.zsh'
[22.919s] Level 1:colcon.colcon_core.environment:create_file_with_runtime_dependencies(/home/ammar/turtlebot3_localization/install/turtlebot3_fake_node/share/colcon-core/packages/turtlebot3_fake_node)
[27.071s] DEBUG:colcon.colcon_core.event_handler.log_command:Invoked command in '/home/ammar/turtlebot3_localization/build/turtlebot3_gazebo' returned '0': CMAKE_PREFIX_PATH=${CMAKE_PREFIX_PATH}:/home/ammar/f110_labs_ws/install/autodrive_nigel:/home/ammar/f110_labs_ws/install/autodrive_f1tenth:/home/ammar/turtlebot3_localization/install/kalman_filter:/home/ammar/sim_ws/install/f1tenth_gym_ros:/home/ammar/ros2_ws/install/my_robot_controller:/opt/ros/humble /usr/bin/cmake --build /home/ammar/turtlebot3_localization/build/turtlebot3_gazebo -- -j12 -l12
[27.095s] DEBUG:colcon.colcon_core.event_handler.log_command:Invoking command in '/home/ammar/turtlebot3_localization/build/turtlebot3_gazebo': CMAKE_PREFIX_PATH=${CMAKE_PREFIX_PATH}:/home/ammar/f110_labs_ws/install/autodrive_nigel:/home/ammar/f110_labs_ws/install/autodrive_f1tenth:/home/ammar/turtlebot3_localization/install/kalman_filter:/home/ammar/sim_ws/install/f1tenth_gym_ros:/home/ammar/ros2_ws/install/my_robot_controller:/opt/ros/humble /usr/bin/cmake --install /home/ammar/turtlebot3_localization/build/turtlebot3_gazebo
[27.126s] Level 1:colcon.colcon_core.environment:create_environment_scripts_only(turtlebot3_gazebo)
[27.126s] Level 1:colcon.colcon_core.environment:checking '/home/ammar/turtlebot3_localization/install/turtlebot3_gazebo' for CMake module files
[27.127s] DEBUG:colcon.colcon_core.event_handler.log_command:Invoked command in '/home/ammar/turtlebot3_localization/build/turtlebot3_gazebo' returned '0': CMAKE_PREFIX_PATH=${CMAKE_PREFIX_PATH}:/home/ammar/f110_labs_ws/install/autodrive_nigel:/home/ammar/f110_labs_ws/install/autodrive_f1tenth:/home/ammar/turtlebot3_localization/install/kalman_filter:/home/ammar/sim_ws/install/f1tenth_gym_ros:/home/ammar/ros2_ws/install/my_robot_controller:/opt/ros/humble /usr/bin/cmake --install /home/ammar/turtlebot3_localization/build/turtlebot3_gazebo
[27.127s] Level 1:colcon.colcon_core.environment:checking '/home/ammar/turtlebot3_localization/install/turtlebot3_gazebo' for CMake config files
[27.128s] Level 1:colcon.colcon_core.shell:create_environment_hook('turtlebot3_gazebo', 'cmake_prefix_path')
[27.128s] INFO:colcon.colcon_core.shell:Creating environment hook '/home/ammar/turtlebot3_localization/install/turtlebot3_gazebo/share/turtlebot3_gazebo/hook/cmake_prefix_path.ps1'
[27.128s] INFO:colcon.colcon_core.shell:Creating environment descriptor '/home/ammar/turtlebot3_localization/install/turtlebot3_gazebo/share/turtlebot3_gazebo/hook/cmake_prefix_path.dsv'
[27.128s] INFO:colcon.colcon_core.shell:Creating environment hook '/home/ammar/turtlebot3_localization/install/turtlebot3_gazebo/share/turtlebot3_gazebo/hook/cmake_prefix_path.sh'
[27.129s] Level 1:colcon.colcon_core.environment:checking '/home/ammar/turtlebot3_localization/install/turtlebot3_gazebo/lib'
[27.129s] Level 1:colcon.colcon_core.environment:checking '/home/ammar/turtlebot3_localization/install/turtlebot3_gazebo/bin'
[27.129s] Level 1:colcon.colcon_core.environment:checking '/home/ammar/turtlebot3_localization/install/turtlebot3_gazebo/lib/pkgconfig/turtlebot3_gazebo.pc'
[27.129s] Level 1:colcon.colcon_core.environment:checking '/home/ammar/turtlebot3_localization/install/turtlebot3_gazebo/lib/python3.10/site-packages'
[27.129s] Level 1:colcon.colcon_core.environment:checking '/home/ammar/turtlebot3_localization/install/turtlebot3_gazebo/bin'
[27.130s] INFO:colcon.colcon_core.shell:Creating package script '/home/ammar/turtlebot3_localization/install/turtlebot3_gazebo/share/turtlebot3_gazebo/package.ps1'
[27.130s] INFO:colcon.colcon_core.shell:Creating package descriptor '/home/ammar/turtlebot3_localization/install/turtlebot3_gazebo/share/turtlebot3_gazebo/package.dsv'
[27.130s] INFO:colcon.colcon_core.shell:Creating package script '/home/ammar/turtlebot3_localization/install/turtlebot3_gazebo/share/turtlebot3_gazebo/package.sh'
[27.131s] INFO:colcon.colcon_core.shell:Creating package script '/home/ammar/turtlebot3_localization/install/turtlebot3_gazebo/share/turtlebot3_gazebo/package.bash'
[27.131s] INFO:colcon.colcon_core.shell:Creating package script '/home/ammar/turtlebot3_localization/install/turtlebot3_gazebo/share/turtlebot3_gazebo/package.zsh'
[27.131s] Level 1:colcon.colcon_core.environment:create_file_with_runtime_dependencies(/home/ammar/turtlebot3_localization/install/turtlebot3_gazebo/share/colcon-core/packages/turtlebot3_gazebo)
[27.157s] Level 1:colcon.colcon_core.environment:create_environment_scripts_only(turtlebot3_gazebo)
[27.157s] Level 1:colcon.colcon_core.environment:checking '/home/ammar/turtlebot3_localization/install/turtlebot3_gazebo' for CMake module files
[27.158s] Level 1:colcon.colcon_core.environment:checking '/home/ammar/turtlebot3_localization/install/turtlebot3_gazebo' for CMake config files
[27.158s] Level 1:colcon.colcon_core.shell:create_environment_hook('turtlebot3_gazebo', 'cmake_prefix_path')
[27.158s] INFO:colcon.colcon_core.shell:Creating environment hook '/home/ammar/turtlebot3_localization/install/turtlebot3_gazebo/share/turtlebot3_gazebo/hook/cmake_prefix_path.ps1'
[27.159s] INFO:colcon.colcon_core.shell:Creating environment descriptor '/home/ammar/turtlebot3_localization/install/turtlebot3_gazebo/share/turtlebot3_gazebo/hook/cmake_prefix_path.dsv'
[27.159s] INFO:colcon.colcon_core.shell:Creating environment hook '/home/ammar/turtlebot3_localization/install/turtlebot3_gazebo/share/turtlebot3_gazebo/hook/cmake_prefix_path.sh'
[27.159s] Level 1:colcon.colcon_core.environment:checking '/home/ammar/turtlebot3_localization/install/turtlebot3_gazebo/lib'
[27.159s] Level 1:colcon.colcon_core.environment:checking '/home/ammar/turtlebot3_localization/install/turtlebot3_gazebo/bin'
[27.159s] Level 1:colcon.colcon_core.environment:checking '/home/ammar/turtlebot3_localization/install/turtlebot3_gazebo/lib/pkgconfig/turtlebot3_gazebo.pc'
[27.160s] Level 1:colcon.colcon_core.environment:checking '/home/ammar/turtlebot3_localization/install/turtlebot3_gazebo/lib/python3.10/site-packages'
[27.160s] Level 1:colcon.colcon_core.environment:checking '/home/ammar/turtlebot3_localization/install/turtlebot3_gazebo/bin'
[27.160s] INFO:colcon.colcon_core.shell:Creating package script '/home/ammar/turtlebot3_localization/install/turtlebot3_gazebo/share/turtlebot3_gazebo/package.ps1'
[27.161s] INFO:colcon.colcon_core.shell:Creating package descriptor '/home/ammar/turtlebot3_localization/install/turtlebot3_gazebo/share/turtlebot3_gazebo/package.dsv'
[27.163s] INFO:colcon.colcon_core.shell:Creating package script '/home/ammar/turtlebot3_localization/install/turtlebot3_gazebo/share/turtlebot3_gazebo/package.sh'
[27.164s] INFO:colcon.colcon_core.shell:Creating package script '/home/ammar/turtlebot3_localization/install/turtlebot3_gazebo/share/turtlebot3_gazebo/package.bash'
[27.164s] INFO:colcon.colcon_core.shell:Creating package script '/home/ammar/turtlebot3_localization/install/turtlebot3_gazebo/share/turtlebot3_gazebo/package.zsh'
[27.164s] Level 1:colcon.colcon_core.environment:create_file_with_runtime_dependencies(/home/ammar/turtlebot3_localization/install/turtlebot3_gazebo/share/colcon-core/packages/turtlebot3_gazebo)
[27.165s] INFO:colcon.colcon_ros.task.ament_cmake.build:Building ROS package in '/home/ammar/turtlebot3_localization/src/turtlebot3_simulations/turtlebot3_simulations' with build type 'ament_cmake'
[27.165s] INFO:colcon.colcon_cmake.task.cmake.build:Building CMake package in '/home/ammar/turtlebot3_localization/src/turtlebot3_simulations/turtlebot3_simulations'
[27.165s] INFO:colcon.colcon_core.shell:Skip shell extension 'powershell' for command environment: Not usable outside of PowerShell
[27.165s] DEBUG:colcon.colcon_core.shell:Skip shell extension 'dsv' for command environment
[27.189s] DEBUG:colcon.colcon_core.event_handler.log_command:Invoking command in '/home/ammar/turtlebot3_localization/build/turtlebot3_simulations': CMAKE_PREFIX_PATH=/home/ammar/turtlebot3_localization/install/turtlebot3_gazebo:/home/ammar/turtlebot3_localization/install/turtlebot3_fake_node:/home/ammar/f110_labs_ws/install/lab1_pkg:/home/ammar/f1tenth_lab5_template/install/lab5_pkg:/home/ammar/turtlebot3_localization/install/turtlebot3_simulations:/home/ammar/ros2_ws/install/my_robot_bringup:/home/ammar/f110_labs_ws/install/autodrive_nigel:/home/ammar/f110_labs_ws/install/autodrive_f1tenth:/home/ammar/turtlebot3_localization/install/kalman_filter:/home/ammar/sim_ws/install/f1tenth_gym_ros:/home/ammar/ros2_ws/install/my_robot_controller:/opt/ros/humble /usr/bin/cmake --build /home/ammar/turtlebot3_localization/build/turtlebot3_simulations -- -j12 -l12
[27.248s] DEBUG:colcon.colcon_core.event_handler.log_command:Invoked command in '/home/ammar/turtlebot3_localization/build/turtlebot3_simulations' returned '0': CMAKE_PREFIX_PATH=/home/ammar/turtlebot3_localization/install/turtlebot3_gazebo:/home/ammar/turtlebot3_localization/install/turtlebot3_fake_node:/home/ammar/f110_labs_ws/install/lab1_pkg:/home/ammar/f1tenth_lab5_template/install/lab5_pkg:/home/ammar/turtlebot3_localization/install/turtlebot3_simulations:/home/ammar/ros2_ws/install/my_robot_bringup:/home/ammar/f110_labs_ws/install/autodrive_nigel:/home/ammar/f110_labs_ws/install/autodrive_f1tenth:/home/ammar/turtlebot3_localization/install/kalman_filter:/home/ammar/sim_ws/install/f1tenth_gym_ros:/home/ammar/ros2_ws/install/my_robot_controller:/opt/ros/humble /usr/bin/cmake --build /home/ammar/turtlebot3_localization/build/turtlebot3_simulations -- -j12 -l12
[27.266s] DEBUG:colcon.colcon_core.event_handler.log_command:Invoking command in '/home/ammar/turtlebot3_localization/build/turtlebot3_simulations': CMAKE_PREFIX_PATH=/home/ammar/turtlebot3_localization/install/turtlebot3_gazebo:/home/ammar/turtlebot3_localization/install/turtlebot3_fake_node:/home/ammar/f110_labs_ws/install/lab1_pkg:/home/ammar/f1tenth_lab5_template/install/lab5_pkg:/home/ammar/turtlebot3_localization/install/turtlebot3_simulations:/home/ammar/ros2_ws/install/my_robot_bringup:/home/ammar/f110_labs_ws/install/autodrive_nigel:/home/ammar/f110_labs_ws/install/autodrive_f1tenth:/home/ammar/turtlebot3_localization/install/kalman_filter:/home/ammar/sim_ws/install/f1tenth_gym_ros:/home/ammar/ros2_ws/install/my_robot_controller:/opt/ros/humble /usr/bin/cmake --install /home/ammar/turtlebot3_localization/build/turtlebot3_simulations
[27.308s] Level 1:colcon.colcon_core.environment:create_environment_scripts_only(turtlebot3_simulations)
[27.308s] Level 1:colcon.colcon_core.environment:checking '/home/ammar/turtlebot3_localization/install/turtlebot3_simulations' for CMake module files
[27.308s] DEBUG:colcon.colcon_core.event_handler.log_command:Invoked command in '/home/ammar/turtlebot3_localization/build/turtlebot3_simulations' returned '0': CMAKE_PREFIX_PATH=/home/ammar/turtlebot3_localization/install/turtlebot3_gazebo:/home/ammar/turtlebot3_localization/install/turtlebot3_fake_node:/home/ammar/f110_labs_ws/install/lab1_pkg:/home/ammar/f1tenth_lab5_template/install/lab5_pkg:/home/ammar/turtlebot3_localization/install/turtlebot3_simulations:/home/ammar/ros2_ws/install/my_robot_bringup:/home/ammar/f110_labs_ws/install/autodrive_nigel:/home/ammar/f110_labs_ws/install/autodrive_f1tenth:/home/ammar/turtlebot3_localization/install/kalman_filter:/home/ammar/sim_ws/install/f1tenth_gym_ros:/home/ammar/ros2_ws/install/my_robot_controller:/opt/ros/humble /usr/bin/cmake --install /home/ammar/turtlebot3_localization/build/turtlebot3_simulations
[27.309s] Level 1:colcon.colcon_core.environment:checking '/home/ammar/turtlebot3_localization/install/turtlebot3_simulations' for CMake config files
[27.309s] Level 1:colcon.colcon_core.shell:create_environment_hook('turtlebot3_simulations', 'cmake_prefix_path')
[27.309s] INFO:colcon.colcon_core.shell:Creating environment hook '/home/ammar/turtlebot3_localization/install/turtlebot3_simulations/share/turtlebot3_simulations/hook/cmake_prefix_path.ps1'
[27.310s] INFO:colcon.colcon_core.shell:Creating environment descriptor '/home/ammar/turtlebot3_localization/install/turtlebot3_simulations/share/turtlebot3_simulations/hook/cmake_prefix_path.dsv'
[27.310s] INFO:colcon.colcon_core.shell:Creating environment hook '/home/ammar/turtlebot3_localization/install/turtlebot3_simulations/share/turtlebot3_simulations/hook/cmake_prefix_path.sh'
[27.310s] Level 1:colcon.colcon_core.environment:checking '/home/ammar/turtlebot3_localization/install/turtlebot3_simulations/bin'
[27.310s] Level 1:colcon.colcon_core.environment:checking '/home/ammar/turtlebot3_localization/install/turtlebot3_simulations/lib/pkgconfig/turtlebot3_simulations.pc'
[27.311s] Level 1:colcon.colcon_core.environment:checking '/home/ammar/turtlebot3_localization/install/turtlebot3_simulations/lib/python3.10/site-packages'
[27.311s] Level 1:colcon.colcon_core.environment:checking '/home/ammar/turtlebot3_localization/install/turtlebot3_simulations/bin'
[27.311s] INFO:colcon.colcon_core.shell:Creating package script '/home/ammar/turtlebot3_localization/install/turtlebot3_simulations/share/turtlebot3_simulations/package.ps1'
[27.311s] INFO:colcon.colcon_core.shell:Creating package descriptor '/home/ammar/turtlebot3_localization/install/turtlebot3_simulations/share/turtlebot3_simulations/package.dsv'
[27.311s] INFO:colcon.colcon_core.shell:Creating package script '/home/ammar/turtlebot3_localization/install/turtlebot3_simulations/share/turtlebot3_simulations/package.sh'
[27.312s] INFO:colcon.colcon_core.shell:Creating package script '/home/ammar/turtlebot3_localization/install/turtlebot3_simulations/share/turtlebot3_simulations/package.bash'
[27.312s] INFO:colcon.colcon_core.shell:Creating package script '/home/ammar/turtlebot3_localization/install/turtlebot3_simulations/share/turtlebot3_simulations/package.zsh'
[27.312s] Level 1:colcon.colcon_core.environment:create_file_with_runtime_dependencies(/home/ammar/turtlebot3_localization/install/turtlebot3_simulations/share/colcon-core/packages/turtlebot3_simulations)
[27.328s] Level 1:colcon.colcon_core.environment:create_environment_scripts_only(turtlebot3_simulations)
[27.328s] Level 1:colcon.colcon_core.environment:checking '/home/ammar/turtlebot3_localization/install/turtlebot3_simulations' for CMake module files
[27.329s] Level 1:colcon.colcon_core.environment:checking '/home/ammar/turtlebot3_localization/install/turtlebot3_simulations' for CMake config files
[27.329s] Level 1:colcon.colcon_core.shell:create_environment_hook('turtlebot3_simulations', 'cmake_prefix_path')
[27.329s] INFO:colcon.colcon_core.shell:Creating environment hook '/home/ammar/turtlebot3_localization/install/turtlebot3_simulations/share/turtlebot3_simulations/hook/cmake_prefix_path.ps1'
[27.329s] INFO:colcon.colcon_core.shell:Creating environment descriptor '/home/ammar/turtlebot3_localization/install/turtlebot3_simulations/share/turtlebot3_simulations/hook/cmake_prefix_path.dsv'
[27.330s] INFO:colcon.colcon_core.shell:Creating environment hook '/home/ammar/turtlebot3_localization/install/turtlebot3_simulations/share/turtlebot3_simulations/hook/cmake_prefix_path.sh'
[27.330s] Level 1:colcon.colcon_core.environment:checking '/home/ammar/turtlebot3_localization/install/turtlebot3_simulations/bin'
[27.330s] Level 1:colcon.colcon_core.environment:checking '/home/ammar/turtlebot3_localization/install/turtlebot3_simulations/lib/pkgconfig/turtlebot3_simulations.pc'
[27.330s] Level 1:colcon.colcon_core.environment:checking '/home/ammar/turtlebot3_localization/install/turtlebot3_simulations/lib/python3.10/site-packages'
[27.330s] Level 1:colcon.colcon_core.environment:checking '/home/ammar/turtlebot3_localization/install/turtlebot3_simulations/bin'
[27.331s] INFO:colcon.colcon_core.shell:Creating package script '/home/ammar/turtlebot3_localization/install/turtlebot3_simulations/share/turtlebot3_simulations/package.ps1'
[27.331s] INFO:colcon.colcon_core.shell:Creating package descriptor '/home/ammar/turtlebot3_localization/install/turtlebot3_simulations/share/turtlebot3_simulations/package.dsv'
[27.331s] INFO:colcon.colcon_core.shell:Creating package script '/home/ammar/turtlebot3_localization/install/turtlebot3_simulations/share/turtlebot3_simulations/package.sh'
[27.332s] INFO:colcon.colcon_core.shell:Creating package script '/home/ammar/turtlebot3_localization/install/turtlebot3_simulations/share/turtlebot3_simulations/package.bash'
[27.332s] INFO:colcon.colcon_core.shell:Creating package script '/home/ammar/turtlebot3_localization/install/turtlebot3_simulations/share/turtlebot3_simulations/package.zsh'
[27.332s] Level 1:colcon.colcon_core.environment:create_file_with_runtime_dependencies(/home/ammar/turtlebot3_localization/install/turtlebot3_simulations/share/colcon-core/packages/turtlebot3_simulations)
[27.333s] DEBUG:colcon.colcon_parallel_executor.executor.parallel:closing loop
[27.333s] DEBUG:colcon.colcon_parallel_executor.executor.parallel:loop closed
[27.333s] DEBUG:colcon.colcon_parallel_executor.executor.parallel:run_until_complete finished with '0'
[27.333s] DEBUG:colcon.colcon_core.event_reactor:joining thread
[27.379s] INFO:colcon.colcon_core.plugin_system:Skipping extension 'colcon_notification.desktop_notification.terminal_notifier': Not used on non-Darwin systems
[27.379s] INFO:colcon.colcon_core.plugin_system:Skipping extension 'colcon_notification.desktop_notification.win32': Not used on non-Windows systems
[27.379s] INFO:colcon.colcon_notification.desktop_notification:Sending desktop notification using 'notify2'
[27.391s] DEBUG:colcon.colcon_core.event_reactor:joined thread
[27.392s] INFO:colcon.colcon_core.shell:Creating prefix script '/home/ammar/turtlebot3_localization/install/local_setup.ps1'
[27.435s] INFO:colcon.colcon_core.shell:Creating prefix util module '/home/ammar/turtlebot3_localization/install/_local_setup_util_ps1.py'
[27.458s] INFO:colcon.colcon_core.shell:Creating prefix chain script '/home/ammar/turtlebot3_localization/install/setup.ps1'
[27.469s] INFO:colcon.colcon_core.shell:Creating prefix script '/home/ammar/turtlebot3_localization/install/local_setup.sh'
[27.470s] INFO:colcon.colcon_core.shell:Creating prefix util module '/home/ammar/turtlebot3_localization/install/_local_setup_util_sh.py'
[27.470s] INFO:colcon.colcon_core.shell:Creating prefix chain script '/home/ammar/turtlebot3_localization/install/setup.sh'
[27.472s] INFO:colcon.colcon_core.shell:Creating prefix script '/home/ammar/turtlebot3_localization/install/local_setup.bash'
[27.500s] INFO:colcon.colcon_core.shell:Creating prefix chain script '/home/ammar/turtlebot3_localization/install/setup.bash'
[27.502s] INFO:colcon.colcon_core.shell:Creating prefix script '/home/ammar/turtlebot3_localization/install/local_setup.zsh'
[27.513s] INFO:colcon.colcon_core.shell:Creating prefix chain script '/home/ammar/turtlebot3_localization/install/setup.zsh'
