[2.850s] DEBUG:colcon:Command line arguments: ['/usr/bin/colcon', 'list', '-p', '--base-paths', '/home/ammar/turtlebot3_localization']
[2.850s] DEBUG:colcon:Parsed command line arguments: Namespace(log_base=None, log_level=None, verb_name='list', build_base='build', ignore_user_meta=False, metas=['./colcon.meta'], base_paths=['/home/ammar/turtlebot3_localization'], packages_ignore=None, packages_ignore_regex=None, paths=None, packages_up_to=None, packages_up_to_regex=None, packages_above=None, packages_above_and_dependencies=None, packages_above_depth=None, packages_select_by_dep=None, packages_skip_by_dep=None, packages_skip_up_to=None, packages_select_build_failed=False, packages_skip_build_finished=False, packages_select_test_failures=False, packages_skip_test_passed=False, packages_select=None, packages_skip=None, packages_select_regex=None, packages_skip_regex=None, packages_start=None, packages_end=None, allow_overriding=[], topological_order=False, names_only=False, paths_only=True, topological_graph=False, topological_graph_dot=False, topological_graph_density=False, topological_graph_legend=False, topological_graph_dot_cluster=False, topological_graph_dot_include_skipped=False, verb_parser=<colcon_defaults.argument_parser.defaults.DefaultArgumentsDecorator object at 0x7fb14060dd80>, verb_extension=<colcon_package_information.verb.list.ListVerb object at 0x7fb1407a45e0>, main=<bound method ListVerb.main of <colcon_package_information.verb.list.ListVerb object at 0x7fb1407a45e0>>)
[2.986s] Level 1:colcon.colcon_core.package_discovery:discover_packages(colcon_meta) check parameters
[2.987s] Level 1:colcon.colcon_core.package_discovery:discover_packages(recursive) check parameters
[2.987s] Level 1:colcon.colcon_core.package_discovery:discover_packages(ignore) check parameters
[2.987s] Level 1:colcon.colcon_core.package_discovery:discover_packages(path) check parameters
[2.987s] Level 1:colcon.colcon_core.package_discovery:discover_packages(recursive) discover
[2.987s] INFO:colcon.colcon_core.package_discovery:Crawling recursively for packages in '/home/ammar/turtlebot3_localization'
[2.987s] Level 1:colcon.colcon_core.package_identification:_identify(/home/ammar/turtlebot3_localization) by extensions ['ignore', 'ignore_ament_install']
[2.988s] Level 1:colcon.colcon_core.package_identification:_identify(/home/ammar/turtlebot3_localization) by extension 'ignore'
[2.988s] Level 1:colcon.colcon_core.package_identification:_identify(/home/ammar/turtlebot3_localization) by extension 'ignore_ament_install'
[2.988s] Level 1:colcon.colcon_core.package_identification:_identify(/home/ammar/turtlebot3_localization) by extensions ['colcon_pkg']
[2.988s] Level 1:colcon.colcon_core.package_identification:_identify(/home/ammar/turtlebot3_localization) by extension 'colcon_pkg'
[2.988s] Level 1:colcon.colcon_core.package_identification:_identify(/home/ammar/turtlebot3_localization) by extensions ['colcon_meta']
[2.989s] Level 1:colcon.colcon_core.package_identification:_identify(/home/ammar/turtlebot3_localization) by extension 'colcon_meta'
[2.989s] Level 1:colcon.colcon_core.package_identification:_identify(/home/ammar/turtlebot3_localization) by extensions ['ros']
[2.989s] Level 1:colcon.colcon_core.package_identification:_identify(/home/ammar/turtlebot3_localization) by extension 'ros'
[3.025s] Level 1:colcon.colcon_core.package_identification:_identify(/home/ammar/turtlebot3_localization) by extensions ['cmake', 'python']
[3.026s] Level 1:colcon.colcon_core.package_identification:_identify(/home/ammar/turtlebot3_localization) by extension 'cmake'
[3.026s] Level 1:colcon.colcon_core.package_identification:_identify(/home/ammar/turtlebot3_localization) by extension 'python'
[3.026s] Level 1:colcon.colcon_core.package_identification:_identify(/home/ammar/turtlebot3_localization) by extensions ['python_setup_py']
[3.026s] Level 1:colcon.colcon_core.package_identification:_identify(/home/ammar/turtlebot3_localization) by extension 'python_setup_py'
[3.026s] Level 1:colcon.colcon_core.package_identification:_identify(/home/ammar/turtlebot3_localization/build) by extensions ['ignore', 'ignore_ament_install']
[3.027s] Level 1:colcon.colcon_core.package_identification:_identify(/home/ammar/turtlebot3_localization/build) by extension 'ignore'
[3.027s] Level 1:colcon.colcon_core.package_identification:_identify(/home/ammar/turtlebot3_localization/build) ignored
[3.027s] Level 1:colcon.colcon_core.package_identification:_identify(/home/ammar/turtlebot3_localization/install) by extensions ['ignore', 'ignore_ament_install']
[3.027s] Level 1:colcon.colcon_core.package_identification:_identify(/home/ammar/turtlebot3_localization/install) by extension 'ignore'
[3.027s] Level 1:colcon.colcon_core.package_identification:_identify(/home/ammar/turtlebot3_localization/install) ignored
[3.028s] Level 1:colcon.colcon_core.package_identification:_identify(/home/ammar/turtlebot3_localization/log) by extensions ['ignore', 'ignore_ament_install']
[3.028s] Level 1:colcon.colcon_core.package_identification:_identify(/home/ammar/turtlebot3_localization/log) by extension 'ignore'
[3.028s] Level 1:colcon.colcon_core.package_identification:_identify(/home/ammar/turtlebot3_localization/log) ignored
[3.028s] Level 1:colcon.colcon_core.package_identification:_identify(/home/ammar/turtlebot3_localization/src) by extensions ['ignore', 'ignore_ament_install']
[3.029s] Level 1:colcon.colcon_core.package_identification:_identify(/home/ammar/turtlebot3_localization/src) by extension 'ignore'
[3.029s] Level 1:colcon.colcon_core.package_identification:_identify(/home/ammar/turtlebot3_localization/src) by extension 'ignore_ament_install'
[3.029s] Level 1:colcon.colcon_core.package_identification:_identify(/home/ammar/turtlebot3_localization/src) by extensions ['colcon_pkg']
[3.029s] Level 1:colcon.colcon_core.package_identification:_identify(/home/ammar/turtlebot3_localization/src) by extension 'colcon_pkg'
[3.029s] Level 1:colcon.colcon_core.package_identification:_identify(/home/ammar/turtlebot3_localization/src) by extensions ['colcon_meta']
[3.029s] Level 1:colcon.colcon_core.package_identification:_identify(/home/ammar/turtlebot3_localization/src) by extension 'colcon_meta'
[3.030s] Level 1:colcon.colcon_core.package_identification:_identify(/home/ammar/turtlebot3_localization/src) by extensions ['ros']
[3.030s] Level 1:colcon.colcon_core.package_identification:_identify(/home/ammar/turtlebot3_localization/src) by extension 'ros'
[3.030s] Level 1:colcon.colcon_core.package_identification:_identify(/home/ammar/turtlebot3_localization/src) by extensions ['cmake', 'python']
[3.030s] Level 1:colcon.colcon_core.package_identification:_identify(/home/ammar/turtlebot3_localization/src) by extension 'cmake'
[3.030s] Level 1:colcon.colcon_core.package_identification:_identify(/home/ammar/turtlebot3_localization/src) by extension 'python'
[3.030s] Level 1:colcon.colcon_core.package_identification:_identify(/home/ammar/turtlebot3_localization/src) by extensions ['python_setup_py']
[3.030s] Level 1:colcon.colcon_core.package_identification:_identify(/home/ammar/turtlebot3_localization/src) by extension 'python_setup_py'
[3.031s] Level 1:colcon.colcon_core.package_identification:_identify(/home/ammar/turtlebot3_localization/src/kalman_filter) by extensions ['ignore', 'ignore_ament_install']
[3.031s] Level 1:colcon.colcon_core.package_identification:_identify(/home/ammar/turtlebot3_localization/src/kalman_filter) by extension 'ignore'
[3.031s] Level 1:colcon.colcon_core.package_identification:_identify(/home/ammar/turtlebot3_localization/src/kalman_filter) by extension 'ignore_ament_install'
[3.032s] Level 1:colcon.colcon_core.package_identification:_identify(/home/ammar/turtlebot3_localization/src/kalman_filter) by extensions ['colcon_pkg']
[3.032s] Level 1:colcon.colcon_core.package_identification:_identify(/home/ammar/turtlebot3_localization/src/kalman_filter) by extension 'colcon_pkg'
[3.032s] Level 1:colcon.colcon_core.package_identification:_identify(/home/ammar/turtlebot3_localization/src/kalman_filter) by extensions ['colcon_meta']
[3.032s] Level 1:colcon.colcon_core.package_identification:_identify(/home/ammar/turtlebot3_localization/src/kalman_filter) by extension 'colcon_meta'
[3.032s] Level 1:colcon.colcon_core.package_identification:_identify(/home/ammar/turtlebot3_localization/src/kalman_filter) by extensions ['ros']
[3.032s] Level 1:colcon.colcon_core.package_identification:_identify(/home/ammar/turtlebot3_localization/src/kalman_filter) by extension 'ros'
[3.044s] DEBUG:colcon.colcon_core.package_identification:Package '/home/ammar/turtlebot3_localization/src/kalman_filter' with type 'ros.ament_python' and name 'kalman_filter'
[3.044s] Level 1:colcon.colcon_core.package_identification:_identify(/home/ammar/turtlebot3_localization/src/turtlebot3_simulations) by extensions ['ignore', 'ignore_ament_install']
[3.045s] Level 1:colcon.colcon_core.package_identification:_identify(/home/ammar/turtlebot3_localization/src/turtlebot3_simulations) by extension 'ignore'
[3.045s] Level 1:colcon.colcon_core.package_identification:_identify(/home/ammar/turtlebot3_localization/src/turtlebot3_simulations) by extension 'ignore_ament_install'
[3.045s] Level 1:colcon.colcon_core.package_identification:_identify(/home/ammar/turtlebot3_localization/src/turtlebot3_simulations) by extensions ['colcon_pkg']
[3.045s] Level 1:colcon.colcon_core.package_identification:_identify(/home/ammar/turtlebot3_localization/src/turtlebot3_simulations) by extension 'colcon_pkg'
[3.045s] Level 1:colcon.colcon_core.package_identification:_identify(/home/ammar/turtlebot3_localization/src/turtlebot3_simulations) by extensions ['colcon_meta']
[3.045s] Level 1:colcon.colcon_core.package_identification:_identify(/home/ammar/turtlebot3_localization/src/turtlebot3_simulations) by extension 'colcon_meta'
[3.045s] Level 1:colcon.colcon_core.package_identification:_identify(/home/ammar/turtlebot3_localization/src/turtlebot3_simulations) by extensions ['ros']
[3.046s] Level 1:colcon.colcon_core.package_identification:_identify(/home/ammar/turtlebot3_localization/src/turtlebot3_simulations) by extension 'ros'
[3.046s] Level 1:colcon.colcon_core.package_identification:_identify(/home/ammar/turtlebot3_localization/src/turtlebot3_simulations) by extensions ['cmake', 'python']
[3.046s] Level 1:colcon.colcon_core.package_identification:_identify(/home/ammar/turtlebot3_localization/src/turtlebot3_simulations) by extension 'cmake'
[3.046s] Level 1:colcon.colcon_core.package_identification:_identify(/home/ammar/turtlebot3_localization/src/turtlebot3_simulations) by extension 'python'
[3.046s] Level 1:colcon.colcon_core.package_identification:_identify(/home/ammar/turtlebot3_localization/src/turtlebot3_simulations) by extensions ['python_setup_py']
[3.047s] Level 1:colcon.colcon_core.package_identification:_identify(/home/ammar/turtlebot3_localization/src/turtlebot3_simulations) by extension 'python_setup_py'
[3.047s] Level 1:colcon.colcon_core.package_identification:_identify(/home/ammar/turtlebot3_localization/src/turtlebot3_simulations/turtlebot3_fake_node) by extensions ['ignore', 'ignore_ament_install']
[3.047s] Level 1:colcon.colcon_core.package_identification:_identify(/home/ammar/turtlebot3_localization/src/turtlebot3_simulations/turtlebot3_fake_node) by extension 'ignore'
[3.048s] Level 1:colcon.colcon_core.package_identification:_identify(/home/ammar/turtlebot3_localization/src/turtlebot3_simulations/turtlebot3_fake_node) by extension 'ignore_ament_install'
[3.048s] Level 1:colcon.colcon_core.package_identification:_identify(/home/ammar/turtlebot3_localization/src/turtlebot3_simulations/turtlebot3_fake_node) by extensions ['colcon_pkg']
[3.048s] Level 1:colcon.colcon_core.package_identification:_identify(/home/ammar/turtlebot3_localization/src/turtlebot3_simulations/turtlebot3_fake_node) by extension 'colcon_pkg'
[3.048s] Level 1:colcon.colcon_core.package_identification:_identify(/home/ammar/turtlebot3_localization/src/turtlebot3_simulations/turtlebot3_fake_node) by extensions ['colcon_meta']
[3.048s] Level 1:colcon.colcon_core.package_identification:_identify(/home/ammar/turtlebot3_localization/src/turtlebot3_simulations/turtlebot3_fake_node) by extension 'colcon_meta'
[3.049s] Level 1:colcon.colcon_core.package_identification:_identify(/home/ammar/turtlebot3_localization/src/turtlebot3_simulations/turtlebot3_fake_node) by extensions ['ros']
[3.049s] Level 1:colcon.colcon_core.package_identification:_identify(/home/ammar/turtlebot3_localization/src/turtlebot3_simulations/turtlebot3_fake_node) by extension 'ros'
[3.053s] DEBUG:colcon.colcon_core.package_identification:Package '/home/ammar/turtlebot3_localization/src/turtlebot3_simulations/turtlebot3_fake_node' with type 'ros.ament_cmake' and name 'turtlebot3_fake_node'
[3.054s] Level 1:colcon.colcon_core.package_identification:_identify(/home/ammar/turtlebot3_localization/src/turtlebot3_simulations/turtlebot3_gazebo) by extensions ['ignore', 'ignore_ament_install']
[3.054s] Level 1:colcon.colcon_core.package_identification:_identify(/home/ammar/turtlebot3_localization/src/turtlebot3_simulations/turtlebot3_gazebo) by extension 'ignore'
[3.054s] Level 1:colcon.colcon_core.package_identification:_identify(/home/ammar/turtlebot3_localization/src/turtlebot3_simulations/turtlebot3_gazebo) by extension 'ignore_ament_install'
[3.055s] Level 1:colcon.colcon_core.package_identification:_identify(/home/ammar/turtlebot3_localization/src/turtlebot3_simulations/turtlebot3_gazebo) by extensions ['colcon_pkg']
[3.055s] Level 1:colcon.colcon_core.package_identification:_identify(/home/ammar/turtlebot3_localization/src/turtlebot3_simulations/turtlebot3_gazebo) by extension 'colcon_pkg'
[3.055s] Level 1:colcon.colcon_core.package_identification:_identify(/home/ammar/turtlebot3_localization/src/turtlebot3_simulations/turtlebot3_gazebo) by extensions ['colcon_meta']
[3.055s] Level 1:colcon.colcon_core.package_identification:_identify(/home/ammar/turtlebot3_localization/src/turtlebot3_simulations/turtlebot3_gazebo) by extension 'colcon_meta'
[3.055s] Level 1:colcon.colcon_core.package_identification:_identify(/home/ammar/turtlebot3_localization/src/turtlebot3_simulations/turtlebot3_gazebo) by extensions ['ros']
[3.055s] Level 1:colcon.colcon_core.package_identification:_identify(/home/ammar/turtlebot3_localization/src/turtlebot3_simulations/turtlebot3_gazebo) by extension 'ros'
[3.058s] DEBUG:colcon.colcon_core.package_identification:Package '/home/ammar/turtlebot3_localization/src/turtlebot3_simulations/turtlebot3_gazebo' with type 'ros.ament_cmake' and name 'turtlebot3_gazebo'
[3.058s] Level 1:colcon.colcon_core.package_identification:_identify(/home/ammar/turtlebot3_localization/src/turtlebot3_simulations/turtlebot3_simulations) by extensions ['ignore', 'ignore_ament_install']
[3.059s] Level 1:colcon.colcon_core.package_identification:_identify(/home/ammar/turtlebot3_localization/src/turtlebot3_simulations/turtlebot3_simulations) by extension 'ignore'
[3.059s] Level 1:colcon.colcon_core.package_identification:_identify(/home/ammar/turtlebot3_localization/src/turtlebot3_simulations/turtlebot3_simulations) by extension 'ignore_ament_install'
[3.059s] Level 1:colcon.colcon_core.package_identification:_identify(/home/ammar/turtlebot3_localization/src/turtlebot3_simulations/turtlebot3_simulations) by extensions ['colcon_pkg']
[3.059s] Level 1:colcon.colcon_core.package_identification:_identify(/home/ammar/turtlebot3_localization/src/turtlebot3_simulations/turtlebot3_simulations) by extension 'colcon_pkg'
[3.059s] Level 1:colcon.colcon_core.package_identification:_identify(/home/ammar/turtlebot3_localization/src/turtlebot3_simulations/turtlebot3_simulations) by extensions ['colcon_meta']
[3.059s] Level 1:colcon.colcon_core.package_identification:_identify(/home/ammar/turtlebot3_localization/src/turtlebot3_simulations/turtlebot3_simulations) by extension 'colcon_meta'
[3.059s] Level 1:colcon.colcon_core.package_identification:_identify(/home/ammar/turtlebot3_localization/src/turtlebot3_simulations/turtlebot3_simulations) by extensions ['ros']
[3.059s] Level 1:colcon.colcon_core.package_identification:_identify(/home/ammar/turtlebot3_localization/src/turtlebot3_simulations/turtlebot3_simulations) by extension 'ros'
[3.061s] DEBUG:colcon.colcon_core.package_identification:Package '/home/ammar/turtlebot3_localization/src/turtlebot3_simulations/turtlebot3_simulations' with type 'ros.ament_cmake' and name 'turtlebot3_simulations'
[3.062s] Level 1:colcon.colcon_core.package_discovery:discover_packages(recursive) using defaults
