[0.116s] Invoking command in '/home/ammar/turtlebot3_localization/build/turtlebot3_simulations': CMAKE_PREFIX_PATH=/home/ammar/turtlebot3_localization/install/turtlebot3_gazebo:/home/ammar/turtlebot3_localization/install/turtlebot3_fake_node:/home/ammar/f1tenth_lab5_template/install/lab5_pkg:/home/ammar/turtlebot3_localization/install/turtlebot3_simulations:/home/ammar/f110_labs_ws/install/lab1_pkg:/home/ammar/ros2_ws/install/test_serial:/home/ammar/turtlebot3_localization/install/kalman_filter:/home/ammar/f110_labs_ws/install/autodrive_nigel:/home/ammar/f110_labs_ws/install/autodrive_f1tenth:/home/ammar/sim_ws/install/f1tenth_gym_ros:/opt/ros/humble /usr/bin/cmake --build /home/ammar/turtlebot3_localization/build/turtlebot3_simulations -- -j12 -l12
[0.259s] Invoked command in '/home/ammar/turtlebot3_localization/build/turtlebot3_simulations' returned '0': CMAKE_PREFIX_PATH=/home/ammar/turtlebot3_localization/install/turtlebot3_gazebo:/home/ammar/turtlebot3_localization/install/turtlebot3_fake_node:/home/ammar/f1tenth_lab5_template/install/lab5_pkg:/home/ammar/turtlebot3_localization/install/turtlebot3_simulations:/home/ammar/f110_labs_ws/install/lab1_pkg:/home/ammar/ros2_ws/install/test_serial:/home/ammar/turtlebot3_localization/install/kalman_filter:/home/ammar/f110_labs_ws/install/autodrive_nigel:/home/ammar/f110_labs_ws/install/autodrive_f1tenth:/home/ammar/sim_ws/install/f1tenth_gym_ros:/opt/ros/humble /usr/bin/cmake --build /home/ammar/turtlebot3_localization/build/turtlebot3_simulations -- -j12 -l12
[0.293s] Invoking command in '/home/ammar/turtlebot3_localization/build/turtlebot3_simulations': CMAKE_PREFIX_PATH=/home/ammar/turtlebot3_localization/install/turtlebot3_gazebo:/home/ammar/turtlebot3_localization/install/turtlebot3_fake_node:/home/ammar/f1tenth_lab5_template/install/lab5_pkg:/home/ammar/turtlebot3_localization/install/turtlebot3_simulations:/home/ammar/f110_labs_ws/install/lab1_pkg:/home/ammar/ros2_ws/install/test_serial:/home/ammar/turtlebot3_localization/install/kalman_filter:/home/ammar/f110_labs_ws/install/autodrive_nigel:/home/ammar/f110_labs_ws/install/autodrive_f1tenth:/home/ammar/sim_ws/install/f1tenth_gym_ros:/opt/ros/humble /usr/bin/cmake --install /home/ammar/turtlebot3_localization/build/turtlebot3_simulations
[0.314s] -- Install configuration: ""
[0.316s] -- Execute custom install script
[0.317s] -- Up-to-date symlink: /home/ammar/turtlebot3_localization/install/turtlebot3_simulations/share/ament_index/resource_index/package_run_dependencies/turtlebot3_simulations
[0.318s] -- Up-to-date symlink: /home/ammar/turtlebot3_localization/install/turtlebot3_simulations/share/ament_index/resource_index/parent_prefix_path/turtlebot3_simulations
[0.319s] -- Up-to-date symlink: /home/ammar/turtlebot3_localization/install/turtlebot3_simulations/share/turtlebot3_simulations/environment/ament_prefix_path.sh
[0.319s] -- Up-to-date symlink: /home/ammar/turtlebot3_localization/install/turtlebot3_simulations/share/turtlebot3_simulations/environment/ament_prefix_path.dsv
[0.320s] -- Up-to-date symlink: /home/ammar/turtlebot3_localization/install/turtlebot3_simulations/share/turtlebot3_simulations/environment/path.sh
[0.321s] -- Up-to-date symlink: /home/ammar/turtlebot3_localization/install/turtlebot3_simulations/share/turtlebot3_simulations/environment/path.dsv
[0.322s] -- Up-to-date symlink: /home/ammar/turtlebot3_localization/install/turtlebot3_simulations/share/turtlebot3_simulations/local_setup.bash
[0.323s] -- Up-to-date symlink: /home/ammar/turtlebot3_localization/install/turtlebot3_simulations/share/turtlebot3_simulations/local_setup.sh
[0.324s] -- Up-to-date symlink: /home/ammar/turtlebot3_localization/install/turtlebot3_simulations/share/turtlebot3_simulations/local_setup.zsh
[0.324s] -- Up-to-date symlink: /home/ammar/turtlebot3_localization/install/turtlebot3_simulations/share/turtlebot3_simulations/local_setup.dsv
[0.325s] -- Symlinking: /home/ammar/turtlebot3_localization/install/turtlebot3_simulations/share/turtlebot3_simulations/package.dsv
[0.352s] -- Up-to-date symlink: /home/ammar/turtlebot3_localization/install/turtlebot3_simulations/share/ament_index/resource_index/packages/turtlebot3_simulations
[0.353s] -- Up-to-date symlink: /home/ammar/turtlebot3_localization/install/turtlebot3_simulations/share/turtlebot3_simulations/cmake/turtlebot3_simulationsConfig.cmake
[0.353s] -- Up-to-date symlink: /home/ammar/turtlebot3_localization/install/turtlebot3_simulations/share/turtlebot3_simulations/cmake/turtlebot3_simulationsConfig-version.cmake
[0.354s] -- Up-to-date symlink: /home/ammar/turtlebot3_localization/install/turtlebot3_simulations/share/turtlebot3_simulations/package.xml
[0.359s] Invoked command in '/home/ammar/turtlebot3_localization/build/turtlebot3_simulations' returned '0': CMAKE_PREFIX_PATH=/home/ammar/turtlebot3_localization/install/turtlebot3_gazebo:/home/ammar/turtlebot3_localization/install/turtlebot3_fake_node:/home/ammar/f1tenth_lab5_template/install/lab5_pkg:/home/ammar/turtlebot3_localization/install/turtlebot3_simulations:/home/ammar/f110_labs_ws/install/lab1_pkg:/home/ammar/ros2_ws/install/test_serial:/home/ammar/turtlebot3_localization/install/kalman_filter:/home/ammar/f110_labs_ws/install/autodrive_nigel:/home/ammar/f110_labs_ws/install/autodrive_f1tenth:/home/ammar/sim_ws/install/f1tenth_gym_ros:/opt/ros/humble /usr/bin/cmake --install /home/ammar/turtlebot3_localization/build/turtlebot3_simulations
