[0.212s] DEBUG:colcon:Command line arguments: ['/usr/bin/colcon', 'build', '--symlink-install']
[0.213s] DEBUG:colcon:Parsed command line arguments: Namespace(log_base=None, log_level=None, verb_name='build', build_base='build', install_base='install', merge_install=False, symlink_install=True, test_result_base=None, continue_on_error=False, executor='parallel', parallel_workers=12, event_handlers=None, ignore_user_meta=False, metas=['./colcon.meta'], base_paths=['.'], packages_ignore=None, packages_ignore_regex=None, paths=None, packages_up_to=None, packages_up_to_regex=None, packages_above=None, packages_above_and_dependencies=None, packages_above_depth=None, packages_select_by_dep=None, packages_skip_by_dep=None, packages_skip_up_to=None, packages_select_build_failed=False, packages_skip_build_finished=False, packages_select_test_failures=False, packages_skip_test_passed=False, packages_select=None, packages_skip=None, packages_select_regex=None, packages_skip_regex=None, packages_start=None, packages_end=None, allow_overriding=[], cmake_args=None, cmake_target=None, cmake_target_skip_unavailable=False, cmake_clean_cache=False, cmake_clean_first=False, cmake_force_configure=False, ament_cmake_args=None, catkin_cmake_args=None, catkin_skip_building_tests=False, mixin_files=None, mixin=None, verb_parser=<colcon_mixin.mixin.mixin_argument.MixinArgumentDecorator object at 0x7f28d8a8f7c0>, verb_extension=<colcon_core.verb.build.BuildVerb object at 0x7f28d8a8f040>, main=<bound method BuildVerb.main of <colcon_core.verb.build.BuildVerb object at 0x7f28d8a8f040>>, mixin_verb=('build',))
[0.420s] Level 1:colcon.colcon_core.package_discovery:discover_packages(colcon_meta) check parameters
[0.420s] Level 1:colcon.colcon_core.package_discovery:discover_packages(recursive) check parameters
[0.420s] Level 1:colcon.colcon_core.package_discovery:discover_packages(ignore) check parameters
[0.420s] Level 1:colcon.colcon_core.package_discovery:discover_packages(path) check parameters
[0.420s] Level 1:colcon.colcon_core.package_discovery:discover_packages(colcon_meta) discover
[0.420s] Level 1:colcon.colcon_core.package_discovery:discover_packages(recursive) discover
[0.420s] INFO:colcon.colcon_core.package_discovery:Crawling recursively for packages in '/home/ammar/turtlebot3_localization'
[0.420s] Level 1:colcon.colcon_core.package_identification:_identify(.) by extensions ['ignore', 'ignore_ament_install']
[0.420s] Level 1:colcon.colcon_core.package_identification:_identify(.) by extension 'ignore'
[0.420s] Level 1:colcon.colcon_core.package_identification:_identify(.) by extension 'ignore_ament_install'
[0.420s] Level 1:colcon.colcon_core.package_identification:_identify(.) by extensions ['colcon_pkg']
[0.420s] Level 1:colcon.colcon_core.package_identification:_identify(.) by extension 'colcon_pkg'
[0.420s] Level 1:colcon.colcon_core.package_identification:_identify(.) by extensions ['colcon_meta']
[0.420s] Level 1:colcon.colcon_core.package_identification:_identify(.) by extension 'colcon_meta'
[0.420s] Level 1:colcon.colcon_core.package_identification:_identify(.) by extensions ['ros']
[0.420s] Level 1:colcon.colcon_core.package_identification:_identify(.) by extension 'ros'
[0.434s] Level 1:colcon.colcon_core.package_identification:_identify(.) by extensions ['cmake', 'python']
[0.434s] Level 1:colcon.colcon_core.package_identification:_identify(.) by extension 'cmake'
[0.434s] Level 1:colcon.colcon_core.package_identification:_identify(.) by extension 'python'
[0.435s] Level 1:colcon.colcon_core.package_identification:_identify(.) by extensions ['python_setup_py']
[0.435s] Level 1:colcon.colcon_core.package_identification:_identify(.) by extension 'python_setup_py'
[0.435s] Level 1:colcon.colcon_core.package_identification:_identify(build) by extensions ['ignore', 'ignore_ament_install']
[0.435s] Level 1:colcon.colcon_core.package_identification:_identify(build) by extension 'ignore'
[0.435s] Level 1:colcon.colcon_core.package_identification:_identify(build) ignored
[0.435s] Level 1:colcon.colcon_core.package_identification:_identify(install) by extensions ['ignore', 'ignore_ament_install']
[0.435s] Level 1:colcon.colcon_core.package_identification:_identify(install) by extension 'ignore'
[0.435s] Level 1:colcon.colcon_core.package_identification:_identify(install) ignored
[0.479s] Level 1:colcon.colcon_core.package_identification:_identify(log) by extensions ['ignore', 'ignore_ament_install']
[0.479s] Level 1:colcon.colcon_core.package_identification:_identify(log) by extension 'ignore'
[0.479s] Level 1:colcon.colcon_core.package_identification:_identify(log) ignored
[0.479s] Level 1:colcon.colcon_core.package_identification:_identify(src) by extensions ['ignore', 'ignore_ament_install']
[0.479s] Level 1:colcon.colcon_core.package_identification:_identify(src) by extension 'ignore'
[0.479s] Level 1:colcon.colcon_core.package_identification:_identify(src) by extension 'ignore_ament_install'
[0.479s] Level 1:colcon.colcon_core.package_identification:_identify(src) by extensions ['colcon_pkg']
[0.479s] Level 1:colcon.colcon_core.package_identification:_identify(src) by extension 'colcon_pkg'
[0.479s] Level 1:colcon.colcon_core.package_identification:_identify(src) by extensions ['colcon_meta']
[0.479s] Level 1:colcon.colcon_core.package_identification:_identify(src) by extension 'colcon_meta'
[0.479s] Level 1:colcon.colcon_core.package_identification:_identify(src) by extensions ['ros']
[0.479s] Level 1:colcon.colcon_core.package_identification:_identify(src) by extension 'ros'
[0.479s] Level 1:colcon.colcon_core.package_identification:_identify(src) by extensions ['cmake', 'python']
[0.479s] Level 1:colcon.colcon_core.package_identification:_identify(src) by extension 'cmake'
[0.479s] Level 1:colcon.colcon_core.package_identification:_identify(src) by extension 'python'
[0.479s] Level 1:colcon.colcon_core.package_identification:_identify(src) by extensions ['python_setup_py']
[0.479s] Level 1:colcon.colcon_core.package_identification:_identify(src) by extension 'python_setup_py'
[0.479s] Level 1:colcon.colcon_core.package_identification:_identify(src/kalman_filter) by extensions ['ignore', 'ignore_ament_install']
[0.479s] Level 1:colcon.colcon_core.package_identification:_identify(src/kalman_filter) by extension 'ignore'
[0.480s] Level 1:colcon.colcon_core.package_identification:_identify(src/kalman_filter) by extension 'ignore_ament_install'
[0.480s] Level 1:colcon.colcon_core.package_identification:_identify(src/kalman_filter) by extensions ['colcon_pkg']
[0.480s] Level 1:colcon.colcon_core.package_identification:_identify(src/kalman_filter) by extension 'colcon_pkg'
[0.480s] Level 1:colcon.colcon_core.package_identification:_identify(src/kalman_filter) by extensions ['colcon_meta']
[0.480s] Level 1:colcon.colcon_core.package_identification:_identify(src/kalman_filter) by extension 'colcon_meta'
[0.480s] Level 1:colcon.colcon_core.package_identification:_identify(src/kalman_filter) by extensions ['ros']
[0.480s] Level 1:colcon.colcon_core.package_identification:_identify(src/kalman_filter) by extension 'ros'
[0.481s] DEBUG:colcon.colcon_core.package_identification:Package 'src/kalman_filter' with type 'ros.ament_python' and name 'kalman_filter'
[0.482s] Level 1:colcon.colcon_core.package_identification:_identify(src/turtlebot3_simulations) by extensions ['ignore', 'ignore_ament_install']
[0.482s] Level 1:colcon.colcon_core.package_identification:_identify(src/turtlebot3_simulations) by extension 'ignore'
[0.482s] Level 1:colcon.colcon_core.package_identification:_identify(src/turtlebot3_simulations) by extension 'ignore_ament_install'
[0.482s] Level 1:colcon.colcon_core.package_identification:_identify(src/turtlebot3_simulations) by extensions ['colcon_pkg']
[0.482s] Level 1:colcon.colcon_core.package_identification:_identify(src/turtlebot3_simulations) by extension 'colcon_pkg'
[0.482s] Level 1:colcon.colcon_core.package_identification:_identify(src/turtlebot3_simulations) by extensions ['colcon_meta']
[0.482s] Level 1:colcon.colcon_core.package_identification:_identify(src/turtlebot3_simulations) by extension 'colcon_meta'
[0.482s] Level 1:colcon.colcon_core.package_identification:_identify(src/turtlebot3_simulations) by extensions ['ros']
[0.482s] Level 1:colcon.colcon_core.package_identification:_identify(src/turtlebot3_simulations) by extension 'ros'
[0.482s] Level 1:colcon.colcon_core.package_identification:_identify(src/turtlebot3_simulations) by extensions ['cmake', 'python']
[0.482s] Level 1:colcon.colcon_core.package_identification:_identify(src/turtlebot3_simulations) by extension 'cmake'
[0.482s] Level 1:colcon.colcon_core.package_identification:_identify(src/turtlebot3_simulations) by extension 'python'
[0.482s] Level 1:colcon.colcon_core.package_identification:_identify(src/turtlebot3_simulations) by extensions ['python_setup_py']
[0.482s] Level 1:colcon.colcon_core.package_identification:_identify(src/turtlebot3_simulations) by extension 'python_setup_py'
[0.482s] Level 1:colcon.colcon_core.package_identification:_identify(src/turtlebot3_simulations/turtlebot3_fake_node) by extensions ['ignore', 'ignore_ament_install']
[0.482s] Level 1:colcon.colcon_core.package_identification:_identify(src/turtlebot3_simulations/turtlebot3_fake_node) by extension 'ignore'
[0.482s] Level 1:colcon.colcon_core.package_identification:_identify(src/turtlebot3_simulations/turtlebot3_fake_node) by extension 'ignore_ament_install'
[0.482s] Level 1:colcon.colcon_core.package_identification:_identify(src/turtlebot3_simulations/turtlebot3_fake_node) by extensions ['colcon_pkg']
[0.482s] Level 1:colcon.colcon_core.package_identification:_identify(src/turtlebot3_simulations/turtlebot3_fake_node) by extension 'colcon_pkg'
[0.482s] Level 1:colcon.colcon_core.package_identification:_identify(src/turtlebot3_simulations/turtlebot3_fake_node) by extensions ['colcon_meta']
[0.482s] Level 1:colcon.colcon_core.package_identification:_identify(src/turtlebot3_simulations/turtlebot3_fake_node) by extension 'colcon_meta'
[0.482s] Level 1:colcon.colcon_core.package_identification:_identify(src/turtlebot3_simulations/turtlebot3_fake_node) by extensions ['ros']
[0.482s] Level 1:colcon.colcon_core.package_identification:_identify(src/turtlebot3_simulations/turtlebot3_fake_node) by extension 'ros'
[0.483s] DEBUG:colcon.colcon_core.package_identification:Package 'src/turtlebot3_simulations/turtlebot3_fake_node' with type 'ros.ament_cmake' and name 'turtlebot3_fake_node'
[0.483s] Level 1:colcon.colcon_core.package_identification:_identify(src/turtlebot3_simulations/turtlebot3_gazebo) by extensions ['ignore', 'ignore_ament_install']
[0.483s] Level 1:colcon.colcon_core.package_identification:_identify(src/turtlebot3_simulations/turtlebot3_gazebo) by extension 'ignore'
[0.483s] Level 1:colcon.colcon_core.package_identification:_identify(src/turtlebot3_simulations/turtlebot3_gazebo) by extension 'ignore_ament_install'
[0.483s] Level 1:colcon.colcon_core.package_identification:_identify(src/turtlebot3_simulations/turtlebot3_gazebo) by extensions ['colcon_pkg']
[0.483s] Level 1:colcon.colcon_core.package_identification:_identify(src/turtlebot3_simulations/turtlebot3_gazebo) by extension 'colcon_pkg'
[0.483s] Level 1:colcon.colcon_core.package_identification:_identify(src/turtlebot3_simulations/turtlebot3_gazebo) by extensions ['colcon_meta']
[0.483s] Level 1:colcon.colcon_core.package_identification:_identify(src/turtlebot3_simulations/turtlebot3_gazebo) by extension 'colcon_meta'
[0.483s] Level 1:colcon.colcon_core.package_identification:_identify(src/turtlebot3_simulations/turtlebot3_gazebo) by extensions ['ros']
[0.484s] Level 1:colcon.colcon_core.package_identification:_identify(src/turtlebot3_simulations/turtlebot3_gazebo) by extension 'ros'
[0.484s] DEBUG:colcon.colcon_core.package_identification:Package 'src/turtlebot3_simulations/turtlebot3_gazebo' with type 'ros.ament_cmake' and name 'turtlebot3_gazebo'
[0.484s] Level 1:colcon.colcon_core.package_identification:_identify(src/turtlebot3_simulations/turtlebot3_simulations) by extensions ['ignore', 'ignore_ament_install']
[0.484s] Level 1:colcon.colcon_core.package_identification:_identify(src/turtlebot3_simulations/turtlebot3_simulations) by extension 'ignore'
[0.484s] Level 1:colcon.colcon_core.package_identification:_identify(src/turtlebot3_simulations/turtlebot3_simulations) by extension 'ignore_ament_install'
[0.484s] Level 1:colcon.colcon_core.package_identification:_identify(src/turtlebot3_simulations/turtlebot3_simulations) by extensions ['colcon_pkg']
[0.484s] Level 1:colcon.colcon_core.package_identification:_identify(src/turtlebot3_simulations/turtlebot3_simulations) by extension 'colcon_pkg'
[0.484s] Level 1:colcon.colcon_core.package_identification:_identify(src/turtlebot3_simulations/turtlebot3_simulations) by extensions ['colcon_meta']
[0.485s] Level 1:colcon.colcon_core.package_identification:_identify(src/turtlebot3_simulations/turtlebot3_simulations) by extension 'colcon_meta'
[0.485s] Level 1:colcon.colcon_core.package_identification:_identify(src/turtlebot3_simulations/turtlebot3_simulations) by extensions ['ros']
[0.485s] Level 1:colcon.colcon_core.package_identification:_identify(src/turtlebot3_simulations/turtlebot3_simulations) by extension 'ros'
[0.485s] DEBUG:colcon.colcon_core.package_identification:Package 'src/turtlebot3_simulations/turtlebot3_simulations' with type 'ros.ament_cmake' and name 'turtlebot3_simulations'
[0.485s] Level 1:colcon.colcon_core.package_discovery:discover_packages(recursive) using defaults
[0.485s] Level 1:colcon.colcon_core.package_discovery:discover_packages(ignore) discover
[0.485s] Level 1:colcon.colcon_core.package_discovery:discover_packages(ignore) using defaults
[0.485s] Level 1:colcon.colcon_core.package_discovery:discover_packages(path) discover
[0.485s] Level 1:colcon.colcon_core.package_discovery:discover_packages(path) using defaults
[0.501s] Level 1:colcon.colcon_core.package_discovery:discover_packages(prefix_path) check parameters
[0.501s] Level 1:colcon.colcon_core.package_discovery:discover_packages(prefix_path) discover
[0.591s] DEBUG:colcon.colcon_installed_package_information.package_discovery:Found 56 installed packages in /home/ammar/ws_moveit2/install
[0.592s] DEBUG:colcon.colcon_installed_package_information.package_discovery:Found 1 installed packages in /home/ammar/f1tenth_lab5_template/install
[0.592s] DEBUG:colcon.colcon_installed_package_information.package_discovery:Found 2 installed packages in /home/ammar/ros2_ws/install
[0.592s] DEBUG:colcon.colcon_installed_package_information.package_discovery:Found 4 installed packages in /home/ammar/turtlebot3_localization/install
[0.592s] DEBUG:colcon.colcon_installed_package_information.package_discovery:Found 3 installed packages in /home/ammar/f110_labs_ws/install
[0.593s] DEBUG:colcon.colcon_installed_package_information.package_discovery:Found 1 installed packages in /home/ammar/sim_ws/install
[0.593s] DEBUG:colcon.colcon_installed_package_information.package_discovery:Found 10 installed packages in /home/ammar/arduinobot_ws/install
[0.594s] DEBUG:colcon.colcon_installed_package_information.package_discovery:Found 410 installed packages in /opt/ros/humble
[0.596s] Level 1:colcon.colcon_core.package_discovery:discover_packages(prefix_path) using defaults
[3.014s] Level 5:colcon.colcon_core.verb:set package 'kalman_filter' build argument 'cmake_args' from command line to 'None'
[3.014s] Level 5:colcon.colcon_core.verb:set package 'kalman_filter' build argument 'cmake_target' from command line to 'None'
[3.014s] Level 5:colcon.colcon_core.verb:set package 'kalman_filter' build argument 'cmake_target_skip_unavailable' from command line to 'False'
[3.014s] Level 5:colcon.colcon_core.verb:set package 'kalman_filter' build argument 'cmake_clean_cache' from command line to 'False'
[3.014s] Level 5:colcon.colcon_core.verb:set package 'kalman_filter' build argument 'cmake_clean_first' from command line to 'False'
[3.014s] Level 5:colcon.colcon_core.verb:set package 'kalman_filter' build argument 'cmake_force_configure' from command line to 'False'
[3.014s] Level 5:colcon.colcon_core.verb:set package 'kalman_filter' build argument 'ament_cmake_args' from command line to 'None'
[3.014s] Level 5:colcon.colcon_core.verb:set package 'kalman_filter' build argument 'catkin_cmake_args' from command line to 'None'
[3.014s] Level 5:colcon.colcon_core.verb:set package 'kalman_filter' build argument 'catkin_skip_building_tests' from command line to 'False'
[3.014s] DEBUG:colcon.colcon_core.verb:Building package 'kalman_filter' with the following arguments: {'ament_cmake_args': None, 'build_base': '/home/ammar/turtlebot3_localization/build/kalman_filter', 'catkin_cmake_args': None, 'catkin_skip_building_tests': False, 'cmake_args': None, 'cmake_clean_cache': False, 'cmake_clean_first': False, 'cmake_force_configure': False, 'cmake_target': None, 'cmake_target_skip_unavailable': False, 'install_base': '/home/ammar/turtlebot3_localization/install/kalman_filter', 'merge_install': False, 'path': '/home/ammar/turtlebot3_localization/src/kalman_filter', 'symlink_install': True, 'test_result_base': None}
[3.014s] Level 5:colcon.colcon_core.verb:set package 'turtlebot3_fake_node' build argument 'cmake_args' from command line to 'None'
[3.014s] Level 5:colcon.colcon_core.verb:set package 'turtlebot3_fake_node' build argument 'cmake_target' from command line to 'None'
[3.014s] Level 5:colcon.colcon_core.verb:set package 'turtlebot3_fake_node' build argument 'cmake_target_skip_unavailable' from command line to 'False'
[3.014s] Level 5:colcon.colcon_core.verb:set package 'turtlebot3_fake_node' build argument 'cmake_clean_cache' from command line to 'False'
[3.014s] Level 5:colcon.colcon_core.verb:set package 'turtlebot3_fake_node' build argument 'cmake_clean_first' from command line to 'False'
[3.014s] Level 5:colcon.colcon_core.verb:set package 'turtlebot3_fake_node' build argument 'cmake_force_configure' from command line to 'False'
[3.014s] Level 5:colcon.colcon_core.verb:set package 'turtlebot3_fake_node' build argument 'ament_cmake_args' from command line to 'None'
[3.014s] Level 5:colcon.colcon_core.verb:set package 'turtlebot3_fake_node' build argument 'catkin_cmake_args' from command line to 'None'
[3.014s] Level 5:colcon.colcon_core.verb:set package 'turtlebot3_fake_node' build argument 'catkin_skip_building_tests' from command line to 'False'
[3.014s] DEBUG:colcon.colcon_core.verb:Building package 'turtlebot3_fake_node' with the following arguments: {'ament_cmake_args': None, 'build_base': '/home/ammar/turtlebot3_localization/build/turtlebot3_fake_node', 'catkin_cmake_args': None, 'catkin_skip_building_tests': False, 'cmake_args': None, 'cmake_clean_cache': False, 'cmake_clean_first': False, 'cmake_force_configure': False, 'cmake_target': None, 'cmake_target_skip_unavailable': False, 'install_base': '/home/ammar/turtlebot3_localization/install/turtlebot3_fake_node', 'merge_install': False, 'path': '/home/ammar/turtlebot3_localization/src/turtlebot3_simulations/turtlebot3_fake_node', 'symlink_install': True, 'test_result_base': None}
[3.015s] Level 5:colcon.colcon_core.verb:set package 'turtlebot3_gazebo' build argument 'cmake_args' from command line to 'None'
[3.015s] Level 5:colcon.colcon_core.verb:set package 'turtlebot3_gazebo' build argument 'cmake_target' from command line to 'None'
[3.015s] Level 5:colcon.colcon_core.verb:set package 'turtlebot3_gazebo' build argument 'cmake_target_skip_unavailable' from command line to 'False'
[3.015s] Level 5:colcon.colcon_core.verb:set package 'turtlebot3_gazebo' build argument 'cmake_clean_cache' from command line to 'False'
[3.015s] Level 5:colcon.colcon_core.verb:set package 'turtlebot3_gazebo' build argument 'cmake_clean_first' from command line to 'False'
[3.015s] Level 5:colcon.colcon_core.verb:set package 'turtlebot3_gazebo' build argument 'cmake_force_configure' from command line to 'False'
[3.015s] Level 5:colcon.colcon_core.verb:set package 'turtlebot3_gazebo' build argument 'ament_cmake_args' from command line to 'None'
[3.015s] Level 5:colcon.colcon_core.verb:set package 'turtlebot3_gazebo' build argument 'catkin_cmake_args' from command line to 'None'
[3.015s] Level 5:colcon.colcon_core.verb:set package 'turtlebot3_gazebo' build argument 'catkin_skip_building_tests' from command line to 'False'
[3.015s] DEBUG:colcon.colcon_core.verb:Building package 'turtlebot3_gazebo' with the following arguments: {'ament_cmake_args': None, 'build_base': '/home/ammar/turtlebot3_localization/build/turtlebot3_gazebo', 'catkin_cmake_args': None, 'catkin_skip_building_tests': False, 'cmake_args': None, 'cmake_clean_cache': False, 'cmake_clean_first': False, 'cmake_force_configure': False, 'cmake_target': None, 'cmake_target_skip_unavailable': False, 'install_base': '/home/ammar/turtlebot3_localization/install/turtlebot3_gazebo', 'merge_install': False, 'path': '/home/ammar/turtlebot3_localization/src/turtlebot3_simulations/turtlebot3_gazebo', 'symlink_install': True, 'test_result_base': None}
[3.015s] Level 5:colcon.colcon_core.verb:set package 'turtlebot3_simulations' build argument 'cmake_args' from command line to 'None'
[3.015s] Level 5:colcon.colcon_core.verb:set package 'turtlebot3_simulations' build argument 'cmake_target' from command line to 'None'
[3.015s] Level 5:colcon.colcon_core.verb:set package 'turtlebot3_simulations' build argument 'cmake_target_skip_unavailable' from command line to 'False'
[3.015s] Level 5:colcon.colcon_core.verb:set package 'turtlebot3_simulations' build argument 'cmake_clean_cache' from command line to 'False'
[3.015s] Level 5:colcon.colcon_core.verb:set package 'turtlebot3_simulations' build argument 'cmake_clean_first' from command line to 'False'
[3.015s] Level 5:colcon.colcon_core.verb:set package 'turtlebot3_simulations' build argument 'cmake_force_configure' from command line to 'False'
[3.015s] Level 5:colcon.colcon_core.verb:set package 'turtlebot3_simulations' build argument 'ament_cmake_args' from command line to 'None'
[3.015s] Level 5:colcon.colcon_core.verb:set package 'turtlebot3_simulations' build argument 'catkin_cmake_args' from command line to 'None'
[3.015s] Level 5:colcon.colcon_core.verb:set package 'turtlebot3_simulations' build argument 'catkin_skip_building_tests' from command line to 'False'
[3.015s] DEBUG:colcon.colcon_core.verb:Building package 'turtlebot3_simulations' with the following arguments: {'ament_cmake_args': None, 'build_base': '/home/ammar/turtlebot3_localization/build/turtlebot3_simulations', 'catkin_cmake_args': None, 'catkin_skip_building_tests': False, 'cmake_args': None, 'cmake_clean_cache': False, 'cmake_clean_first': False, 'cmake_force_configure': False, 'cmake_target': None, 'cmake_target_skip_unavailable': False, 'install_base': '/home/ammar/turtlebot3_localization/install/turtlebot3_simulations', 'merge_install': False, 'path': '/home/ammar/turtlebot3_localization/src/turtlebot3_simulations/turtlebot3_simulations', 'symlink_install': True, 'test_result_base': None}
[3.015s] INFO:colcon.colcon_core.executor:Executing jobs using 'parallel' executor
[3.016s] DEBUG:colcon.colcon_parallel_executor.executor.parallel:run_until_complete
[3.016s] INFO:colcon.colcon_ros.task.ament_cmake.build:Building ROS package in '/home/ammar/turtlebot3_localization/src/turtlebot3_simulations/turtlebot3_fake_node' with build type 'ament_cmake'
[3.016s] INFO:colcon.colcon_cmake.task.cmake.build:Building CMake package in '/home/ammar/turtlebot3_localization/src/turtlebot3_simulations/turtlebot3_fake_node'
[3.063s] INFO:colcon.colcon_core.plugin_system:Skipping extension 'colcon_core.shell.bat': Not used on non-Windows systems
[3.063s] INFO:colcon.colcon_core.shell:Skip shell extension 'powershell' for command environment: Not usable outside of PowerShell
[3.063s] DEBUG:colcon.colcon_core.shell:Skip shell extension 'dsv' for command environment
[3.084s] INFO:colcon.colcon_ros.task.ament_cmake.build:Building ROS package in '/home/ammar/turtlebot3_localization/src/turtlebot3_simulations/turtlebot3_gazebo' with build type 'ament_cmake'
[3.084s] INFO:colcon.colcon_cmake.task.cmake.build:Building CMake package in '/home/ammar/turtlebot3_localization/src/turtlebot3_simulations/turtlebot3_gazebo'
[3.084s] INFO:colcon.colcon_core.shell:Skip shell extension 'powershell' for command environment: Not usable outside of PowerShell
[3.084s] DEBUG:colcon.colcon_core.shell:Skip shell extension 'dsv' for command environment
[3.091s] INFO:colcon.colcon_ros.task.ament_python.build:Building ROS package in '/home/ammar/turtlebot3_localization/src/kalman_filter' with build type 'ament_python'
[3.091s] Level 1:colcon.colcon_core.shell:create_environment_hook('kalman_filter', 'ament_prefix_path')
[3.091s] INFO:colcon.colcon_core.shell:Creating environment hook '/home/ammar/turtlebot3_localization/install/kalman_filter/share/kalman_filter/hook/ament_prefix_path.ps1'
[3.102s] INFO:colcon.colcon_core.shell:Creating environment descriptor '/home/ammar/turtlebot3_localization/install/kalman_filter/share/kalman_filter/hook/ament_prefix_path.dsv'
[3.102s] INFO:colcon.colcon_core.shell:Creating environment hook '/home/ammar/turtlebot3_localization/install/kalman_filter/share/kalman_filter/hook/ament_prefix_path.sh'
[3.103s] INFO:colcon.colcon_core.shell:Skip shell extension 'powershell' for command environment: Not usable outside of PowerShell
[3.103s] DEBUG:colcon.colcon_core.shell:Skip shell extension 'dsv' for command environment
[3.169s] DEBUG:colcon.colcon_core.event_handler.log_command:Invoking command in '/home/ammar/turtlebot3_localization/build/turtlebot3_fake_node': CMAKE_PREFIX_PATH=${CMAKE_PREFIX_PATH}:/home/ammar/ws_moveit2/install/moveit_configs_utils:/home/ammar/ws_moveit2/install/launch_param_builder:/home/ammar/ros2_ws/install/test_serial:/home/ammar/turtlebot3_localization/install/kalman_filter:/home/ammar/f110_labs_ws/install/autodrive_nigel:/home/ammar/f110_labs_ws/install/autodrive_f1tenth:/home/ammar/sim_ws/install/f1tenth_gym_ros:/home/ammar/arduinobot_ws/install/arduinobot_py_examples:/opt/ros/humble /usr/bin/cmake --build /home/ammar/turtlebot3_localization/build/turtlebot3_fake_node -- -j12 -l12
[3.317s] DEBUG:colcon.colcon_core.event_handler.log_command:Invoking command in '/home/ammar/turtlebot3_localization/build/turtlebot3_gazebo': CMAKE_PREFIX_PATH=${CMAKE_PREFIX_PATH}:/home/ammar/ws_moveit2/install/moveit_configs_utils:/home/ammar/ws_moveit2/install/launch_param_builder:/home/ammar/ros2_ws/install/test_serial:/home/ammar/turtlebot3_localization/install/kalman_filter:/home/ammar/f110_labs_ws/install/autodrive_nigel:/home/ammar/f110_labs_ws/install/autodrive_f1tenth:/home/ammar/sim_ws/install/f1tenth_gym_ros:/home/ammar/arduinobot_ws/install/arduinobot_py_examples:/opt/ros/humble /usr/bin/cmake --build /home/ammar/turtlebot3_localization/build/turtlebot3_gazebo -- -j12 -l12
[3.622s] INFO:colcon.colcon_core.task.python.build:Building Python package in '/home/ammar/turtlebot3_localization/src/kalman_filter'
[3.622s] INFO:colcon.colcon_core.shell:Skip shell extension 'powershell' for command environment: Not usable outside of PowerShell
[3.622s] DEBUG:colcon.colcon_core.shell:Skip shell extension 'dsv' for command environment
[6.033s] DEBUG:colcon.colcon_core.event_handler.log_command:Invoking command in '/home/ammar/turtlebot3_localization/build/kalman_filter': PYTHONPATH=/home/ammar/turtlebot3_localization/build/kalman_filter/prefix_override:/usr/lib/python3/dist-packages/colcon_core/task/python/colcon_distutils_commands:/home/ammar/turtlebot3_localization/install/kalman_filter/lib/python3.10/site-packages:${PYTHONPATH} /usr/bin/python3 -W ignore:setup.py install is deprecated -W ignore:easy_install command is deprecated setup.py develop --editable --build-directory /home/ammar/turtlebot3_localization/build/kalman_filter/build --no-deps symlink_data
[6.725s] Level 1:colcon.colcon_core.shell:create_environment_hook('kalman_filter', 'pythonpath_develop')
[6.726s] INFO:colcon.colcon_core.shell:Creating environment hook '/home/ammar/turtlebot3_localization/build/kalman_filter/share/kalman_filter/hook/pythonpath_develop.ps1'
[6.726s] DEBUG:colcon.colcon_core.event_handler.log_command:Invoked command in '/home/ammar/turtlebot3_localization/build/kalman_filter' returned '0': PYTHONPATH=/home/ammar/turtlebot3_localization/build/kalman_filter/prefix_override:/usr/lib/python3/dist-packages/colcon_core/task/python/colcon_distutils_commands:/home/ammar/turtlebot3_localization/install/kalman_filter/lib/python3.10/site-packages:${PYTHONPATH} /usr/bin/python3 -W ignore:setup.py install is deprecated -W ignore:easy_install command is deprecated setup.py develop --editable --build-directory /home/ammar/turtlebot3_localization/build/kalman_filter/build --no-deps symlink_data
[6.726s] INFO:colcon.colcon_core.shell:Creating environment descriptor '/home/ammar/turtlebot3_localization/build/kalman_filter/share/kalman_filter/hook/pythonpath_develop.dsv'
[6.727s] INFO:colcon.colcon_core.shell:Creating environment hook '/home/ammar/turtlebot3_localization/build/kalman_filter/share/kalman_filter/hook/pythonpath_develop.sh'
[6.840s] Level 1:colcon.colcon_core.environment:checking '/home/ammar/turtlebot3_localization/install/kalman_filter' for CMake module files
[6.840s] Level 1:colcon.colcon_core.environment:checking '/home/ammar/turtlebot3_localization/install/kalman_filter' for CMake config files
[6.841s] Level 1:colcon.colcon_core.environment:checking '/home/ammar/turtlebot3_localization/install/kalman_filter/lib'
[6.841s] Level 1:colcon.colcon_core.environment:checking '/home/ammar/turtlebot3_localization/install/kalman_filter/bin'
[6.841s] Level 1:colcon.colcon_core.environment:checking '/home/ammar/turtlebot3_localization/install/kalman_filter/lib/pkgconfig/kalman_filter.pc'
[6.841s] Level 1:colcon.colcon_core.environment:checking '/home/ammar/turtlebot3_localization/install/kalman_filter/lib/python3.10/site-packages'
[6.841s] Level 1:colcon.colcon_core.shell:create_environment_hook('kalman_filter', 'pythonpath')
[6.841s] INFO:colcon.colcon_core.shell:Creating environment hook '/home/ammar/turtlebot3_localization/install/kalman_filter/share/kalman_filter/hook/pythonpath.ps1'
[6.842s] INFO:colcon.colcon_core.shell:Creating environment descriptor '/home/ammar/turtlebot3_localization/install/kalman_filter/share/kalman_filter/hook/pythonpath.dsv'
[6.842s] INFO:colcon.colcon_core.shell:Creating environment hook '/home/ammar/turtlebot3_localization/install/kalman_filter/share/kalman_filter/hook/pythonpath.sh'
[6.842s] Level 1:colcon.colcon_core.environment:checking '/home/ammar/turtlebot3_localization/install/kalman_filter/bin'
[6.842s] Level 1:colcon.colcon_core.environment:create_environment_scripts_only(kalman_filter)
[6.843s] INFO:colcon.colcon_core.shell:Creating package script '/home/ammar/turtlebot3_localization/install/kalman_filter/share/kalman_filter/package.ps1'
[6.869s] INFO:colcon.colcon_core.shell:Creating package descriptor '/home/ammar/turtlebot3_localization/install/kalman_filter/share/kalman_filter/package.dsv'
[6.870s] INFO:colcon.colcon_core.shell:Creating package script '/home/ammar/turtlebot3_localization/install/kalman_filter/share/kalman_filter/package.sh'
[6.881s] INFO:colcon.colcon_core.shell:Creating package script '/home/ammar/turtlebot3_localization/install/kalman_filter/share/kalman_filter/package.bash'
[6.912s] INFO:colcon.colcon_core.shell:Creating package script '/home/ammar/turtlebot3_localization/install/kalman_filter/share/kalman_filter/package.zsh'
[6.953s] Level 1:colcon.colcon_core.environment:create_file_with_runtime_dependencies(/home/ammar/turtlebot3_localization/install/kalman_filter/share/colcon-core/packages/kalman_filter)
[11.020s] DEBUG:colcon.colcon_core.event_handler.log_command:Invoked command in '/home/ammar/turtlebot3_localization/build/turtlebot3_gazebo' returned '0': CMAKE_PREFIX_PATH=${CMAKE_PREFIX_PATH}:/home/ammar/ws_moveit2/install/moveit_configs_utils:/home/ammar/ws_moveit2/install/launch_param_builder:/home/ammar/ros2_ws/install/test_serial:/home/ammar/turtlebot3_localization/install/kalman_filter:/home/ammar/f110_labs_ws/install/autodrive_nigel:/home/ammar/f110_labs_ws/install/autodrive_f1tenth:/home/ammar/sim_ws/install/f1tenth_gym_ros:/home/ammar/arduinobot_ws/install/arduinobot_py_examples:/opt/ros/humble /usr/bin/cmake --build /home/ammar/turtlebot3_localization/build/turtlebot3_gazebo -- -j12 -l12
[11.071s] DEBUG:colcon.colcon_core.event_handler.log_command:Invoking command in '/home/ammar/turtlebot3_localization/build/turtlebot3_gazebo': CMAKE_PREFIX_PATH=${CMAKE_PREFIX_PATH}:/home/ammar/ws_moveit2/install/moveit_configs_utils:/home/ammar/ws_moveit2/install/launch_param_builder:/home/ammar/ros2_ws/install/test_serial:/home/ammar/turtlebot3_localization/install/kalman_filter:/home/ammar/f110_labs_ws/install/autodrive_nigel:/home/ammar/f110_labs_ws/install/autodrive_f1tenth:/home/ammar/sim_ws/install/f1tenth_gym_ros:/home/ammar/arduinobot_ws/install/arduinobot_py_examples:/opt/ros/humble /usr/bin/cmake --install /home/ammar/turtlebot3_localization/build/turtlebot3_gazebo
[11.212s] Level 1:colcon.colcon_core.environment:create_environment_scripts_only(turtlebot3_gazebo)
[11.213s] Level 1:colcon.colcon_core.environment:checking '/home/ammar/turtlebot3_localization/install/turtlebot3_gazebo' for CMake module files
[11.213s] DEBUG:colcon.colcon_core.event_handler.log_command:Invoked command in '/home/ammar/turtlebot3_localization/build/turtlebot3_gazebo' returned '0': CMAKE_PREFIX_PATH=${CMAKE_PREFIX_PATH}:/home/ammar/ws_moveit2/install/moveit_configs_utils:/home/ammar/ws_moveit2/install/launch_param_builder:/home/ammar/ros2_ws/install/test_serial:/home/ammar/turtlebot3_localization/install/kalman_filter:/home/ammar/f110_labs_ws/install/autodrive_nigel:/home/ammar/f110_labs_ws/install/autodrive_f1tenth:/home/ammar/sim_ws/install/f1tenth_gym_ros:/home/ammar/arduinobot_ws/install/arduinobot_py_examples:/opt/ros/humble /usr/bin/cmake --install /home/ammar/turtlebot3_localization/build/turtlebot3_gazebo
[11.213s] Level 1:colcon.colcon_core.environment:checking '/home/ammar/turtlebot3_localization/install/turtlebot3_gazebo' for CMake config files
[11.214s] Level 1:colcon.colcon_core.shell:create_environment_hook('turtlebot3_gazebo', 'cmake_prefix_path')
[11.214s] INFO:colcon.colcon_core.shell:Creating environment hook '/home/ammar/turtlebot3_localization/install/turtlebot3_gazebo/share/turtlebot3_gazebo/hook/cmake_prefix_path.ps1'
[11.214s] INFO:colcon.colcon_core.shell:Creating environment descriptor '/home/ammar/turtlebot3_localization/install/turtlebot3_gazebo/share/turtlebot3_gazebo/hook/cmake_prefix_path.dsv'
[11.215s] INFO:colcon.colcon_core.shell:Creating environment hook '/home/ammar/turtlebot3_localization/install/turtlebot3_gazebo/share/turtlebot3_gazebo/hook/cmake_prefix_path.sh'
[11.215s] Level 1:colcon.colcon_core.environment:checking '/home/ammar/turtlebot3_localization/install/turtlebot3_gazebo/lib'
[11.215s] Level 1:colcon.colcon_core.environment:checking '/home/ammar/turtlebot3_localization/install/turtlebot3_gazebo/bin'
[11.215s] Level 1:colcon.colcon_core.environment:checking '/home/ammar/turtlebot3_localization/install/turtlebot3_gazebo/lib/pkgconfig/turtlebot3_gazebo.pc'
[11.215s] Level 1:colcon.colcon_core.environment:checking '/home/ammar/turtlebot3_localization/install/turtlebot3_gazebo/lib/python3.10/site-packages'
[11.215s] Level 1:colcon.colcon_core.environment:checking '/home/ammar/turtlebot3_localization/install/turtlebot3_gazebo/bin'
[11.216s] INFO:colcon.colcon_core.shell:Creating package script '/home/ammar/turtlebot3_localization/install/turtlebot3_gazebo/share/turtlebot3_gazebo/package.ps1'
[11.216s] INFO:colcon.colcon_core.shell:Creating package descriptor '/home/ammar/turtlebot3_localization/install/turtlebot3_gazebo/share/turtlebot3_gazebo/package.dsv'
[11.216s] INFO:colcon.colcon_core.shell:Creating package script '/home/ammar/turtlebot3_localization/install/turtlebot3_gazebo/share/turtlebot3_gazebo/package.sh'
[11.216s] INFO:colcon.colcon_core.shell:Creating package script '/home/ammar/turtlebot3_localization/install/turtlebot3_gazebo/share/turtlebot3_gazebo/package.bash'
[11.217s] INFO:colcon.colcon_core.shell:Creating package script '/home/ammar/turtlebot3_localization/install/turtlebot3_gazebo/share/turtlebot3_gazebo/package.zsh'
[11.217s] Level 1:colcon.colcon_core.environment:create_file_with_runtime_dependencies(/home/ammar/turtlebot3_localization/install/turtlebot3_gazebo/share/colcon-core/packages/turtlebot3_gazebo)
[11.258s] Level 1:colcon.colcon_core.environment:create_environment_scripts_only(turtlebot3_gazebo)
[11.258s] Level 1:colcon.colcon_core.environment:checking '/home/ammar/turtlebot3_localization/install/turtlebot3_gazebo' for CMake module files
[11.258s] Level 1:colcon.colcon_core.environment:checking '/home/ammar/turtlebot3_localization/install/turtlebot3_gazebo' for CMake config files
[11.259s] Level 1:colcon.colcon_core.shell:create_environment_hook('turtlebot3_gazebo', 'cmake_prefix_path')
[11.259s] INFO:colcon.colcon_core.shell:Creating environment hook '/home/ammar/turtlebot3_localization/install/turtlebot3_gazebo/share/turtlebot3_gazebo/hook/cmake_prefix_path.ps1'
[11.259s] INFO:colcon.colcon_core.shell:Creating environment descriptor '/home/ammar/turtlebot3_localization/install/turtlebot3_gazebo/share/turtlebot3_gazebo/hook/cmake_prefix_path.dsv'
[11.260s] INFO:colcon.colcon_core.shell:Creating environment hook '/home/ammar/turtlebot3_localization/install/turtlebot3_gazebo/share/turtlebot3_gazebo/hook/cmake_prefix_path.sh'
[11.260s] Level 1:colcon.colcon_core.environment:checking '/home/ammar/turtlebot3_localization/install/turtlebot3_gazebo/lib'
[11.260s] Level 1:colcon.colcon_core.environment:checking '/home/ammar/turtlebot3_localization/install/turtlebot3_gazebo/bin'
[11.260s] Level 1:colcon.colcon_core.environment:checking '/home/ammar/turtlebot3_localization/install/turtlebot3_gazebo/lib/pkgconfig/turtlebot3_gazebo.pc'
[11.260s] Level 1:colcon.colcon_core.environment:checking '/home/ammar/turtlebot3_localization/install/turtlebot3_gazebo/lib/python3.10/site-packages'
[11.261s] Level 1:colcon.colcon_core.environment:checking '/home/ammar/turtlebot3_localization/install/turtlebot3_gazebo/bin'
[11.261s] INFO:colcon.colcon_core.shell:Creating package script '/home/ammar/turtlebot3_localization/install/turtlebot3_gazebo/share/turtlebot3_gazebo/package.ps1'
[11.261s] INFO:colcon.colcon_core.shell:Creating package descriptor '/home/ammar/turtlebot3_localization/install/turtlebot3_gazebo/share/turtlebot3_gazebo/package.dsv'
[11.262s] INFO:colcon.colcon_core.shell:Creating package script '/home/ammar/turtlebot3_localization/install/turtlebot3_gazebo/share/turtlebot3_gazebo/package.sh'
[11.262s] INFO:colcon.colcon_core.shell:Creating package script '/home/ammar/turtlebot3_localization/install/turtlebot3_gazebo/share/turtlebot3_gazebo/package.bash'
[11.290s] INFO:colcon.colcon_core.shell:Creating package script '/home/ammar/turtlebot3_localization/install/turtlebot3_gazebo/share/turtlebot3_gazebo/package.zsh'
[11.290s] Level 1:colcon.colcon_core.environment:create_file_with_runtime_dependencies(/home/ammar/turtlebot3_localization/install/turtlebot3_gazebo/share/colcon-core/packages/turtlebot3_gazebo)
[12.447s] DEBUG:colcon.colcon_core.event_handler.log_command:Invoked command in '/home/ammar/turtlebot3_localization/build/turtlebot3_fake_node' returned '0': CMAKE_PREFIX_PATH=${CMAKE_PREFIX_PATH}:/home/ammar/ws_moveit2/install/moveit_configs_utils:/home/ammar/ws_moveit2/install/launch_param_builder:/home/ammar/ros2_ws/install/test_serial:/home/ammar/turtlebot3_localization/install/kalman_filter:/home/ammar/f110_labs_ws/install/autodrive_nigel:/home/ammar/f110_labs_ws/install/autodrive_f1tenth:/home/ammar/sim_ws/install/f1tenth_gym_ros:/home/ammar/arduinobot_ws/install/arduinobot_py_examples:/opt/ros/humble /usr/bin/cmake --build /home/ammar/turtlebot3_localization/build/turtlebot3_fake_node -- -j12 -l12
[12.480s] DEBUG:colcon.colcon_core.event_handler.log_command:Invoking command in '/home/ammar/turtlebot3_localization/build/turtlebot3_fake_node': CMAKE_PREFIX_PATH=${CMAKE_PREFIX_PATH}:/home/ammar/ws_moveit2/install/moveit_configs_utils:/home/ammar/ws_moveit2/install/launch_param_builder:/home/ammar/ros2_ws/install/test_serial:/home/ammar/turtlebot3_localization/install/kalman_filter:/home/ammar/f110_labs_ws/install/autodrive_nigel:/home/ammar/f110_labs_ws/install/autodrive_f1tenth:/home/ammar/sim_ws/install/f1tenth_gym_ros:/home/ammar/arduinobot_ws/install/arduinobot_py_examples:/opt/ros/humble /usr/bin/cmake --install /home/ammar/turtlebot3_localization/build/turtlebot3_fake_node
[12.515s] Level 1:colcon.colcon_core.environment:create_environment_scripts_only(turtlebot3_fake_node)
[12.515s] Level 1:colcon.colcon_core.environment:checking '/home/ammar/turtlebot3_localization/install/turtlebot3_fake_node' for CMake module files
[12.515s] DEBUG:colcon.colcon_core.event_handler.log_command:Invoked command in '/home/ammar/turtlebot3_localization/build/turtlebot3_fake_node' returned '0': CMAKE_PREFIX_PATH=${CMAKE_PREFIX_PATH}:/home/ammar/ws_moveit2/install/moveit_configs_utils:/home/ammar/ws_moveit2/install/launch_param_builder:/home/ammar/ros2_ws/install/test_serial:/home/ammar/turtlebot3_localization/install/kalman_filter:/home/ammar/f110_labs_ws/install/autodrive_nigel:/home/ammar/f110_labs_ws/install/autodrive_f1tenth:/home/ammar/sim_ws/install/f1tenth_gym_ros:/home/ammar/arduinobot_ws/install/arduinobot_py_examples:/opt/ros/humble /usr/bin/cmake --install /home/ammar/turtlebot3_localization/build/turtlebot3_fake_node
[12.516s] Level 1:colcon.colcon_core.environment:checking '/home/ammar/turtlebot3_localization/install/turtlebot3_fake_node' for CMake config files
[12.516s] Level 1:colcon.colcon_core.shell:create_environment_hook('turtlebot3_fake_node', 'cmake_prefix_path')
[12.516s] INFO:colcon.colcon_core.shell:Creating environment hook '/home/ammar/turtlebot3_localization/install/turtlebot3_fake_node/share/turtlebot3_fake_node/hook/cmake_prefix_path.ps1'
[12.517s] INFO:colcon.colcon_core.shell:Creating environment descriptor '/home/ammar/turtlebot3_localization/install/turtlebot3_fake_node/share/turtlebot3_fake_node/hook/cmake_prefix_path.dsv'
[12.517s] INFO:colcon.colcon_core.shell:Creating environment hook '/home/ammar/turtlebot3_localization/install/turtlebot3_fake_node/share/turtlebot3_fake_node/hook/cmake_prefix_path.sh'
[12.518s] Level 1:colcon.colcon_core.environment:checking '/home/ammar/turtlebot3_localization/install/turtlebot3_fake_node/lib'
[12.518s] Level 1:colcon.colcon_core.environment:checking '/home/ammar/turtlebot3_localization/install/turtlebot3_fake_node/bin'
[12.518s] Level 1:colcon.colcon_core.environment:checking '/home/ammar/turtlebot3_localization/install/turtlebot3_fake_node/lib/pkgconfig/turtlebot3_fake_node.pc'
[12.518s] Level 1:colcon.colcon_core.environment:checking '/home/ammar/turtlebot3_localization/install/turtlebot3_fake_node/lib/python3.10/site-packages'
[12.518s] Level 1:colcon.colcon_core.environment:checking '/home/ammar/turtlebot3_localization/install/turtlebot3_fake_node/bin'
[12.518s] INFO:colcon.colcon_core.shell:Creating package script '/home/ammar/turtlebot3_localization/install/turtlebot3_fake_node/share/turtlebot3_fake_node/package.ps1'
[12.519s] INFO:colcon.colcon_core.shell:Creating package descriptor '/home/ammar/turtlebot3_localization/install/turtlebot3_fake_node/share/turtlebot3_fake_node/package.dsv'
[12.519s] INFO:colcon.colcon_core.shell:Creating package script '/home/ammar/turtlebot3_localization/install/turtlebot3_fake_node/share/turtlebot3_fake_node/package.sh'
[12.519s] INFO:colcon.colcon_core.shell:Creating package script '/home/ammar/turtlebot3_localization/install/turtlebot3_fake_node/share/turtlebot3_fake_node/package.bash'
[12.520s] INFO:colcon.colcon_core.shell:Creating package script '/home/ammar/turtlebot3_localization/install/turtlebot3_fake_node/share/turtlebot3_fake_node/package.zsh'
[12.520s] Level 1:colcon.colcon_core.environment:create_file_with_runtime_dependencies(/home/ammar/turtlebot3_localization/install/turtlebot3_fake_node/share/colcon-core/packages/turtlebot3_fake_node)
[12.553s] Level 1:colcon.colcon_core.environment:create_environment_scripts_only(turtlebot3_fake_node)
[12.553s] Level 1:colcon.colcon_core.environment:checking '/home/ammar/turtlebot3_localization/install/turtlebot3_fake_node' for CMake module files
[12.554s] Level 1:colcon.colcon_core.environment:checking '/home/ammar/turtlebot3_localization/install/turtlebot3_fake_node' for CMake config files
[12.555s] Level 1:colcon.colcon_core.shell:create_environment_hook('turtlebot3_fake_node', 'cmake_prefix_path')
[12.555s] INFO:colcon.colcon_core.shell:Creating environment hook '/home/ammar/turtlebot3_localization/install/turtlebot3_fake_node/share/turtlebot3_fake_node/hook/cmake_prefix_path.ps1'
[12.556s] INFO:colcon.colcon_core.shell:Creating environment descriptor '/home/ammar/turtlebot3_localization/install/turtlebot3_fake_node/share/turtlebot3_fake_node/hook/cmake_prefix_path.dsv'
[12.556s] INFO:colcon.colcon_core.shell:Creating environment hook '/home/ammar/turtlebot3_localization/install/turtlebot3_fake_node/share/turtlebot3_fake_node/hook/cmake_prefix_path.sh'
[12.557s] Level 1:colcon.colcon_core.environment:checking '/home/ammar/turtlebot3_localization/install/turtlebot3_fake_node/lib'
[12.557s] Level 1:colcon.colcon_core.environment:checking '/home/ammar/turtlebot3_localization/install/turtlebot3_fake_node/bin'
[12.557s] Level 1:colcon.colcon_core.environment:checking '/home/ammar/turtlebot3_localization/install/turtlebot3_fake_node/lib/pkgconfig/turtlebot3_fake_node.pc'
[12.557s] Level 1:colcon.colcon_core.environment:checking '/home/ammar/turtlebot3_localization/install/turtlebot3_fake_node/lib/python3.10/site-packages'
[12.558s] Level 1:colcon.colcon_core.environment:checking '/home/ammar/turtlebot3_localization/install/turtlebot3_fake_node/bin'
[12.558s] INFO:colcon.colcon_core.shell:Creating package script '/home/ammar/turtlebot3_localization/install/turtlebot3_fake_node/share/turtlebot3_fake_node/package.ps1'
[12.559s] INFO:colcon.colcon_core.shell:Creating package descriptor '/home/ammar/turtlebot3_localization/install/turtlebot3_fake_node/share/turtlebot3_fake_node/package.dsv'
[12.559s] INFO:colcon.colcon_core.shell:Creating package script '/home/ammar/turtlebot3_localization/install/turtlebot3_fake_node/share/turtlebot3_fake_node/package.sh'
[12.560s] INFO:colcon.colcon_core.shell:Creating package script '/home/ammar/turtlebot3_localization/install/turtlebot3_fake_node/share/turtlebot3_fake_node/package.bash'
[12.560s] INFO:colcon.colcon_core.shell:Creating package script '/home/ammar/turtlebot3_localization/install/turtlebot3_fake_node/share/turtlebot3_fake_node/package.zsh'
[12.561s] Level 1:colcon.colcon_core.environment:create_file_with_runtime_dependencies(/home/ammar/turtlebot3_localization/install/turtlebot3_fake_node/share/colcon-core/packages/turtlebot3_fake_node)
[12.561s] INFO:colcon.colcon_ros.task.ament_cmake.build:Building ROS package in '/home/ammar/turtlebot3_localization/src/turtlebot3_simulations/turtlebot3_simulations' with build type 'ament_cmake'
[12.561s] INFO:colcon.colcon_cmake.task.cmake.build:Building CMake package in '/home/ammar/turtlebot3_localization/src/turtlebot3_simulations/turtlebot3_simulations'
[12.562s] INFO:colcon.colcon_core.shell:Skip shell extension 'powershell' for command environment: Not usable outside of PowerShell
[12.562s] DEBUG:colcon.colcon_core.shell:Skip shell extension 'dsv' for command environment
[12.620s] DEBUG:colcon.colcon_core.event_handler.log_command:Invoking command in '/home/ammar/turtlebot3_localization/build/turtlebot3_simulations': CMAKE_PREFIX_PATH=/home/ammar/turtlebot3_localization/install/turtlebot3_gazebo:/home/ammar/turtlebot3_localization/install/turtlebot3_fake_node:/home/ammar/ws_moveit2/install/pilz_industrial_motion_planner_testutils:/home/ammar/ws_moveit2/install/moveit_runtime:/home/ammar/ws_moveit2/install/moveit2_tutorials:/home/ammar/ws_moveit2/install/moveit:/home/ammar/ws_moveit2/install/moveit_planners:/home/ammar/ws_moveit2/install/pilz_industrial_motion_planner:/home/ammar/ws_moveit2/install/hello_moveit:/home/ammar/ws_moveit2/install/moveit_visual_tools:/home/ammar/ws_moveit2/install/moveit_task_constructor_visualization:/home/ammar/ws_moveit2/install/moveit_task_constructor_demo:/home/ammar/ws_moveit2/install/moveit_task_constructor_capabilities:/home/ammar/ws_moveit2/install/moveit_task_constructor_core:/home/ammar/ws_moveit2/install/moveit_ros_control_interface:/home/ammar/ws_moveit2/install/moveit_plugins:/home/ammar/ws_moveit2/install/moveit_simple_controller_manager:/home/ammar/ws_moveit2/install/moveit_setup_assistant:/home/ammar/ws_moveit2/install/moveit_setup_srdf_plugins:/home/ammar/ws_moveit2/install/moveit_setup_core_plugins:/home/ammar/ws_moveit2/install/moveit_setup_controllers:/home/ammar/ws_moveit2/install/moveit_setup_app_plugins:/home/ammar/ws_moveit2/install/moveit_setup_framework:/home/ammar/ws_moveit2/install/moveit_servo:/home/ammar/ws_moveit2/install/moveit_ros:/home/ammar/ws_moveit2/install/moveit_ros_visualization:/home/ammar/ws_moveit2/install/moveit_hybrid_planning:/home/ammar/ws_moveit2/install/moveit_ros_planning_interface:/home/ammar/ws_moveit2/install/moveit_ros_benchmarks:/home/ammar/ws_moveit2/install/moveit_ros_warehouse:/home/ammar/ws_moveit2/install/moveit_ros_robot_interaction:/home/ammar/ws_moveit2/install/moveit_ros_perception:/home/ammar/ws_moveit2/install/moveit_resources_prbt_pg70_support:/home/ammar/ws_moveit2/install/moveit_resources_prbt_moveit_config:/home/ammar/ws_moveit2/install/moveit_ros_move_group:/home/ammar/ws_moveit2/install/moveit_planners_ompl:/home/ammar/ws_moveit2/install/moveit_ros_planning:/home/ammar/ws_moveit2/install/moveit_ros_occupancy_map_monitor:/home/ammar/ws_moveit2/install/moveit_resources_prbt_ikfast_manipulator_plugin:/home/ammar/ws_moveit2/install/moveit_planners_chomp:/home/ammar/ws_moveit2/install/moveit_kinematics:/home/ammar/ws_moveit2/install/moveit_chomp_optimizer_adapter:/home/ammar/ws_moveit2/install/chomp_motion_planner:/home/ammar/ws_moveit2/install/moveit_core:/home/ammar/ws_moveit2/install/srdfdom:/home/ammar/ws_moveit2/install/rviz_marker_tools:/home/ammar/ws_moveit2/install/rosparam_shortcuts:/home/ammar/ws_moveit2/install/moveit_task_constructor_msgs:/home/ammar/ws_moveit2/install/moveit_resources_prbt_support:/home/ammar/ws_moveit2/install/moveit_resources:/home/ammar/ws_moveit2/install/moveit_resources_pr2_description:/home/ammar/ws_moveit2/install/moveit_resources_panda_moveit_config:/home/ammar/ws_moveit2/install/moveit_resources_panda_description:/home/ammar/ws_moveit2/install/moveit_resources_fanuc_moveit_config:/home/ammar/ws_moveit2/install/moveit_resources_fanuc_description:/home/ammar/ws_moveit2/install/moveit_common:/home/ammar/f1tenth_lab5_template/install/lab5_pkg:/home/ammar/ros2_ws/install/closed_loop_test:/home/ammar/turtlebot3_localization/install/turtlebot3_simulations:/home/ammar/f110_labs_ws/install/lab1_pkg:/home/ammar/arduinobot_ws/install/arm_moveit_nolimitsw:/home/ammar/arduinobot_ws/install/arm_collision_free_urdf:/home/ammar/arduinobot_ws/install/arduinobot_utils:/home/ammar/arduinobot_ws/install/arduinobot_cpp_examples:/home/ammar/arduinobot_ws/install/arduinobot_msgs:/home/ammar/arduinobot_ws/install/arduinobot_moveit:/home/ammar/arduinobot_ws/install/arduinobot_controller:/home/ammar/arduinobot_ws/install/arduinobot_ar2_moveit:/home/ammar/arduinobot_ws/install/arduinobot_description:/home/ammar/ws_moveit2/install/moveit_configs_utils:/home/ammar/ws_moveit2/install/launch_param_builder:/home/ammar/ros2_ws/install/test_serial:/home/ammar/turtlebot3_localization/install/kalman_filter:/home/ammar/f110_labs_ws/install/autodrive_nigel:/home/ammar/f110_labs_ws/install/autodrive_f1tenth:/home/ammar/sim_ws/install/f1tenth_gym_ros:/home/ammar/arduinobot_ws/install/arduinobot_py_examples:/opt/ros/humble /usr/bin/cmake --build /home/ammar/turtlebot3_localization/build/turtlebot3_simulations -- -j12 -l12
[12.974s] DEBUG:colcon.colcon_core.event_handler.log_command:Invoked command in '/home/ammar/turtlebot3_localization/build/turtlebot3_simulations' returned '0': CMAKE_PREFIX_PATH=/home/ammar/turtlebot3_localization/install/turtlebot3_gazebo:/home/ammar/turtlebot3_localization/install/turtlebot3_fake_node:/home/ammar/ws_moveit2/install/pilz_industrial_motion_planner_testutils:/home/ammar/ws_moveit2/install/moveit_runtime:/home/ammar/ws_moveit2/install/moveit2_tutorials:/home/ammar/ws_moveit2/install/moveit:/home/ammar/ws_moveit2/install/moveit_planners:/home/ammar/ws_moveit2/install/pilz_industrial_motion_planner:/home/ammar/ws_moveit2/install/hello_moveit:/home/ammar/ws_moveit2/install/moveit_visual_tools:/home/ammar/ws_moveit2/install/moveit_task_constructor_visualization:/home/ammar/ws_moveit2/install/moveit_task_constructor_demo:/home/ammar/ws_moveit2/install/moveit_task_constructor_capabilities:/home/ammar/ws_moveit2/install/moveit_task_constructor_core:/home/ammar/ws_moveit2/install/moveit_ros_control_interface:/home/ammar/ws_moveit2/install/moveit_plugins:/home/ammar/ws_moveit2/install/moveit_simple_controller_manager:/home/ammar/ws_moveit2/install/moveit_setup_assistant:/home/ammar/ws_moveit2/install/moveit_setup_srdf_plugins:/home/ammar/ws_moveit2/install/moveit_setup_core_plugins:/home/ammar/ws_moveit2/install/moveit_setup_controllers:/home/ammar/ws_moveit2/install/moveit_setup_app_plugins:/home/ammar/ws_moveit2/install/moveit_setup_framework:/home/ammar/ws_moveit2/install/moveit_servo:/home/ammar/ws_moveit2/install/moveit_ros:/home/ammar/ws_moveit2/install/moveit_ros_visualization:/home/ammar/ws_moveit2/install/moveit_hybrid_planning:/home/ammar/ws_moveit2/install/moveit_ros_planning_interface:/home/ammar/ws_moveit2/install/moveit_ros_benchmarks:/home/ammar/ws_moveit2/install/moveit_ros_warehouse:/home/ammar/ws_moveit2/install/moveit_ros_robot_interaction:/home/ammar/ws_moveit2/install/moveit_ros_perception:/home/ammar/ws_moveit2/install/moveit_resources_prbt_pg70_support:/home/ammar/ws_moveit2/install/moveit_resources_prbt_moveit_config:/home/ammar/ws_moveit2/install/moveit_ros_move_group:/home/ammar/ws_moveit2/install/moveit_planners_ompl:/home/ammar/ws_moveit2/install/moveit_ros_planning:/home/ammar/ws_moveit2/install/moveit_ros_occupancy_map_monitor:/home/ammar/ws_moveit2/install/moveit_resources_prbt_ikfast_manipulator_plugin:/home/ammar/ws_moveit2/install/moveit_planners_chomp:/home/ammar/ws_moveit2/install/moveit_kinematics:/home/ammar/ws_moveit2/install/moveit_chomp_optimizer_adapter:/home/ammar/ws_moveit2/install/chomp_motion_planner:/home/ammar/ws_moveit2/install/moveit_core:/home/ammar/ws_moveit2/install/srdfdom:/home/ammar/ws_moveit2/install/rviz_marker_tools:/home/ammar/ws_moveit2/install/rosparam_shortcuts:/home/ammar/ws_moveit2/install/moveit_task_constructor_msgs:/home/ammar/ws_moveit2/install/moveit_resources_prbt_support:/home/ammar/ws_moveit2/install/moveit_resources:/home/ammar/ws_moveit2/install/moveit_resources_pr2_description:/home/ammar/ws_moveit2/install/moveit_resources_panda_moveit_config:/home/ammar/ws_moveit2/install/moveit_resources_panda_description:/home/ammar/ws_moveit2/install/moveit_resources_fanuc_moveit_config:/home/ammar/ws_moveit2/install/moveit_resources_fanuc_description:/home/ammar/ws_moveit2/install/moveit_common:/home/ammar/f1tenth_lab5_template/install/lab5_pkg:/home/ammar/ros2_ws/install/closed_loop_test:/home/ammar/turtlebot3_localization/install/turtlebot3_simulations:/home/ammar/f110_labs_ws/install/lab1_pkg:/home/ammar/arduinobot_ws/install/arm_moveit_nolimitsw:/home/ammar/arduinobot_ws/install/arm_collision_free_urdf:/home/ammar/arduinobot_ws/install/arduinobot_utils:/home/ammar/arduinobot_ws/install/arduinobot_cpp_examples:/home/ammar/arduinobot_ws/install/arduinobot_msgs:/home/ammar/arduinobot_ws/install/arduinobot_moveit:/home/ammar/arduinobot_ws/install/arduinobot_controller:/home/ammar/arduinobot_ws/install/arduinobot_ar2_moveit:/home/ammar/arduinobot_ws/install/arduinobot_description:/home/ammar/ws_moveit2/install/moveit_configs_utils:/home/ammar/ws_moveit2/install/launch_param_builder:/home/ammar/ros2_ws/install/test_serial:/home/ammar/turtlebot3_localization/install/kalman_filter:/home/ammar/f110_labs_ws/install/autodrive_nigel:/home/ammar/f110_labs_ws/install/autodrive_f1tenth:/home/ammar/sim_ws/install/f1tenth_gym_ros:/home/ammar/arduinobot_ws/install/arduinobot_py_examples:/opt/ros/humble /usr/bin/cmake --build /home/ammar/turtlebot3_localization/build/turtlebot3_simulations -- -j12 -l12
[13.007s] DEBUG:colcon.colcon_core.event_handler.log_command:Invoking command in '/home/ammar/turtlebot3_localization/build/turtlebot3_simulations': CMAKE_PREFIX_PATH=/home/ammar/turtlebot3_localization/install/turtlebot3_gazebo:/home/ammar/turtlebot3_localization/install/turtlebot3_fake_node:/home/ammar/ws_moveit2/install/pilz_industrial_motion_planner_testutils:/home/ammar/ws_moveit2/install/moveit_runtime:/home/ammar/ws_moveit2/install/moveit2_tutorials:/home/ammar/ws_moveit2/install/moveit:/home/ammar/ws_moveit2/install/moveit_planners:/home/ammar/ws_moveit2/install/pilz_industrial_motion_planner:/home/ammar/ws_moveit2/install/hello_moveit:/home/ammar/ws_moveit2/install/moveit_visual_tools:/home/ammar/ws_moveit2/install/moveit_task_constructor_visualization:/home/ammar/ws_moveit2/install/moveit_task_constructor_demo:/home/ammar/ws_moveit2/install/moveit_task_constructor_capabilities:/home/ammar/ws_moveit2/install/moveit_task_constructor_core:/home/ammar/ws_moveit2/install/moveit_ros_control_interface:/home/ammar/ws_moveit2/install/moveit_plugins:/home/ammar/ws_moveit2/install/moveit_simple_controller_manager:/home/ammar/ws_moveit2/install/moveit_setup_assistant:/home/ammar/ws_moveit2/install/moveit_setup_srdf_plugins:/home/ammar/ws_moveit2/install/moveit_setup_core_plugins:/home/ammar/ws_moveit2/install/moveit_setup_controllers:/home/ammar/ws_moveit2/install/moveit_setup_app_plugins:/home/ammar/ws_moveit2/install/moveit_setup_framework:/home/ammar/ws_moveit2/install/moveit_servo:/home/ammar/ws_moveit2/install/moveit_ros:/home/ammar/ws_moveit2/install/moveit_ros_visualization:/home/ammar/ws_moveit2/install/moveit_hybrid_planning:/home/ammar/ws_moveit2/install/moveit_ros_planning_interface:/home/ammar/ws_moveit2/install/moveit_ros_benchmarks:/home/ammar/ws_moveit2/install/moveit_ros_warehouse:/home/ammar/ws_moveit2/install/moveit_ros_robot_interaction:/home/ammar/ws_moveit2/install/moveit_ros_perception:/home/ammar/ws_moveit2/install/moveit_resources_prbt_pg70_support:/home/ammar/ws_moveit2/install/moveit_resources_prbt_moveit_config:/home/ammar/ws_moveit2/install/moveit_ros_move_group:/home/ammar/ws_moveit2/install/moveit_planners_ompl:/home/ammar/ws_moveit2/install/moveit_ros_planning:/home/ammar/ws_moveit2/install/moveit_ros_occupancy_map_monitor:/home/ammar/ws_moveit2/install/moveit_resources_prbt_ikfast_manipulator_plugin:/home/ammar/ws_moveit2/install/moveit_planners_chomp:/home/ammar/ws_moveit2/install/moveit_kinematics:/home/ammar/ws_moveit2/install/moveit_chomp_optimizer_adapter:/home/ammar/ws_moveit2/install/chomp_motion_planner:/home/ammar/ws_moveit2/install/moveit_core:/home/ammar/ws_moveit2/install/srdfdom:/home/ammar/ws_moveit2/install/rviz_marker_tools:/home/ammar/ws_moveit2/install/rosparam_shortcuts:/home/ammar/ws_moveit2/install/moveit_task_constructor_msgs:/home/ammar/ws_moveit2/install/moveit_resources_prbt_support:/home/ammar/ws_moveit2/install/moveit_resources:/home/ammar/ws_moveit2/install/moveit_resources_pr2_description:/home/ammar/ws_moveit2/install/moveit_resources_panda_moveit_config:/home/ammar/ws_moveit2/install/moveit_resources_panda_description:/home/ammar/ws_moveit2/install/moveit_resources_fanuc_moveit_config:/home/ammar/ws_moveit2/install/moveit_resources_fanuc_description:/home/ammar/ws_moveit2/install/moveit_common:/home/ammar/f1tenth_lab5_template/install/lab5_pkg:/home/ammar/ros2_ws/install/closed_loop_test:/home/ammar/turtlebot3_localization/install/turtlebot3_simulations:/home/ammar/f110_labs_ws/install/lab1_pkg:/home/ammar/arduinobot_ws/install/arm_moveit_nolimitsw:/home/ammar/arduinobot_ws/install/arm_collision_free_urdf:/home/ammar/arduinobot_ws/install/arduinobot_utils:/home/ammar/arduinobot_ws/install/arduinobot_cpp_examples:/home/ammar/arduinobot_ws/install/arduinobot_msgs:/home/ammar/arduinobot_ws/install/arduinobot_moveit:/home/ammar/arduinobot_ws/install/arduinobot_controller:/home/ammar/arduinobot_ws/install/arduinobot_ar2_moveit:/home/ammar/arduinobot_ws/install/arduinobot_description:/home/ammar/ws_moveit2/install/moveit_configs_utils:/home/ammar/ws_moveit2/install/launch_param_builder:/home/ammar/ros2_ws/install/test_serial:/home/ammar/turtlebot3_localization/install/kalman_filter:/home/ammar/f110_labs_ws/install/autodrive_nigel:/home/ammar/f110_labs_ws/install/autodrive_f1tenth:/home/ammar/sim_ws/install/f1tenth_gym_ros:/home/ammar/arduinobot_ws/install/arduinobot_py_examples:/opt/ros/humble /usr/bin/cmake --install /home/ammar/turtlebot3_localization/build/turtlebot3_simulations
[13.032s] Level 1:colcon.colcon_core.environment:create_environment_scripts_only(turtlebot3_simulations)
[13.032s] Level 1:colcon.colcon_core.environment:checking '/home/ammar/turtlebot3_localization/install/turtlebot3_simulations' for CMake module files
[13.033s] DEBUG:colcon.colcon_core.event_handler.log_command:Invoked command in '/home/ammar/turtlebot3_localization/build/turtlebot3_simulations' returned '0': CMAKE_PREFIX_PATH=/home/ammar/turtlebot3_localization/install/turtlebot3_gazebo:/home/ammar/turtlebot3_localization/install/turtlebot3_fake_node:/home/ammar/ws_moveit2/install/pilz_industrial_motion_planner_testutils:/home/ammar/ws_moveit2/install/moveit_runtime:/home/ammar/ws_moveit2/install/moveit2_tutorials:/home/ammar/ws_moveit2/install/moveit:/home/ammar/ws_moveit2/install/moveit_planners:/home/ammar/ws_moveit2/install/pilz_industrial_motion_planner:/home/ammar/ws_moveit2/install/hello_moveit:/home/ammar/ws_moveit2/install/moveit_visual_tools:/home/ammar/ws_moveit2/install/moveit_task_constructor_visualization:/home/ammar/ws_moveit2/install/moveit_task_constructor_demo:/home/ammar/ws_moveit2/install/moveit_task_constructor_capabilities:/home/ammar/ws_moveit2/install/moveit_task_constructor_core:/home/ammar/ws_moveit2/install/moveit_ros_control_interface:/home/ammar/ws_moveit2/install/moveit_plugins:/home/ammar/ws_moveit2/install/moveit_simple_controller_manager:/home/ammar/ws_moveit2/install/moveit_setup_assistant:/home/ammar/ws_moveit2/install/moveit_setup_srdf_plugins:/home/ammar/ws_moveit2/install/moveit_setup_core_plugins:/home/ammar/ws_moveit2/install/moveit_setup_controllers:/home/ammar/ws_moveit2/install/moveit_setup_app_plugins:/home/ammar/ws_moveit2/install/moveit_setup_framework:/home/ammar/ws_moveit2/install/moveit_servo:/home/ammar/ws_moveit2/install/moveit_ros:/home/ammar/ws_moveit2/install/moveit_ros_visualization:/home/ammar/ws_moveit2/install/moveit_hybrid_planning:/home/ammar/ws_moveit2/install/moveit_ros_planning_interface:/home/ammar/ws_moveit2/install/moveit_ros_benchmarks:/home/ammar/ws_moveit2/install/moveit_ros_warehouse:/home/ammar/ws_moveit2/install/moveit_ros_robot_interaction:/home/ammar/ws_moveit2/install/moveit_ros_perception:/home/ammar/ws_moveit2/install/moveit_resources_prbt_pg70_support:/home/ammar/ws_moveit2/install/moveit_resources_prbt_moveit_config:/home/ammar/ws_moveit2/install/moveit_ros_move_group:/home/ammar/ws_moveit2/install/moveit_planners_ompl:/home/ammar/ws_moveit2/install/moveit_ros_planning:/home/ammar/ws_moveit2/install/moveit_ros_occupancy_map_monitor:/home/ammar/ws_moveit2/install/moveit_resources_prbt_ikfast_manipulator_plugin:/home/ammar/ws_moveit2/install/moveit_planners_chomp:/home/ammar/ws_moveit2/install/moveit_kinematics:/home/ammar/ws_moveit2/install/moveit_chomp_optimizer_adapter:/home/ammar/ws_moveit2/install/chomp_motion_planner:/home/ammar/ws_moveit2/install/moveit_core:/home/ammar/ws_moveit2/install/srdfdom:/home/ammar/ws_moveit2/install/rviz_marker_tools:/home/ammar/ws_moveit2/install/rosparam_shortcuts:/home/ammar/ws_moveit2/install/moveit_task_constructor_msgs:/home/ammar/ws_moveit2/install/moveit_resources_prbt_support:/home/ammar/ws_moveit2/install/moveit_resources:/home/ammar/ws_moveit2/install/moveit_resources_pr2_description:/home/ammar/ws_moveit2/install/moveit_resources_panda_moveit_config:/home/ammar/ws_moveit2/install/moveit_resources_panda_description:/home/ammar/ws_moveit2/install/moveit_resources_fanuc_moveit_config:/home/ammar/ws_moveit2/install/moveit_resources_fanuc_description:/home/ammar/ws_moveit2/install/moveit_common:/home/ammar/f1tenth_lab5_template/install/lab5_pkg:/home/ammar/ros2_ws/install/closed_loop_test:/home/ammar/turtlebot3_localization/install/turtlebot3_simulations:/home/ammar/f110_labs_ws/install/lab1_pkg:/home/ammar/arduinobot_ws/install/arm_moveit_nolimitsw:/home/ammar/arduinobot_ws/install/arm_collision_free_urdf:/home/ammar/arduinobot_ws/install/arduinobot_utils:/home/ammar/arduinobot_ws/install/arduinobot_cpp_examples:/home/ammar/arduinobot_ws/install/arduinobot_msgs:/home/ammar/arduinobot_ws/install/arduinobot_moveit:/home/ammar/arduinobot_ws/install/arduinobot_controller:/home/ammar/arduinobot_ws/install/arduinobot_ar2_moveit:/home/ammar/arduinobot_ws/install/arduinobot_description:/home/ammar/ws_moveit2/install/moveit_configs_utils:/home/ammar/ws_moveit2/install/launch_param_builder:/home/ammar/ros2_ws/install/test_serial:/home/ammar/turtlebot3_localization/install/kalman_filter:/home/ammar/f110_labs_ws/install/autodrive_nigel:/home/ammar/f110_labs_ws/install/autodrive_f1tenth:/home/ammar/sim_ws/install/f1tenth_gym_ros:/home/ammar/arduinobot_ws/install/arduinobot_py_examples:/opt/ros/humble /usr/bin/cmake --install /home/ammar/turtlebot3_localization/build/turtlebot3_simulations
[13.034s] Level 1:colcon.colcon_core.environment:checking '/home/ammar/turtlebot3_localization/install/turtlebot3_simulations' for CMake config files
[13.034s] Level 1:colcon.colcon_core.shell:create_environment_hook('turtlebot3_simulations', 'cmake_prefix_path')
[13.034s] INFO:colcon.colcon_core.shell:Creating environment hook '/home/ammar/turtlebot3_localization/install/turtlebot3_simulations/share/turtlebot3_simulations/hook/cmake_prefix_path.ps1'
[13.035s] INFO:colcon.colcon_core.shell:Creating environment descriptor '/home/ammar/turtlebot3_localization/install/turtlebot3_simulations/share/turtlebot3_simulations/hook/cmake_prefix_path.dsv'
[13.035s] INFO:colcon.colcon_core.shell:Creating environment hook '/home/ammar/turtlebot3_localization/install/turtlebot3_simulations/share/turtlebot3_simulations/hook/cmake_prefix_path.sh'
[13.036s] Level 1:colcon.colcon_core.environment:checking '/home/ammar/turtlebot3_localization/install/turtlebot3_simulations/bin'
[13.036s] Level 1:colcon.colcon_core.environment:checking '/home/ammar/turtlebot3_localization/install/turtlebot3_simulations/lib/pkgconfig/turtlebot3_simulations.pc'
[13.037s] Level 1:colcon.colcon_core.environment:checking '/home/ammar/turtlebot3_localization/install/turtlebot3_simulations/lib/python3.10/site-packages'
[13.037s] Level 1:colcon.colcon_core.environment:checking '/home/ammar/turtlebot3_localization/install/turtlebot3_simulations/bin'
[13.037s] INFO:colcon.colcon_core.shell:Creating package script '/home/ammar/turtlebot3_localization/install/turtlebot3_simulations/share/turtlebot3_simulations/package.ps1'
[13.038s] INFO:colcon.colcon_core.shell:Creating package descriptor '/home/ammar/turtlebot3_localization/install/turtlebot3_simulations/share/turtlebot3_simulations/package.dsv'
[13.039s] INFO:colcon.colcon_core.shell:Creating package script '/home/ammar/turtlebot3_localization/install/turtlebot3_simulations/share/turtlebot3_simulations/package.sh'
[13.039s] INFO:colcon.colcon_core.shell:Creating package script '/home/ammar/turtlebot3_localization/install/turtlebot3_simulations/share/turtlebot3_simulations/package.bash'
[13.040s] INFO:colcon.colcon_core.shell:Creating package script '/home/ammar/turtlebot3_localization/install/turtlebot3_simulations/share/turtlebot3_simulations/package.zsh'
[13.040s] Level 1:colcon.colcon_core.environment:create_file_with_runtime_dependencies(/home/ammar/turtlebot3_localization/install/turtlebot3_simulations/share/colcon-core/packages/turtlebot3_simulations)
[13.073s] Level 1:colcon.colcon_core.environment:create_environment_scripts_only(turtlebot3_simulations)
[13.073s] Level 1:colcon.colcon_core.environment:checking '/home/ammar/turtlebot3_localization/install/turtlebot3_simulations' for CMake module files
[13.074s] Level 1:colcon.colcon_core.environment:checking '/home/ammar/turtlebot3_localization/install/turtlebot3_simulations' for CMake config files
[13.074s] Level 1:colcon.colcon_core.shell:create_environment_hook('turtlebot3_simulations', 'cmake_prefix_path')
[13.075s] INFO:colcon.colcon_core.shell:Creating environment hook '/home/ammar/turtlebot3_localization/install/turtlebot3_simulations/share/turtlebot3_simulations/hook/cmake_prefix_path.ps1'
[13.075s] INFO:colcon.colcon_core.shell:Creating environment descriptor '/home/ammar/turtlebot3_localization/install/turtlebot3_simulations/share/turtlebot3_simulations/hook/cmake_prefix_path.dsv'
[13.076s] INFO:colcon.colcon_core.shell:Creating environment hook '/home/ammar/turtlebot3_localization/install/turtlebot3_simulations/share/turtlebot3_simulations/hook/cmake_prefix_path.sh'
[13.076s] Level 1:colcon.colcon_core.environment:checking '/home/ammar/turtlebot3_localization/install/turtlebot3_simulations/bin'
[13.077s] Level 1:colcon.colcon_core.environment:checking '/home/ammar/turtlebot3_localization/install/turtlebot3_simulations/lib/pkgconfig/turtlebot3_simulations.pc'
[13.077s] Level 1:colcon.colcon_core.environment:checking '/home/ammar/turtlebot3_localization/install/turtlebot3_simulations/lib/python3.10/site-packages'
[13.077s] Level 1:colcon.colcon_core.environment:checking '/home/ammar/turtlebot3_localization/install/turtlebot3_simulations/bin'
[13.078s] INFO:colcon.colcon_core.shell:Creating package script '/home/ammar/turtlebot3_localization/install/turtlebot3_simulations/share/turtlebot3_simulations/package.ps1'
[13.078s] INFO:colcon.colcon_core.shell:Creating package descriptor '/home/ammar/turtlebot3_localization/install/turtlebot3_simulations/share/turtlebot3_simulations/package.dsv'
[13.079s] INFO:colcon.colcon_core.shell:Creating package script '/home/ammar/turtlebot3_localization/install/turtlebot3_simulations/share/turtlebot3_simulations/package.sh'
[13.080s] INFO:colcon.colcon_core.shell:Creating package script '/home/ammar/turtlebot3_localization/install/turtlebot3_simulations/share/turtlebot3_simulations/package.bash'
[13.080s] INFO:colcon.colcon_core.shell:Creating package script '/home/ammar/turtlebot3_localization/install/turtlebot3_simulations/share/turtlebot3_simulations/package.zsh'
[13.081s] Level 1:colcon.colcon_core.environment:create_file_with_runtime_dependencies(/home/ammar/turtlebot3_localization/install/turtlebot3_simulations/share/colcon-core/packages/turtlebot3_simulations)
[13.081s] DEBUG:colcon.colcon_parallel_executor.executor.parallel:closing loop
[13.082s] DEBUG:colcon.colcon_parallel_executor.executor.parallel:loop closed
[13.082s] DEBUG:colcon.colcon_parallel_executor.executor.parallel:run_until_complete finished with '0'
[13.082s] DEBUG:colcon.colcon_core.event_reactor:joining thread
[13.111s] INFO:colcon.colcon_core.plugin_system:Skipping extension 'colcon_notification.desktop_notification.terminal_notifier': Not used on non-Darwin systems
[13.112s] INFO:colcon.colcon_core.plugin_system:Skipping extension 'colcon_notification.desktop_notification.win32': Not used on non-Windows systems
[13.112s] INFO:colcon.colcon_notification.desktop_notification:Sending desktop notification using 'notify2'
[13.131s] DEBUG:colcon.colcon_core.event_reactor:joined thread
[13.132s] INFO:colcon.colcon_core.shell:Creating prefix script '/home/ammar/turtlebot3_localization/install/local_setup.ps1'
[13.147s] INFO:colcon.colcon_core.shell:Creating prefix util module '/home/ammar/turtlebot3_localization/install/_local_setup_util_ps1.py'
[13.185s] INFO:colcon.colcon_core.shell:Creating prefix chain script '/home/ammar/turtlebot3_localization/install/setup.ps1'
[13.189s] INFO:colcon.colcon_core.shell:Creating prefix script '/home/ammar/turtlebot3_localization/install/local_setup.sh'
[13.190s] INFO:colcon.colcon_core.shell:Creating prefix util module '/home/ammar/turtlebot3_localization/install/_local_setup_util_sh.py'
[13.190s] INFO:colcon.colcon_core.shell:Creating prefix chain script '/home/ammar/turtlebot3_localization/install/setup.sh'
[13.194s] INFO:colcon.colcon_core.shell:Creating prefix script '/home/ammar/turtlebot3_localization/install/local_setup.bash'
[13.212s] INFO:colcon.colcon_core.shell:Creating prefix chain script '/home/ammar/turtlebot3_localization/install/setup.bash'
[13.216s] INFO:colcon.colcon_core.shell:Creating prefix script '/home/ammar/turtlebot3_localization/install/local_setup.zsh'
[13.231s] INFO:colcon.colcon_core.shell:Creating prefix chain script '/home/ammar/turtlebot3_localization/install/setup.zsh'
