[1.363s] DEBUG:colcon:Command line arguments: ['/usr/bin/colcon', 'build', '--symlink-install']
[1.364s] DEBUG:colcon:Parsed command line arguments: Namespace(log_base=None, log_level=None, verb_name='build', build_base='build', install_base='install', merge_install=False, symlink_install=True, test_result_base=None, continue_on_error=False, executor='parallel', parallel_workers=12, event_handlers=None, ignore_user_meta=False, metas=['./colcon.meta'], base_paths=['.'], packages_ignore=None, packages_ignore_regex=None, paths=None, packages_up_to=None, packages_up_to_regex=None, packages_above=None, packages_above_and_dependencies=None, packages_above_depth=None, packages_select_by_dep=None, packages_skip_by_dep=None, packages_skip_up_to=None, packages_select_build_failed=False, packages_skip_build_finished=False, packages_select_test_failures=False, packages_skip_test_passed=False, packages_select=None, packages_skip=None, packages_select_regex=None, packages_skip_regex=None, packages_start=None, packages_end=None, allow_overriding=[], cmake_args=None, cmake_target=None, cmake_target_skip_unavailable=False, cmake_clean_cache=False, cmake_clean_first=False, cmake_force_configure=False, ament_cmake_args=None, catkin_cmake_args=None, catkin_skip_building_tests=False, mixin_files=None, mixin=None, verb_parser=<colcon_mixin.mixin.mixin_argument.MixinArgumentDecorator object at 0x790c0036e710>, verb_extension=<colcon_core.verb.build.BuildVerb object at 0x790c0036e1a0>, main=<bound method BuildVerb.main of <colcon_core.verb.build.BuildVerb object at 0x790c0036e1a0>>, mixin_verb=('build',))
[2.020s] Level 1:colcon.colcon_core.package_discovery:discover_packages(colcon_meta) check parameters
[2.020s] Level 1:colcon.colcon_core.package_discovery:discover_packages(recursive) check parameters
[2.021s] Level 1:colcon.colcon_core.package_discovery:discover_packages(ignore) check parameters
[2.021s] Level 1:colcon.colcon_core.package_discovery:discover_packages(path) check parameters
[2.021s] Level 1:colcon.colcon_core.package_discovery:discover_packages(colcon_meta) discover
[2.021s] Level 1:colcon.colcon_core.package_discovery:discover_packages(recursive) discover
[2.021s] INFO:colcon.colcon_core.package_discovery:Crawling recursively for packages in '/home/ammar/turtlebot3_localization'
[2.021s] Level 1:colcon.colcon_core.package_identification:_identify(.) by extensions ['ignore', 'ignore_ament_install']
[2.021s] Level 1:colcon.colcon_core.package_identification:_identify(.) by extension 'ignore'
[2.021s] Level 1:colcon.colcon_core.package_identification:_identify(.) by extension 'ignore_ament_install'
[2.021s] Level 1:colcon.colcon_core.package_identification:_identify(.) by extensions ['colcon_pkg']
[2.021s] Level 1:colcon.colcon_core.package_identification:_identify(.) by extension 'colcon_pkg'
[2.021s] Level 1:colcon.colcon_core.package_identification:_identify(.) by extensions ['colcon_meta']
[2.021s] Level 1:colcon.colcon_core.package_identification:_identify(.) by extension 'colcon_meta'
[2.021s] Level 1:colcon.colcon_core.package_identification:_identify(.) by extensions ['ros']
[2.021s] Level 1:colcon.colcon_core.package_identification:_identify(.) by extension 'ros'
[2.034s] Level 1:colcon.colcon_core.package_identification:_identify(.) by extensions ['cmake', 'python']
[2.034s] Level 1:colcon.colcon_core.package_identification:_identify(.) by extension 'cmake'
[2.034s] Level 1:colcon.colcon_core.package_identification:_identify(.) by extension 'python'
[2.034s] Level 1:colcon.colcon_core.package_identification:_identify(.) by extensions ['python_setup_py']
[2.034s] Level 1:colcon.colcon_core.package_identification:_identify(.) by extension 'python_setup_py'
[2.034s] Level 1:colcon.colcon_core.package_identification:_identify(build) by extensions ['ignore', 'ignore_ament_install']
[2.035s] Level 1:colcon.colcon_core.package_identification:_identify(build) by extension 'ignore'
[2.035s] Level 1:colcon.colcon_core.package_identification:_identify(build) ignored
[2.035s] Level 1:colcon.colcon_core.package_identification:_identify(install) by extensions ['ignore', 'ignore_ament_install']
[2.035s] Level 1:colcon.colcon_core.package_identification:_identify(install) by extension 'ignore'
[2.035s] Level 1:colcon.colcon_core.package_identification:_identify(install) ignored
[2.053s] Level 1:colcon.colcon_core.package_identification:_identify(log) by extensions ['ignore', 'ignore_ament_install']
[2.053s] Level 1:colcon.colcon_core.package_identification:_identify(log) by extension 'ignore'
[2.053s] Level 1:colcon.colcon_core.package_identification:_identify(log) ignored
[2.053s] Level 1:colcon.colcon_core.package_identification:_identify(src) by extensions ['ignore', 'ignore_ament_install']
[2.054s] Level 1:colcon.colcon_core.package_identification:_identify(src) by extension 'ignore'
[2.054s] Level 1:colcon.colcon_core.package_identification:_identify(src) by extension 'ignore_ament_install'
[2.054s] Level 1:colcon.colcon_core.package_identification:_identify(src) by extensions ['colcon_pkg']
[2.054s] Level 1:colcon.colcon_core.package_identification:_identify(src) by extension 'colcon_pkg'
[2.054s] Level 1:colcon.colcon_core.package_identification:_identify(src) by extensions ['colcon_meta']
[2.054s] Level 1:colcon.colcon_core.package_identification:_identify(src) by extension 'colcon_meta'
[2.054s] Level 1:colcon.colcon_core.package_identification:_identify(src) by extensions ['ros']
[2.054s] Level 1:colcon.colcon_core.package_identification:_identify(src) by extension 'ros'
[2.054s] Level 1:colcon.colcon_core.package_identification:_identify(src) by extensions ['cmake', 'python']
[2.054s] Level 1:colcon.colcon_core.package_identification:_identify(src) by extension 'cmake'
[2.054s] Level 1:colcon.colcon_core.package_identification:_identify(src) by extension 'python'
[2.054s] Level 1:colcon.colcon_core.package_identification:_identify(src) by extensions ['python_setup_py']
[2.054s] Level 1:colcon.colcon_core.package_identification:_identify(src) by extension 'python_setup_py'
[2.068s] Level 1:colcon.colcon_core.package_identification:_identify(src/kalman_filter) by extensions ['ignore', 'ignore_ament_install']
[2.068s] Level 1:colcon.colcon_core.package_identification:_identify(src/kalman_filter) by extension 'ignore'
[2.068s] Level 1:colcon.colcon_core.package_identification:_identify(src/kalman_filter) by extension 'ignore_ament_install'
[2.068s] Level 1:colcon.colcon_core.package_identification:_identify(src/kalman_filter) by extensions ['colcon_pkg']
[2.068s] Level 1:colcon.colcon_core.package_identification:_identify(src/kalman_filter) by extension 'colcon_pkg'
[2.068s] Level 1:colcon.colcon_core.package_identification:_identify(src/kalman_filter) by extensions ['colcon_meta']
[2.068s] Level 1:colcon.colcon_core.package_identification:_identify(src/kalman_filter) by extension 'colcon_meta'
[2.068s] Level 1:colcon.colcon_core.package_identification:_identify(src/kalman_filter) by extensions ['ros']
[2.068s] Level 1:colcon.colcon_core.package_identification:_identify(src/kalman_filter) by extension 'ros'
[2.089s] DEBUG:colcon.colcon_core.package_identification:Package 'src/kalman_filter' with type 'ros.ament_python' and name 'kalman_filter'
[2.090s] Level 1:colcon.colcon_core.package_identification:_identify(src/turtlebot3_simulations) by extensions ['ignore', 'ignore_ament_install']
[2.090s] Level 1:colcon.colcon_core.package_identification:_identify(src/turtlebot3_simulations) by extension 'ignore'
[2.090s] Level 1:colcon.colcon_core.package_identification:_identify(src/turtlebot3_simulations) by extension 'ignore_ament_install'
[2.091s] Level 1:colcon.colcon_core.package_identification:_identify(src/turtlebot3_simulations) by extensions ['colcon_pkg']
[2.091s] Level 1:colcon.colcon_core.package_identification:_identify(src/turtlebot3_simulations) by extension 'colcon_pkg'
[2.091s] Level 1:colcon.colcon_core.package_identification:_identify(src/turtlebot3_simulations) by extensions ['colcon_meta']
[2.091s] Level 1:colcon.colcon_core.package_identification:_identify(src/turtlebot3_simulations) by extension 'colcon_meta'
[2.091s] Level 1:colcon.colcon_core.package_identification:_identify(src/turtlebot3_simulations) by extensions ['ros']
[2.091s] Level 1:colcon.colcon_core.package_identification:_identify(src/turtlebot3_simulations) by extension 'ros'
[2.092s] Level 1:colcon.colcon_core.package_identification:_identify(src/turtlebot3_simulations) by extensions ['cmake', 'python']
[2.092s] Level 1:colcon.colcon_core.package_identification:_identify(src/turtlebot3_simulations) by extension 'cmake'
[2.092s] Level 1:colcon.colcon_core.package_identification:_identify(src/turtlebot3_simulations) by extension 'python'
[2.092s] Level 1:colcon.colcon_core.package_identification:_identify(src/turtlebot3_simulations) by extensions ['python_setup_py']
[2.092s] Level 1:colcon.colcon_core.package_identification:_identify(src/turtlebot3_simulations) by extension 'python_setup_py'
[2.093s] Level 1:colcon.colcon_core.package_identification:_identify(src/turtlebot3_simulations/turtlebot3_fake_node) by extensions ['ignore', 'ignore_ament_install']
[2.093s] Level 1:colcon.colcon_core.package_identification:_identify(src/turtlebot3_simulations/turtlebot3_fake_node) by extension 'ignore'
[2.093s] Level 1:colcon.colcon_core.package_identification:_identify(src/turtlebot3_simulations/turtlebot3_fake_node) by extension 'ignore_ament_install'
[2.093s] Level 1:colcon.colcon_core.package_identification:_identify(src/turtlebot3_simulations/turtlebot3_fake_node) by extensions ['colcon_pkg']
[2.094s] Level 1:colcon.colcon_core.package_identification:_identify(src/turtlebot3_simulations/turtlebot3_fake_node) by extension 'colcon_pkg'
[2.094s] Level 1:colcon.colcon_core.package_identification:_identify(src/turtlebot3_simulations/turtlebot3_fake_node) by extensions ['colcon_meta']
[2.094s] Level 1:colcon.colcon_core.package_identification:_identify(src/turtlebot3_simulations/turtlebot3_fake_node) by extension 'colcon_meta'
[2.094s] Level 1:colcon.colcon_core.package_identification:_identify(src/turtlebot3_simulations/turtlebot3_fake_node) by extensions ['ros']
[2.094s] Level 1:colcon.colcon_core.package_identification:_identify(src/turtlebot3_simulations/turtlebot3_fake_node) by extension 'ros'
[2.099s] DEBUG:colcon.colcon_core.package_identification:Package 'src/turtlebot3_simulations/turtlebot3_fake_node' with type 'ros.ament_cmake' and name 'turtlebot3_fake_node'
[2.100s] Level 1:colcon.colcon_core.package_identification:_identify(src/turtlebot3_simulations/turtlebot3_gazebo) by extensions ['ignore', 'ignore_ament_install']
[2.100s] Level 1:colcon.colcon_core.package_identification:_identify(src/turtlebot3_simulations/turtlebot3_gazebo) by extension 'ignore'
[2.100s] Level 1:colcon.colcon_core.package_identification:_identify(src/turtlebot3_simulations/turtlebot3_gazebo) by extension 'ignore_ament_install'
[2.101s] Level 1:colcon.colcon_core.package_identification:_identify(src/turtlebot3_simulations/turtlebot3_gazebo) by extensions ['colcon_pkg']
[2.101s] Level 1:colcon.colcon_core.package_identification:_identify(src/turtlebot3_simulations/turtlebot3_gazebo) by extension 'colcon_pkg'
[2.101s] Level 1:colcon.colcon_core.package_identification:_identify(src/turtlebot3_simulations/turtlebot3_gazebo) by extensions ['colcon_meta']
[2.101s] Level 1:colcon.colcon_core.package_identification:_identify(src/turtlebot3_simulations/turtlebot3_gazebo) by extension 'colcon_meta'
[2.101s] Level 1:colcon.colcon_core.package_identification:_identify(src/turtlebot3_simulations/turtlebot3_gazebo) by extensions ['ros']
[2.101s] Level 1:colcon.colcon_core.package_identification:_identify(src/turtlebot3_simulations/turtlebot3_gazebo) by extension 'ros'
[2.105s] DEBUG:colcon.colcon_core.package_identification:Package 'src/turtlebot3_simulations/turtlebot3_gazebo' with type 'ros.ament_cmake' and name 'turtlebot3_gazebo'
[2.106s] Level 1:colcon.colcon_core.package_identification:_identify(src/turtlebot3_simulations/turtlebot3_simulations) by extensions ['ignore', 'ignore_ament_install']
[2.106s] Level 1:colcon.colcon_core.package_identification:_identify(src/turtlebot3_simulations/turtlebot3_simulations) by extension 'ignore'
[2.106s] Level 1:colcon.colcon_core.package_identification:_identify(src/turtlebot3_simulations/turtlebot3_simulations) by extension 'ignore_ament_install'
[2.106s] Level 1:colcon.colcon_core.package_identification:_identify(src/turtlebot3_simulations/turtlebot3_simulations) by extensions ['colcon_pkg']
[2.107s] Level 1:colcon.colcon_core.package_identification:_identify(src/turtlebot3_simulations/turtlebot3_simulations) by extension 'colcon_pkg'
[2.107s] Level 1:colcon.colcon_core.package_identification:_identify(src/turtlebot3_simulations/turtlebot3_simulations) by extensions ['colcon_meta']
[2.107s] Level 1:colcon.colcon_core.package_identification:_identify(src/turtlebot3_simulations/turtlebot3_simulations) by extension 'colcon_meta'
[2.107s] Level 1:colcon.colcon_core.package_identification:_identify(src/turtlebot3_simulations/turtlebot3_simulations) by extensions ['ros']
[2.107s] Level 1:colcon.colcon_core.package_identification:_identify(src/turtlebot3_simulations/turtlebot3_simulations) by extension 'ros'
[2.109s] DEBUG:colcon.colcon_core.package_identification:Package 'src/turtlebot3_simulations/turtlebot3_simulations' with type 'ros.ament_cmake' and name 'turtlebot3_simulations'
[2.110s] Level 1:colcon.colcon_core.package_discovery:discover_packages(recursive) using defaults
[2.110s] Level 1:colcon.colcon_core.package_discovery:discover_packages(ignore) discover
[2.110s] Level 1:colcon.colcon_core.package_discovery:discover_packages(ignore) using defaults
[2.110s] Level 1:colcon.colcon_core.package_discovery:discover_packages(path) discover
[2.110s] Level 1:colcon.colcon_core.package_discovery:discover_packages(path) using defaults
[2.232s] Level 1:colcon.colcon_core.package_discovery:discover_packages(prefix_path) check parameters
[2.233s] Level 1:colcon.colcon_core.package_discovery:discover_packages(prefix_path) discover
[2.295s] DEBUG:colcon.colcon_installed_package_information.package_discovery:Found 4 installed packages in /home/ammar/turtlebot3_localization/install
[2.297s] DEBUG:colcon.colcon_installed_package_information.package_discovery:Found 1 installed packages in /home/ammar/f1tenth_lab5_template/install
[2.298s] DEBUG:colcon.colcon_installed_package_information.package_discovery:Found 2 installed packages in /home/ammar/ros2_ws/install
[2.300s] DEBUG:colcon.colcon_installed_package_information.package_discovery:Found 3 installed packages in /home/ammar/f110_labs_ws/install
[2.301s] DEBUG:colcon.colcon_installed_package_information.package_discovery:Found 1 installed packages in /home/ammar/sim_ws/install
[2.307s] DEBUG:colcon.colcon_installed_package_information.package_discovery:Found 389 installed packages in /opt/ros/humble
[2.314s] Level 1:colcon.colcon_core.package_discovery:discover_packages(prefix_path) using defaults
[2.659s] Level 5:colcon.colcon_core.verb:set package 'kalman_filter' build argument 'cmake_args' from command line to 'None'
[2.659s] Level 5:colcon.colcon_core.verb:set package 'kalman_filter' build argument 'cmake_target' from command line to 'None'
[2.659s] Level 5:colcon.colcon_core.verb:set package 'kalman_filter' build argument 'cmake_target_skip_unavailable' from command line to 'False'
[2.659s] Level 5:colcon.colcon_core.verb:set package 'kalman_filter' build argument 'cmake_clean_cache' from command line to 'False'
[2.659s] Level 5:colcon.colcon_core.verb:set package 'kalman_filter' build argument 'cmake_clean_first' from command line to 'False'
[2.659s] Level 5:colcon.colcon_core.verb:set package 'kalman_filter' build argument 'cmake_force_configure' from command line to 'False'
[2.659s] Level 5:colcon.colcon_core.verb:set package 'kalman_filter' build argument 'ament_cmake_args' from command line to 'None'
[2.659s] Level 5:colcon.colcon_core.verb:set package 'kalman_filter' build argument 'catkin_cmake_args' from command line to 'None'
[2.659s] Level 5:colcon.colcon_core.verb:set package 'kalman_filter' build argument 'catkin_skip_building_tests' from command line to 'False'
[2.660s] DEBUG:colcon.colcon_core.verb:Building package 'kalman_filter' with the following arguments: {'ament_cmake_args': None, 'build_base': '/home/ammar/turtlebot3_localization/build/kalman_filter', 'catkin_cmake_args': None, 'catkin_skip_building_tests': False, 'cmake_args': None, 'cmake_clean_cache': False, 'cmake_clean_first': False, 'cmake_force_configure': False, 'cmake_target': None, 'cmake_target_skip_unavailable': False, 'install_base': '/home/ammar/turtlebot3_localization/install/kalman_filter', 'merge_install': False, 'path': '/home/ammar/turtlebot3_localization/src/kalman_filter', 'symlink_install': True, 'test_result_base': None}
[2.660s] Level 5:colcon.colcon_core.verb:set package 'turtlebot3_fake_node' build argument 'cmake_args' from command line to 'None'
[2.660s] Level 5:colcon.colcon_core.verb:set package 'turtlebot3_fake_node' build argument 'cmake_target' from command line to 'None'
[2.660s] Level 5:colcon.colcon_core.verb:set package 'turtlebot3_fake_node' build argument 'cmake_target_skip_unavailable' from command line to 'False'
[2.660s] Level 5:colcon.colcon_core.verb:set package 'turtlebot3_fake_node' build argument 'cmake_clean_cache' from command line to 'False'
[2.660s] Level 5:colcon.colcon_core.verb:set package 'turtlebot3_fake_node' build argument 'cmake_clean_first' from command line to 'False'
[2.660s] Level 5:colcon.colcon_core.verb:set package 'turtlebot3_fake_node' build argument 'cmake_force_configure' from command line to 'False'
[2.660s] Level 5:colcon.colcon_core.verb:set package 'turtlebot3_fake_node' build argument 'ament_cmake_args' from command line to 'None'
[2.660s] Level 5:colcon.colcon_core.verb:set package 'turtlebot3_fake_node' build argument 'catkin_cmake_args' from command line to 'None'
[2.660s] Level 5:colcon.colcon_core.verb:set package 'turtlebot3_fake_node' build argument 'catkin_skip_building_tests' from command line to 'False'
[2.660s] DEBUG:colcon.colcon_core.verb:Building package 'turtlebot3_fake_node' with the following arguments: {'ament_cmake_args': None, 'build_base': '/home/ammar/turtlebot3_localization/build/turtlebot3_fake_node', 'catkin_cmake_args': None, 'catkin_skip_building_tests': False, 'cmake_args': None, 'cmake_clean_cache': False, 'cmake_clean_first': False, 'cmake_force_configure': False, 'cmake_target': None, 'cmake_target_skip_unavailable': False, 'install_base': '/home/ammar/turtlebot3_localization/install/turtlebot3_fake_node', 'merge_install': False, 'path': '/home/ammar/turtlebot3_localization/src/turtlebot3_simulations/turtlebot3_fake_node', 'symlink_install': True, 'test_result_base': None}
[2.660s] Level 5:colcon.colcon_core.verb:set package 'turtlebot3_gazebo' build argument 'cmake_args' from command line to 'None'
[2.660s] Level 5:colcon.colcon_core.verb:set package 'turtlebot3_gazebo' build argument 'cmake_target' from command line to 'None'
[2.660s] Level 5:colcon.colcon_core.verb:set package 'turtlebot3_gazebo' build argument 'cmake_target_skip_unavailable' from command line to 'False'
[2.660s] Level 5:colcon.colcon_core.verb:set package 'turtlebot3_gazebo' build argument 'cmake_clean_cache' from command line to 'False'
[2.660s] Level 5:colcon.colcon_core.verb:set package 'turtlebot3_gazebo' build argument 'cmake_clean_first' from command line to 'False'
[2.660s] Level 5:colcon.colcon_core.verb:set package 'turtlebot3_gazebo' build argument 'cmake_force_configure' from command line to 'False'
[2.660s] Level 5:colcon.colcon_core.verb:set package 'turtlebot3_gazebo' build argument 'ament_cmake_args' from command line to 'None'
[2.660s] Level 5:colcon.colcon_core.verb:set package 'turtlebot3_gazebo' build argument 'catkin_cmake_args' from command line to 'None'
[2.660s] Level 5:colcon.colcon_core.verb:set package 'turtlebot3_gazebo' build argument 'catkin_skip_building_tests' from command line to 'False'
[2.660s] DEBUG:colcon.colcon_core.verb:Building package 'turtlebot3_gazebo' with the following arguments: {'ament_cmake_args': None, 'build_base': '/home/ammar/turtlebot3_localization/build/turtlebot3_gazebo', 'catkin_cmake_args': None, 'catkin_skip_building_tests': False, 'cmake_args': None, 'cmake_clean_cache': False, 'cmake_clean_first': False, 'cmake_force_configure': False, 'cmake_target': None, 'cmake_target_skip_unavailable': False, 'install_base': '/home/ammar/turtlebot3_localization/install/turtlebot3_gazebo', 'merge_install': False, 'path': '/home/ammar/turtlebot3_localization/src/turtlebot3_simulations/turtlebot3_gazebo', 'symlink_install': True, 'test_result_base': None}
[2.661s] Level 5:colcon.colcon_core.verb:set package 'turtlebot3_simulations' build argument 'cmake_args' from command line to 'None'
[2.661s] Level 5:colcon.colcon_core.verb:set package 'turtlebot3_simulations' build argument 'cmake_target' from command line to 'None'
[2.661s] Level 5:colcon.colcon_core.verb:set package 'turtlebot3_simulations' build argument 'cmake_target_skip_unavailable' from command line to 'False'
[2.661s] Level 5:colcon.colcon_core.verb:set package 'turtlebot3_simulations' build argument 'cmake_clean_cache' from command line to 'False'
[2.661s] Level 5:colcon.colcon_core.verb:set package 'turtlebot3_simulations' build argument 'cmake_clean_first' from command line to 'False'
[2.661s] Level 5:colcon.colcon_core.verb:set package 'turtlebot3_simulations' build argument 'cmake_force_configure' from command line to 'False'
[2.661s] Level 5:colcon.colcon_core.verb:set package 'turtlebot3_simulations' build argument 'ament_cmake_args' from command line to 'None'
[2.661s] Level 5:colcon.colcon_core.verb:set package 'turtlebot3_simulations' build argument 'catkin_cmake_args' from command line to 'None'
[2.661s] Level 5:colcon.colcon_core.verb:set package 'turtlebot3_simulations' build argument 'catkin_skip_building_tests' from command line to 'False'
[2.661s] DEBUG:colcon.colcon_core.verb:Building package 'turtlebot3_simulations' with the following arguments: {'ament_cmake_args': None, 'build_base': '/home/ammar/turtlebot3_localization/build/turtlebot3_simulations', 'catkin_cmake_args': None, 'catkin_skip_building_tests': False, 'cmake_args': None, 'cmake_clean_cache': False, 'cmake_clean_first': False, 'cmake_force_configure': False, 'cmake_target': None, 'cmake_target_skip_unavailable': False, 'install_base': '/home/ammar/turtlebot3_localization/install/turtlebot3_simulations', 'merge_install': False, 'path': '/home/ammar/turtlebot3_localization/src/turtlebot3_simulations/turtlebot3_simulations', 'symlink_install': True, 'test_result_base': None}
[2.661s] INFO:colcon.colcon_core.executor:Executing jobs using 'parallel' executor
[2.662s] DEBUG:colcon.colcon_parallel_executor.executor.parallel:run_until_complete
[2.662s] INFO:colcon.colcon_ros.task.ament_cmake.build:Building ROS package in '/home/ammar/turtlebot3_localization/src/turtlebot3_simulations/turtlebot3_fake_node' with build type 'ament_cmake'
[2.662s] INFO:colcon.colcon_cmake.task.cmake.build:Building CMake package in '/home/ammar/turtlebot3_localization/src/turtlebot3_simulations/turtlebot3_fake_node'
[2.698s] INFO:colcon.colcon_core.plugin_system:Skipping extension 'colcon_core.shell.bat': Not used on non-Windows systems
[2.698s] INFO:colcon.colcon_core.shell:Skip shell extension 'powershell' for command environment: Not usable outside of PowerShell
[2.698s] DEBUG:colcon.colcon_core.shell:Skip shell extension 'dsv' for command environment
[2.709s] INFO:colcon.colcon_ros.task.ament_cmake.build:Building ROS package in '/home/ammar/turtlebot3_localization/src/turtlebot3_simulations/turtlebot3_gazebo' with build type 'ament_cmake'
[2.709s] INFO:colcon.colcon_cmake.task.cmake.build:Building CMake package in '/home/ammar/turtlebot3_localization/src/turtlebot3_simulations/turtlebot3_gazebo'
[2.709s] INFO:colcon.colcon_core.shell:Skip shell extension 'powershell' for command environment: Not usable outside of PowerShell
[2.709s] DEBUG:colcon.colcon_core.shell:Skip shell extension 'dsv' for command environment
[2.718s] INFO:colcon.colcon_ros.task.ament_python.build:Building ROS package in '/home/ammar/turtlebot3_localization/src/kalman_filter' with build type 'ament_python'
[2.719s] Level 1:colcon.colcon_core.shell:create_environment_hook('kalman_filter', 'ament_prefix_path')
[2.719s] INFO:colcon.colcon_core.shell:Creating environment hook '/home/ammar/turtlebot3_localization/install/kalman_filter/share/kalman_filter/hook/ament_prefix_path.ps1'
[2.752s] INFO:colcon.colcon_core.shell:Creating environment descriptor '/home/ammar/turtlebot3_localization/install/kalman_filter/share/kalman_filter/hook/ament_prefix_path.dsv'
[2.754s] INFO:colcon.colcon_core.shell:Creating environment hook '/home/ammar/turtlebot3_localization/install/kalman_filter/share/kalman_filter/hook/ament_prefix_path.sh'
[2.757s] INFO:colcon.colcon_core.shell:Skip shell extension 'powershell' for command environment: Not usable outside of PowerShell
[2.757s] DEBUG:colcon.colcon_core.shell:Skip shell extension 'dsv' for command environment
[2.803s] DEBUG:colcon.colcon_core.event_handler.log_command:Invoking command in '/home/ammar/turtlebot3_localization/build/turtlebot3_fake_node': CMAKE_PREFIX_PATH=${CMAKE_PREFIX_PATH}:/home/ammar/f110_labs_ws/install/autodrive_nigel:/home/ammar/f110_labs_ws/install/autodrive_f1tenth:/home/ammar/turtlebot3_localization/install/kalman_filter:/home/ammar/sim_ws/install/f1tenth_gym_ros:/home/ammar/ros2_ws/install/my_robot_controller:/opt/ros/humble /usr/bin/cmake --build /home/ammar/turtlebot3_localization/build/turtlebot3_fake_node -- -j12 -l12
[2.874s] DEBUG:colcon.colcon_core.event_handler.log_command:Invoking command in '/home/ammar/turtlebot3_localization/build/turtlebot3_gazebo': CMAKE_PREFIX_PATH=${CMAKE_PREFIX_PATH}:/home/ammar/f110_labs_ws/install/autodrive_nigel:/home/ammar/f110_labs_ws/install/autodrive_f1tenth:/home/ammar/turtlebot3_localization/install/kalman_filter:/home/ammar/sim_ws/install/f1tenth_gym_ros:/home/ammar/ros2_ws/install/my_robot_controller:/opt/ros/humble /usr/bin/cmake --build /home/ammar/turtlebot3_localization/build/turtlebot3_gazebo -- -j12 -l12
[3.406s] INFO:colcon.colcon_core.task.python.build:Building Python package in '/home/ammar/turtlebot3_localization/src/kalman_filter'
[3.406s] INFO:colcon.colcon_core.shell:Skip shell extension 'powershell' for command environment: Not usable outside of PowerShell
[3.406s] DEBUG:colcon.colcon_core.shell:Skip shell extension 'dsv' for command environment
[6.313s] DEBUG:colcon.colcon_core.event_handler.log_command:Invoked command in '/home/ammar/turtlebot3_localization/build/turtlebot3_fake_node' returned '0': CMAKE_PREFIX_PATH=${CMAKE_PREFIX_PATH}:/home/ammar/f110_labs_ws/install/autodrive_nigel:/home/ammar/f110_labs_ws/install/autodrive_f1tenth:/home/ammar/turtlebot3_localization/install/kalman_filter:/home/ammar/sim_ws/install/f1tenth_gym_ros:/home/ammar/ros2_ws/install/my_robot_controller:/opt/ros/humble /usr/bin/cmake --build /home/ammar/turtlebot3_localization/build/turtlebot3_fake_node -- -j12 -l12
[6.334s] DEBUG:colcon.colcon_core.event_handler.log_command:Invoking command in '/home/ammar/turtlebot3_localization/build/turtlebot3_fake_node': CMAKE_PREFIX_PATH=${CMAKE_PREFIX_PATH}:/home/ammar/f110_labs_ws/install/autodrive_nigel:/home/ammar/f110_labs_ws/install/autodrive_f1tenth:/home/ammar/turtlebot3_localization/install/kalman_filter:/home/ammar/sim_ws/install/f1tenth_gym_ros:/home/ammar/ros2_ws/install/my_robot_controller:/opt/ros/humble /usr/bin/cmake --install /home/ammar/turtlebot3_localization/build/turtlebot3_fake_node
[6.686s] Level 1:colcon.colcon_core.environment:create_environment_scripts_only(turtlebot3_fake_node)
[6.688s] DEBUG:colcon.colcon_core.event_handler.log_command:Invoked command in '/home/ammar/turtlebot3_localization/build/turtlebot3_fake_node' returned '0': CMAKE_PREFIX_PATH=${CMAKE_PREFIX_PATH}:/home/ammar/f110_labs_ws/install/autodrive_nigel:/home/ammar/f110_labs_ws/install/autodrive_f1tenth:/home/ammar/turtlebot3_localization/install/kalman_filter:/home/ammar/sim_ws/install/f1tenth_gym_ros:/home/ammar/ros2_ws/install/my_robot_controller:/opt/ros/humble /usr/bin/cmake --install /home/ammar/turtlebot3_localization/build/turtlebot3_fake_node
[7.031s] Level 1:colcon.colcon_core.environment:checking '/home/ammar/turtlebot3_localization/install/turtlebot3_fake_node' for CMake module files
[7.033s] Level 1:colcon.colcon_core.environment:checking '/home/ammar/turtlebot3_localization/install/turtlebot3_fake_node' for CMake config files
[7.034s] Level 1:colcon.colcon_core.shell:create_environment_hook('turtlebot3_fake_node', 'cmake_prefix_path')
[7.035s] INFO:colcon.colcon_core.shell:Creating environment hook '/home/ammar/turtlebot3_localization/install/turtlebot3_fake_node/share/turtlebot3_fake_node/hook/cmake_prefix_path.ps1'
[7.037s] INFO:colcon.colcon_core.shell:Creating environment descriptor '/home/ammar/turtlebot3_localization/install/turtlebot3_fake_node/share/turtlebot3_fake_node/hook/cmake_prefix_path.dsv'
[7.038s] INFO:colcon.colcon_core.shell:Creating environment hook '/home/ammar/turtlebot3_localization/install/turtlebot3_fake_node/share/turtlebot3_fake_node/hook/cmake_prefix_path.sh'
[7.040s] Level 1:colcon.colcon_core.environment:checking '/home/ammar/turtlebot3_localization/install/turtlebot3_fake_node/lib'
[7.041s] Level 1:colcon.colcon_core.environment:checking '/home/ammar/turtlebot3_localization/install/turtlebot3_fake_node/bin'
[7.041s] Level 1:colcon.colcon_core.environment:checking '/home/ammar/turtlebot3_localization/install/turtlebot3_fake_node/lib/pkgconfig/turtlebot3_fake_node.pc'
[7.042s] Level 1:colcon.colcon_core.environment:checking '/home/ammar/turtlebot3_localization/install/turtlebot3_fake_node/lib/python3.10/site-packages'
[7.043s] Level 1:colcon.colcon_core.environment:checking '/home/ammar/turtlebot3_localization/install/turtlebot3_fake_node/bin'
[7.044s] INFO:colcon.colcon_core.shell:Creating package script '/home/ammar/turtlebot3_localization/install/turtlebot3_fake_node/share/turtlebot3_fake_node/package.ps1'
[7.065s] INFO:colcon.colcon_core.shell:Creating package descriptor '/home/ammar/turtlebot3_localization/install/turtlebot3_fake_node/share/turtlebot3_fake_node/package.dsv'
[7.086s] INFO:colcon.colcon_core.shell:Creating package script '/home/ammar/turtlebot3_localization/install/turtlebot3_fake_node/share/turtlebot3_fake_node/package.sh'
[7.093s] INFO:colcon.colcon_core.shell:Creating package script '/home/ammar/turtlebot3_localization/install/turtlebot3_fake_node/share/turtlebot3_fake_node/package.bash'
[7.137s] INFO:colcon.colcon_core.shell:Creating package script '/home/ammar/turtlebot3_localization/install/turtlebot3_fake_node/share/turtlebot3_fake_node/package.zsh'
[7.165s] Level 1:colcon.colcon_core.environment:create_file_with_runtime_dependencies(/home/ammar/turtlebot3_localization/install/turtlebot3_fake_node/share/colcon-core/packages/turtlebot3_fake_node)
[7.185s] Level 1:colcon.colcon_core.environment:create_environment_scripts_only(turtlebot3_fake_node)
[7.185s] Level 1:colcon.colcon_core.environment:checking '/home/ammar/turtlebot3_localization/install/turtlebot3_fake_node' for CMake module files
[7.186s] Level 1:colcon.colcon_core.environment:checking '/home/ammar/turtlebot3_localization/install/turtlebot3_fake_node' for CMake config files
[7.186s] Level 1:colcon.colcon_core.shell:create_environment_hook('turtlebot3_fake_node', 'cmake_prefix_path')
[7.186s] INFO:colcon.colcon_core.shell:Creating environment hook '/home/ammar/turtlebot3_localization/install/turtlebot3_fake_node/share/turtlebot3_fake_node/hook/cmake_prefix_path.ps1'
[7.187s] INFO:colcon.colcon_core.shell:Creating environment descriptor '/home/ammar/turtlebot3_localization/install/turtlebot3_fake_node/share/turtlebot3_fake_node/hook/cmake_prefix_path.dsv'
[7.187s] INFO:colcon.colcon_core.shell:Creating environment hook '/home/ammar/turtlebot3_localization/install/turtlebot3_fake_node/share/turtlebot3_fake_node/hook/cmake_prefix_path.sh'
[7.187s] Level 1:colcon.colcon_core.environment:checking '/home/ammar/turtlebot3_localization/install/turtlebot3_fake_node/lib'
[7.187s] Level 1:colcon.colcon_core.environment:checking '/home/ammar/turtlebot3_localization/install/turtlebot3_fake_node/bin'
[7.187s] Level 1:colcon.colcon_core.environment:checking '/home/ammar/turtlebot3_localization/install/turtlebot3_fake_node/lib/pkgconfig/turtlebot3_fake_node.pc'
[7.187s] Level 1:colcon.colcon_core.environment:checking '/home/ammar/turtlebot3_localization/install/turtlebot3_fake_node/lib/python3.10/site-packages'
[7.188s] Level 1:colcon.colcon_core.environment:checking '/home/ammar/turtlebot3_localization/install/turtlebot3_fake_node/bin'
[7.188s] INFO:colcon.colcon_core.shell:Creating package script '/home/ammar/turtlebot3_localization/install/turtlebot3_fake_node/share/turtlebot3_fake_node/package.ps1'
[7.188s] INFO:colcon.colcon_core.shell:Creating package descriptor '/home/ammar/turtlebot3_localization/install/turtlebot3_fake_node/share/turtlebot3_fake_node/package.dsv'
[7.199s] INFO:colcon.colcon_core.shell:Creating package script '/home/ammar/turtlebot3_localization/install/turtlebot3_fake_node/share/turtlebot3_fake_node/package.sh'
[7.201s] INFO:colcon.colcon_core.shell:Creating package script '/home/ammar/turtlebot3_localization/install/turtlebot3_fake_node/share/turtlebot3_fake_node/package.bash'
[7.202s] INFO:colcon.colcon_core.shell:Creating package script '/home/ammar/turtlebot3_localization/install/turtlebot3_fake_node/share/turtlebot3_fake_node/package.zsh'
[7.204s] Level 1:colcon.colcon_core.environment:create_file_with_runtime_dependencies(/home/ammar/turtlebot3_localization/install/turtlebot3_fake_node/share/colcon-core/packages/turtlebot3_fake_node)
[7.578s] DEBUG:colcon.colcon_core.event_handler.log_command:Invoked command in '/home/ammar/turtlebot3_localization/build/turtlebot3_gazebo' returned '0': CMAKE_PREFIX_PATH=${CMAKE_PREFIX_PATH}:/home/ammar/f110_labs_ws/install/autodrive_nigel:/home/ammar/f110_labs_ws/install/autodrive_f1tenth:/home/ammar/turtlebot3_localization/install/kalman_filter:/home/ammar/sim_ws/install/f1tenth_gym_ros:/home/ammar/ros2_ws/install/my_robot_controller:/opt/ros/humble /usr/bin/cmake --build /home/ammar/turtlebot3_localization/build/turtlebot3_gazebo -- -j12 -l12
[7.599s] DEBUG:colcon.colcon_core.event_handler.log_command:Invoking command in '/home/ammar/turtlebot3_localization/build/turtlebot3_gazebo': CMAKE_PREFIX_PATH=${CMAKE_PREFIX_PATH}:/home/ammar/f110_labs_ws/install/autodrive_nigel:/home/ammar/f110_labs_ws/install/autodrive_f1tenth:/home/ammar/turtlebot3_localization/install/kalman_filter:/home/ammar/sim_ws/install/f1tenth_gym_ros:/home/ammar/ros2_ws/install/my_robot_controller:/opt/ros/humble /usr/bin/cmake --install /home/ammar/turtlebot3_localization/build/turtlebot3_gazebo
[7.783s] Level 1:colcon.colcon_core.environment:create_environment_scripts_only(turtlebot3_gazebo)
[7.783s] Level 1:colcon.colcon_core.environment:checking '/home/ammar/turtlebot3_localization/install/turtlebot3_gazebo' for CMake module files
[7.784s] DEBUG:colcon.colcon_core.event_handler.log_command:Invoked command in '/home/ammar/turtlebot3_localization/build/turtlebot3_gazebo' returned '0': CMAKE_PREFIX_PATH=${CMAKE_PREFIX_PATH}:/home/ammar/f110_labs_ws/install/autodrive_nigel:/home/ammar/f110_labs_ws/install/autodrive_f1tenth:/home/ammar/turtlebot3_localization/install/kalman_filter:/home/ammar/sim_ws/install/f1tenth_gym_ros:/home/ammar/ros2_ws/install/my_robot_controller:/opt/ros/humble /usr/bin/cmake --install /home/ammar/turtlebot3_localization/build/turtlebot3_gazebo
[7.784s] Level 1:colcon.colcon_core.environment:checking '/home/ammar/turtlebot3_localization/install/turtlebot3_gazebo' for CMake config files
[7.785s] Level 1:colcon.colcon_core.shell:create_environment_hook('turtlebot3_gazebo', 'cmake_prefix_path')
[7.785s] INFO:colcon.colcon_core.shell:Creating environment hook '/home/ammar/turtlebot3_localization/install/turtlebot3_gazebo/share/turtlebot3_gazebo/hook/cmake_prefix_path.ps1'
[7.785s] INFO:colcon.colcon_core.shell:Creating environment descriptor '/home/ammar/turtlebot3_localization/install/turtlebot3_gazebo/share/turtlebot3_gazebo/hook/cmake_prefix_path.dsv'
[7.785s] INFO:colcon.colcon_core.shell:Creating environment hook '/home/ammar/turtlebot3_localization/install/turtlebot3_gazebo/share/turtlebot3_gazebo/hook/cmake_prefix_path.sh'
[7.786s] Level 1:colcon.colcon_core.environment:checking '/home/ammar/turtlebot3_localization/install/turtlebot3_gazebo/lib'
[7.786s] Level 1:colcon.colcon_core.environment:checking '/home/ammar/turtlebot3_localization/install/turtlebot3_gazebo/bin'
[7.786s] Level 1:colcon.colcon_core.environment:checking '/home/ammar/turtlebot3_localization/install/turtlebot3_gazebo/lib/pkgconfig/turtlebot3_gazebo.pc'
[7.786s] Level 1:colcon.colcon_core.environment:checking '/home/ammar/turtlebot3_localization/install/turtlebot3_gazebo/lib/python3.10/site-packages'
[7.786s] Level 1:colcon.colcon_core.environment:checking '/home/ammar/turtlebot3_localization/install/turtlebot3_gazebo/bin'
[7.786s] INFO:colcon.colcon_core.shell:Creating package script '/home/ammar/turtlebot3_localization/install/turtlebot3_gazebo/share/turtlebot3_gazebo/package.ps1'
[7.787s] INFO:colcon.colcon_core.shell:Creating package descriptor '/home/ammar/turtlebot3_localization/install/turtlebot3_gazebo/share/turtlebot3_gazebo/package.dsv'
[7.787s] INFO:colcon.colcon_core.shell:Creating package script '/home/ammar/turtlebot3_localization/install/turtlebot3_gazebo/share/turtlebot3_gazebo/package.sh'
[7.790s] INFO:colcon.colcon_core.shell:Creating package script '/home/ammar/turtlebot3_localization/install/turtlebot3_gazebo/share/turtlebot3_gazebo/package.bash'
[7.790s] INFO:colcon.colcon_core.shell:Creating package script '/home/ammar/turtlebot3_localization/install/turtlebot3_gazebo/share/turtlebot3_gazebo/package.zsh'
[7.790s] Level 1:colcon.colcon_core.environment:create_file_with_runtime_dependencies(/home/ammar/turtlebot3_localization/install/turtlebot3_gazebo/share/colcon-core/packages/turtlebot3_gazebo)
[7.812s] Level 1:colcon.colcon_core.environment:create_environment_scripts_only(turtlebot3_gazebo)
[7.813s] Level 1:colcon.colcon_core.environment:checking '/home/ammar/turtlebot3_localization/install/turtlebot3_gazebo' for CMake module files
[7.813s] Level 1:colcon.colcon_core.environment:checking '/home/ammar/turtlebot3_localization/install/turtlebot3_gazebo' for CMake config files
[7.814s] Level 1:colcon.colcon_core.shell:create_environment_hook('turtlebot3_gazebo', 'cmake_prefix_path')
[7.814s] INFO:colcon.colcon_core.shell:Creating environment hook '/home/ammar/turtlebot3_localization/install/turtlebot3_gazebo/share/turtlebot3_gazebo/hook/cmake_prefix_path.ps1'
[7.814s] INFO:colcon.colcon_core.shell:Creating environment descriptor '/home/ammar/turtlebot3_localization/install/turtlebot3_gazebo/share/turtlebot3_gazebo/hook/cmake_prefix_path.dsv'
[7.814s] INFO:colcon.colcon_core.shell:Creating environment hook '/home/ammar/turtlebot3_localization/install/turtlebot3_gazebo/share/turtlebot3_gazebo/hook/cmake_prefix_path.sh'
[7.815s] Level 1:colcon.colcon_core.environment:checking '/home/ammar/turtlebot3_localization/install/turtlebot3_gazebo/lib'
[7.815s] Level 1:colcon.colcon_core.environment:checking '/home/ammar/turtlebot3_localization/install/turtlebot3_gazebo/bin'
[7.815s] Level 1:colcon.colcon_core.environment:checking '/home/ammar/turtlebot3_localization/install/turtlebot3_gazebo/lib/pkgconfig/turtlebot3_gazebo.pc'
[7.815s] Level 1:colcon.colcon_core.environment:checking '/home/ammar/turtlebot3_localization/install/turtlebot3_gazebo/lib/python3.10/site-packages'
[7.815s] Level 1:colcon.colcon_core.environment:checking '/home/ammar/turtlebot3_localization/install/turtlebot3_gazebo/bin'
[7.816s] INFO:colcon.colcon_core.shell:Creating package script '/home/ammar/turtlebot3_localization/install/turtlebot3_gazebo/share/turtlebot3_gazebo/package.ps1'
[7.816s] INFO:colcon.colcon_core.shell:Creating package descriptor '/home/ammar/turtlebot3_localization/install/turtlebot3_gazebo/share/turtlebot3_gazebo/package.dsv'
[7.816s] INFO:colcon.colcon_core.shell:Creating package script '/home/ammar/turtlebot3_localization/install/turtlebot3_gazebo/share/turtlebot3_gazebo/package.sh'
[7.817s] INFO:colcon.colcon_core.shell:Creating package script '/home/ammar/turtlebot3_localization/install/turtlebot3_gazebo/share/turtlebot3_gazebo/package.bash'
[7.817s] INFO:colcon.colcon_core.shell:Creating package script '/home/ammar/turtlebot3_localization/install/turtlebot3_gazebo/share/turtlebot3_gazebo/package.zsh'
[7.828s] Level 1:colcon.colcon_core.environment:create_file_with_runtime_dependencies(/home/ammar/turtlebot3_localization/install/turtlebot3_gazebo/share/colcon-core/packages/turtlebot3_gazebo)
[7.829s] INFO:colcon.colcon_ros.task.ament_cmake.build:Building ROS package in '/home/ammar/turtlebot3_localization/src/turtlebot3_simulations/turtlebot3_simulations' with build type 'ament_cmake'
[7.830s] INFO:colcon.colcon_cmake.task.cmake.build:Building CMake package in '/home/ammar/turtlebot3_localization/src/turtlebot3_simulations/turtlebot3_simulations'
[7.831s] INFO:colcon.colcon_core.shell:Skip shell extension 'powershell' for command environment: Not usable outside of PowerShell
[7.831s] DEBUG:colcon.colcon_core.shell:Skip shell extension 'dsv' for command environment
[7.953s] DEBUG:colcon.colcon_core.event_handler.log_command:Invoking command in '/home/ammar/turtlebot3_localization/build/turtlebot3_simulations': CMAKE_PREFIX_PATH=/home/ammar/turtlebot3_localization/install/turtlebot3_gazebo:/home/ammar/turtlebot3_localization/install/turtlebot3_fake_node:/home/ammar/f110_labs_ws/install/lab1_pkg:/home/ammar/f1tenth_lab5_template/install/lab5_pkg:/home/ammar/turtlebot3_localization/install/turtlebot3_simulations:/home/ammar/ros2_ws/install/my_robot_bringup:/home/ammar/f110_labs_ws/install/autodrive_nigel:/home/ammar/f110_labs_ws/install/autodrive_f1tenth:/home/ammar/turtlebot3_localization/install/kalman_filter:/home/ammar/sim_ws/install/f1tenth_gym_ros:/home/ammar/ros2_ws/install/my_robot_controller:/opt/ros/humble /usr/bin/cmake --build /home/ammar/turtlebot3_localization/build/turtlebot3_simulations -- -j12 -l12
[8.160s] DEBUG:colcon.colcon_core.event_handler.log_command:Invoked command in '/home/ammar/turtlebot3_localization/build/turtlebot3_simulations' returned '0': CMAKE_PREFIX_PATH=/home/ammar/turtlebot3_localization/install/turtlebot3_gazebo:/home/ammar/turtlebot3_localization/install/turtlebot3_fake_node:/home/ammar/f110_labs_ws/install/lab1_pkg:/home/ammar/f1tenth_lab5_template/install/lab5_pkg:/home/ammar/turtlebot3_localization/install/turtlebot3_simulations:/home/ammar/ros2_ws/install/my_robot_bringup:/home/ammar/f110_labs_ws/install/autodrive_nigel:/home/ammar/f110_labs_ws/install/autodrive_f1tenth:/home/ammar/turtlebot3_localization/install/kalman_filter:/home/ammar/sim_ws/install/f1tenth_gym_ros:/home/ammar/ros2_ws/install/my_robot_controller:/opt/ros/humble /usr/bin/cmake --build /home/ammar/turtlebot3_localization/build/turtlebot3_simulations -- -j12 -l12
[8.198s] DEBUG:colcon.colcon_core.event_handler.log_command:Invoking command in '/home/ammar/turtlebot3_localization/build/turtlebot3_simulations': CMAKE_PREFIX_PATH=/home/ammar/turtlebot3_localization/install/turtlebot3_gazebo:/home/ammar/turtlebot3_localization/install/turtlebot3_fake_node:/home/ammar/f110_labs_ws/install/lab1_pkg:/home/ammar/f1tenth_lab5_template/install/lab5_pkg:/home/ammar/turtlebot3_localization/install/turtlebot3_simulations:/home/ammar/ros2_ws/install/my_robot_bringup:/home/ammar/f110_labs_ws/install/autodrive_nigel:/home/ammar/f110_labs_ws/install/autodrive_f1tenth:/home/ammar/turtlebot3_localization/install/kalman_filter:/home/ammar/sim_ws/install/f1tenth_gym_ros:/home/ammar/ros2_ws/install/my_robot_controller:/opt/ros/humble /usr/bin/cmake --install /home/ammar/turtlebot3_localization/build/turtlebot3_simulations
[8.213s] DEBUG:colcon.colcon_core.event_handler.log_command:Invoking command in '/home/ammar/turtlebot3_localization/build/kalman_filter': PYTHONPATH=/home/ammar/turtlebot3_localization/build/kalman_filter/prefix_override:/usr/lib/python3/dist-packages/colcon_core/task/python/colcon_distutils_commands:/home/ammar/turtlebot3_localization/install/kalman_filter/lib/python3.10/site-packages:${PYTHONPATH} /usr/bin/python3 -W ignore:setup.py install is deprecated setup.py develop --editable --build-directory /home/ammar/turtlebot3_localization/build/kalman_filter/build --no-deps symlink_data
[8.263s] Level 1:colcon.colcon_core.environment:create_environment_scripts_only(turtlebot3_simulations)
[8.264s] Level 1:colcon.colcon_core.environment:checking '/home/ammar/turtlebot3_localization/install/turtlebot3_simulations' for CMake module files
[8.264s] DEBUG:colcon.colcon_core.event_handler.log_command:Invoked command in '/home/ammar/turtlebot3_localization/build/turtlebot3_simulations' returned '0': CMAKE_PREFIX_PATH=/home/ammar/turtlebot3_localization/install/turtlebot3_gazebo:/home/ammar/turtlebot3_localization/install/turtlebot3_fake_node:/home/ammar/f110_labs_ws/install/lab1_pkg:/home/ammar/f1tenth_lab5_template/install/lab5_pkg:/home/ammar/turtlebot3_localization/install/turtlebot3_simulations:/home/ammar/ros2_ws/install/my_robot_bringup:/home/ammar/f110_labs_ws/install/autodrive_nigel:/home/ammar/f110_labs_ws/install/autodrive_f1tenth:/home/ammar/turtlebot3_localization/install/kalman_filter:/home/ammar/sim_ws/install/f1tenth_gym_ros:/home/ammar/ros2_ws/install/my_robot_controller:/opt/ros/humble /usr/bin/cmake --install /home/ammar/turtlebot3_localization/build/turtlebot3_simulations
[8.264s] Level 1:colcon.colcon_core.environment:checking '/home/ammar/turtlebot3_localization/install/turtlebot3_simulations' for CMake config files
[8.264s] Level 1:colcon.colcon_core.shell:create_environment_hook('turtlebot3_simulations', 'cmake_prefix_path')
[8.264s] INFO:colcon.colcon_core.shell:Creating environment hook '/home/ammar/turtlebot3_localization/install/turtlebot3_simulations/share/turtlebot3_simulations/hook/cmake_prefix_path.ps1'
[8.265s] INFO:colcon.colcon_core.shell:Creating environment descriptor '/home/ammar/turtlebot3_localization/install/turtlebot3_simulations/share/turtlebot3_simulations/hook/cmake_prefix_path.dsv'
[8.265s] INFO:colcon.colcon_core.shell:Creating environment hook '/home/ammar/turtlebot3_localization/install/turtlebot3_simulations/share/turtlebot3_simulations/hook/cmake_prefix_path.sh'
[8.266s] Level 1:colcon.colcon_core.environment:checking '/home/ammar/turtlebot3_localization/install/turtlebot3_simulations/bin'
[8.266s] Level 1:colcon.colcon_core.environment:checking '/home/ammar/turtlebot3_localization/install/turtlebot3_simulations/lib/pkgconfig/turtlebot3_simulations.pc'
[8.266s] Level 1:colcon.colcon_core.environment:checking '/home/ammar/turtlebot3_localization/install/turtlebot3_simulations/lib/python3.10/site-packages'
[8.266s] Level 1:colcon.colcon_core.environment:checking '/home/ammar/turtlebot3_localization/install/turtlebot3_simulations/bin'
[8.266s] INFO:colcon.colcon_core.shell:Creating package script '/home/ammar/turtlebot3_localization/install/turtlebot3_simulations/share/turtlebot3_simulations/package.ps1'
[8.266s] INFO:colcon.colcon_core.shell:Creating package descriptor '/home/ammar/turtlebot3_localization/install/turtlebot3_simulations/share/turtlebot3_simulations/package.dsv'
[8.267s] INFO:colcon.colcon_core.shell:Creating package script '/home/ammar/turtlebot3_localization/install/turtlebot3_simulations/share/turtlebot3_simulations/package.sh'
[8.267s] INFO:colcon.colcon_core.shell:Creating package script '/home/ammar/turtlebot3_localization/install/turtlebot3_simulations/share/turtlebot3_simulations/package.bash'
[8.267s] INFO:colcon.colcon_core.shell:Creating package script '/home/ammar/turtlebot3_localization/install/turtlebot3_simulations/share/turtlebot3_simulations/package.zsh'
[8.268s] Level 1:colcon.colcon_core.environment:create_file_with_runtime_dependencies(/home/ammar/turtlebot3_localization/install/turtlebot3_simulations/share/colcon-core/packages/turtlebot3_simulations)
[8.281s] Level 1:colcon.colcon_core.environment:create_environment_scripts_only(turtlebot3_simulations)
[8.281s] Level 1:colcon.colcon_core.environment:checking '/home/ammar/turtlebot3_localization/install/turtlebot3_simulations' for CMake module files
[8.281s] Level 1:colcon.colcon_core.environment:checking '/home/ammar/turtlebot3_localization/install/turtlebot3_simulations' for CMake config files
[8.282s] Level 1:colcon.colcon_core.shell:create_environment_hook('turtlebot3_simulations', 'cmake_prefix_path')
[8.282s] INFO:colcon.colcon_core.shell:Creating environment hook '/home/ammar/turtlebot3_localization/install/turtlebot3_simulations/share/turtlebot3_simulations/hook/cmake_prefix_path.ps1'
[8.282s] INFO:colcon.colcon_core.shell:Creating environment descriptor '/home/ammar/turtlebot3_localization/install/turtlebot3_simulations/share/turtlebot3_simulations/hook/cmake_prefix_path.dsv'
[8.282s] INFO:colcon.colcon_core.shell:Creating environment hook '/home/ammar/turtlebot3_localization/install/turtlebot3_simulations/share/turtlebot3_simulations/hook/cmake_prefix_path.sh'
[8.283s] Level 1:colcon.colcon_core.environment:checking '/home/ammar/turtlebot3_localization/install/turtlebot3_simulations/bin'
[8.283s] Level 1:colcon.colcon_core.environment:checking '/home/ammar/turtlebot3_localization/install/turtlebot3_simulations/lib/pkgconfig/turtlebot3_simulations.pc'
[8.283s] Level 1:colcon.colcon_core.environment:checking '/home/ammar/turtlebot3_localization/install/turtlebot3_simulations/lib/python3.10/site-packages'
[8.283s] Level 1:colcon.colcon_core.environment:checking '/home/ammar/turtlebot3_localization/install/turtlebot3_simulations/bin'
[8.283s] INFO:colcon.colcon_core.shell:Creating package script '/home/ammar/turtlebot3_localization/install/turtlebot3_simulations/share/turtlebot3_simulations/package.ps1'
[8.284s] INFO:colcon.colcon_core.shell:Creating package descriptor '/home/ammar/turtlebot3_localization/install/turtlebot3_simulations/share/turtlebot3_simulations/package.dsv'
[8.284s] INFO:colcon.colcon_core.shell:Creating package script '/home/ammar/turtlebot3_localization/install/turtlebot3_simulations/share/turtlebot3_simulations/package.sh'
[8.284s] INFO:colcon.colcon_core.shell:Creating package script '/home/ammar/turtlebot3_localization/install/turtlebot3_simulations/share/turtlebot3_simulations/package.bash'
[8.285s] INFO:colcon.colcon_core.shell:Creating package script '/home/ammar/turtlebot3_localization/install/turtlebot3_simulations/share/turtlebot3_simulations/package.zsh'
[8.285s] Level 1:colcon.colcon_core.environment:create_file_with_runtime_dependencies(/home/ammar/turtlebot3_localization/install/turtlebot3_simulations/share/colcon-core/packages/turtlebot3_simulations)
[8.930s] Level 1:colcon.colcon_core.shell:create_environment_hook('kalman_filter', 'pythonpath_develop')
[8.930s] DEBUG:colcon.colcon_core.event_handler.log_command:Invoked command in '/home/ammar/turtlebot3_localization/build/kalman_filter' returned '0': PYTHONPATH=/home/ammar/turtlebot3_localization/build/kalman_filter/prefix_override:/usr/lib/python3/dist-packages/colcon_core/task/python/colcon_distutils_commands:/home/ammar/turtlebot3_localization/install/kalman_filter/lib/python3.10/site-packages:${PYTHONPATH} /usr/bin/python3 -W ignore:setup.py install is deprecated setup.py develop --editable --build-directory /home/ammar/turtlebot3_localization/build/kalman_filter/build --no-deps symlink_data
[8.930s] INFO:colcon.colcon_core.shell:Creating environment hook '/home/ammar/turtlebot3_localization/build/kalman_filter/share/kalman_filter/hook/pythonpath_develop.ps1'
[8.930s] INFO:colcon.colcon_core.shell:Creating environment descriptor '/home/ammar/turtlebot3_localization/build/kalman_filter/share/kalman_filter/hook/pythonpath_develop.dsv'
[8.931s] INFO:colcon.colcon_core.shell:Creating environment hook '/home/ammar/turtlebot3_localization/build/kalman_filter/share/kalman_filter/hook/pythonpath_develop.sh'
[8.931s] Level 1:colcon.colcon_core.environment:checking '/home/ammar/turtlebot3_localization/install/kalman_filter' for CMake module files
[8.932s] Level 1:colcon.colcon_core.environment:checking '/home/ammar/turtlebot3_localization/install/kalman_filter' for CMake config files
[8.932s] Level 1:colcon.colcon_core.environment:checking '/home/ammar/turtlebot3_localization/install/kalman_filter/lib'
[8.932s] Level 1:colcon.colcon_core.environment:checking '/home/ammar/turtlebot3_localization/install/kalman_filter/bin'
[8.932s] Level 1:colcon.colcon_core.environment:checking '/home/ammar/turtlebot3_localization/install/kalman_filter/lib/pkgconfig/kalman_filter.pc'
[8.932s] Level 1:colcon.colcon_core.environment:checking '/home/ammar/turtlebot3_localization/install/kalman_filter/lib/python3.10/site-packages'
[8.932s] Level 1:colcon.colcon_core.shell:create_environment_hook('kalman_filter', 'pythonpath')
[8.932s] INFO:colcon.colcon_core.shell:Creating environment hook '/home/ammar/turtlebot3_localization/install/kalman_filter/share/kalman_filter/hook/pythonpath.ps1'
[8.933s] INFO:colcon.colcon_core.shell:Creating environment descriptor '/home/ammar/turtlebot3_localization/install/kalman_filter/share/kalman_filter/hook/pythonpath.dsv'
[8.933s] INFO:colcon.colcon_core.shell:Creating environment hook '/home/ammar/turtlebot3_localization/install/kalman_filter/share/kalman_filter/hook/pythonpath.sh'
[8.933s] Level 1:colcon.colcon_core.environment:checking '/home/ammar/turtlebot3_localization/install/kalman_filter/bin'
[8.933s] Level 1:colcon.colcon_core.environment:create_environment_scripts_only(kalman_filter)
[8.934s] INFO:colcon.colcon_core.shell:Creating package script '/home/ammar/turtlebot3_localization/install/kalman_filter/share/kalman_filter/package.ps1'
[8.934s] INFO:colcon.colcon_core.shell:Creating package descriptor '/home/ammar/turtlebot3_localization/install/kalman_filter/share/kalman_filter/package.dsv'
[8.934s] INFO:colcon.colcon_core.shell:Creating package script '/home/ammar/turtlebot3_localization/install/kalman_filter/share/kalman_filter/package.sh'
[8.935s] INFO:colcon.colcon_core.shell:Creating package script '/home/ammar/turtlebot3_localization/install/kalman_filter/share/kalman_filter/package.bash'
[8.935s] INFO:colcon.colcon_core.shell:Creating package script '/home/ammar/turtlebot3_localization/install/kalman_filter/share/kalman_filter/package.zsh'
[8.935s] Level 1:colcon.colcon_core.environment:create_file_with_runtime_dependencies(/home/ammar/turtlebot3_localization/install/kalman_filter/share/colcon-core/packages/kalman_filter)
[8.936s] DEBUG:colcon.colcon_parallel_executor.executor.parallel:closing loop
[8.936s] DEBUG:colcon.colcon_parallel_executor.executor.parallel:loop closed
[8.936s] DEBUG:colcon.colcon_parallel_executor.executor.parallel:run_until_complete finished with '0'
[8.936s] DEBUG:colcon.colcon_core.event_reactor:joining thread
[8.969s] INFO:colcon.colcon_core.plugin_system:Skipping extension 'colcon_notification.desktop_notification.terminal_notifier': Not used on non-Darwin systems
[8.969s] INFO:colcon.colcon_core.plugin_system:Skipping extension 'colcon_notification.desktop_notification.win32': Not used on non-Windows systems
[8.969s] INFO:colcon.colcon_notification.desktop_notification:Sending desktop notification using 'notify2'
[8.981s] DEBUG:colcon.colcon_core.event_reactor:joined thread
[8.981s] INFO:colcon.colcon_core.shell:Creating prefix script '/home/ammar/turtlebot3_localization/install/local_setup.ps1'
[8.990s] INFO:colcon.colcon_core.shell:Creating prefix util module '/home/ammar/turtlebot3_localization/install/_local_setup_util_ps1.py'
[9.006s] INFO:colcon.colcon_core.shell:Creating prefix chain script '/home/ammar/turtlebot3_localization/install/setup.ps1'
[9.018s] INFO:colcon.colcon_core.shell:Creating prefix script '/home/ammar/turtlebot3_localization/install/local_setup.sh'
[9.034s] INFO:colcon.colcon_core.shell:Creating prefix util module '/home/ammar/turtlebot3_localization/install/_local_setup_util_sh.py'
[9.036s] INFO:colcon.colcon_core.shell:Creating prefix chain script '/home/ammar/turtlebot3_localization/install/setup.sh'
[9.042s] INFO:colcon.colcon_core.shell:Creating prefix script '/home/ammar/turtlebot3_localization/install/local_setup.bash'
[9.045s] INFO:colcon.colcon_core.shell:Creating prefix chain script '/home/ammar/turtlebot3_localization/install/setup.bash'
[9.060s] INFO:colcon.colcon_core.shell:Creating prefix script '/home/ammar/turtlebot3_localization/install/local_setup.zsh'
[9.062s] INFO:colcon.colcon_core.shell:Creating prefix chain script '/home/ammar/turtlebot3_localization/install/setup.zsh'
