[0.108s] Invoking command in '/home/ammar/turtlebot3_localization/build/turtlebot3_gazebo': CMAKE_PREFIX_PATH=${CMAKE_PREFIX_PATH}:/home/ammar/ros2_ws/install/my_robot_controller:/opt/ros/humble /usr/bin/cmake /home/ammar/turtlebot3_localization/src/turtlebot3_simulations/turtlebot3_gazebo -DAMENT_CMAKE_SYMLINK_INSTALL=1 -DCMAKE_INSTALL_PREFIX=/home/ammar/turtlebot3_localization/install/turtlebot3_gazebo
[0.142s] -- The C compiler identification is GNU 11.4.0
[0.180s] -- The CXX compiler identification is GNU 11.4.0
[0.186s] -- Detecting C compiler ABI info
[0.231s] -- Detecting C compiler ABI info - done
[0.236s] -- Check for working C compiler: /usr/bin/cc - skipped
[0.237s] -- Detecting C compile features
[0.237s] -- Detecting C compile features - done
[0.239s] -- Detecting CXX compiler ABI info
[0.292s] -- Detecting CXX compiler ABI info - done
[0.298s] -- Check for working CXX compiler: /usr/bin/c++ - skipped
[0.298s] -- Detecting CXX compile features
[0.299s] -- Detecting CXX compile features - done
[0.300s] -- Found ament_cmake: 1.3.5 (/opt/ros/humble/share/ament_cmake/cmake)
[0.421s] -- Found Python3: /usr/bin/python3.10 (found version "3.10.12") found components: Interpreter 
[0.466s] -- Override CMake install command with custom implementation using symlinks instead of copying resources
[0.486s] [31mCMake Error at CMakeLists.txt:23 (find_package):
[0.486s]   By not providing "Findgazebo.cmake" in CMAKE_MODULE_PATH this project has
[0.487s]   asked CMake to find a package configuration file provided by "gazebo", but
[0.487s]   CMake did not find one.
[0.487s] 
[0.487s]   Could not find a package configuration file provided by "gazebo" with any
[0.487s]   of the following names:
[0.487s] 
[0.487s]     gazeboConfig.cmake
[0.487s]     gazebo-config.cmake
[0.487s] 
[0.487s]   Add the installation prefix of "gazebo" to CMAKE_PREFIX_PATH or set
[0.487s]   "gazebo_DIR" to a directory containing one of the above files.  If "gazebo"
[0.487s]   provides a separate development package or SDK, be sure it has been
[0.487s]   installed.
[0.487s] 
[0.487s] [0m
[0.488s] -- Configuring incomplete, errors occurred!
[0.488s] See also "/home/ammar/turtlebot3_localization/build/turtlebot3_gazebo/CMakeFiles/CMakeOutput.log".
[0.490s] Invoked command in '/home/ammar/turtlebot3_localization/build/turtlebot3_gazebo' returned '1': CMAKE_PREFIX_PATH=${CMAKE_PREFIX_PATH}:/home/ammar/ros2_ws/install/my_robot_controller:/opt/ros/humble /usr/bin/cmake /home/ammar/turtlebot3_localization/src/turtlebot3_simulations/turtlebot3_gazebo -DAMENT_CMAKE_SYMLINK_INSTALL=1 -DCMAKE_INSTALL_PREFIX=/home/ammar/turtlebot3_localization/install/turtlebot3_gazebo
