[0.021s] Invoking command in '/home/ammar/turtlebot3_localization/build/turtlebot3_fake_node': CMAKE_PREFIX_PATH=${CMAKE_PREFIX_PATH}:/home/ammar/f110_labs_ws/install/autodrive_nigel:/home/ammar/f110_labs_ws/install/autodrive_f1tenth:/home/ammar/turtlebot3_localization/install/kalman_filter:/home/ammar/sim_ws/install/f1tenth_gym_ros:/home/ammar/ros2_ws/install/my_robot_controller:/opt/ros/humble /usr/bin/cmake --build /home/ammar/turtlebot3_localization/build/turtlebot3_fake_node -- -j12 -l12
[0.061s] [35m[1mConsolidate compiler generated dependencies of target turtlebot3_fake_node[0m
[0.076s] [100%] Built target turtlebot3_fake_node
[0.351s] Invoked command in '/home/ammar/turtlebot3_localization/build/turtlebot3_fake_node' returned '0': CMAKE_PREFIX_PATH=${CMAKE_PREFIX_PATH}:/home/ammar/f110_labs_ws/install/autodrive_nigel:/home/ammar/f110_labs_ws/install/autodrive_f1tenth:/home/ammar/turtlebot3_localization/install/kalman_filter:/home/ammar/sim_ws/install/f1tenth_gym_ros:/home/ammar/ros2_ws/install/my_robot_controller:/opt/ros/humble /usr/bin/cmake --build /home/ammar/turtlebot3_localization/build/turtlebot3_fake_node -- -j12 -l12
[0.379s] Invoking command in '/home/ammar/turtlebot3_localization/build/turtlebot3_fake_node': CMAKE_PREFIX_PATH=${CMAKE_PREFIX_PATH}:/home/ammar/f110_labs_ws/install/autodrive_nigel:/home/ammar/f110_labs_ws/install/autodrive_f1tenth:/home/ammar/turtlebot3_localization/install/kalman_filter:/home/ammar/sim_ws/install/f1tenth_gym_ros:/home/ammar/ros2_ws/install/my_robot_controller:/opt/ros/humble /usr/bin/cmake --install /home/ammar/turtlebot3_localization/build/turtlebot3_fake_node
[0.384s] -- Install configuration: ""
[0.384s] -- Execute custom install script
[0.384s] -- Up-to-date symlink: /home/ammar/turtlebot3_localization/install/turtlebot3_fake_node/lib/turtlebot3_fake_node/turtlebot3_fake_node
[0.384s] -- Up-to-date symlink: /home/ammar/turtlebot3_localization/install/turtlebot3_fake_node/share/turtlebot3_fake_node/launch/rviz2.launch.py
[0.385s] -- Up-to-date symlink: /home/ammar/turtlebot3_localization/install/turtlebot3_fake_node/share/turtlebot3_fake_node/launch/turtlebot3_fake_node.launch.py
[0.385s] -- Up-to-date symlink: /home/ammar/turtlebot3_localization/install/turtlebot3_fake_node/share/turtlebot3_fake_node/param/burger.yaml
[0.385s] -- Up-to-date symlink: /home/ammar/turtlebot3_localization/install/turtlebot3_fake_node/share/turtlebot3_fake_node/param/waffle.yaml
[0.385s] -- Up-to-date symlink: /home/ammar/turtlebot3_localization/install/turtlebot3_fake_node/share/turtlebot3_fake_node/param/waffle_pi.yaml
[0.385s] -- Up-to-date symlink: /home/ammar/turtlebot3_localization/install/turtlebot3_fake_node/include//turtlebot3_fake_node/turtlebot3_fake_node.hpp
[0.385s] -- Up-to-date symlink: /home/ammar/turtlebot3_localization/install/turtlebot3_fake_node/share/ament_index/resource_index/package_run_dependencies/turtlebot3_fake_node
[0.385s] -- Up-to-date symlink: /home/ammar/turtlebot3_localization/install/turtlebot3_fake_node/share/ament_index/resource_index/parent_prefix_path/turtlebot3_fake_node
[0.386s] -- Up-to-date symlink: /home/ammar/turtlebot3_localization/install/turtlebot3_fake_node/share/turtlebot3_fake_node/environment/ament_prefix_path.sh
[0.386s] -- Up-to-date symlink: /home/ammar/turtlebot3_localization/install/turtlebot3_fake_node/share/turtlebot3_fake_node/environment/ament_prefix_path.dsv
[0.386s] -- Up-to-date symlink: /home/ammar/turtlebot3_localization/install/turtlebot3_fake_node/share/turtlebot3_fake_node/environment/path.sh
[0.386s] -- Up-to-date symlink: /home/ammar/turtlebot3_localization/install/turtlebot3_fake_node/share/turtlebot3_fake_node/environment/path.dsv
[0.386s] -- Up-to-date symlink: /home/ammar/turtlebot3_localization/install/turtlebot3_fake_node/share/turtlebot3_fake_node/local_setup.bash
[0.387s] -- Up-to-date symlink: /home/ammar/turtlebot3_localization/install/turtlebot3_fake_node/share/turtlebot3_fake_node/local_setup.sh
[0.387s] -- Up-to-date symlink: /home/ammar/turtlebot3_localization/install/turtlebot3_fake_node/share/turtlebot3_fake_node/local_setup.zsh
[0.388s] -- Up-to-date symlink: /home/ammar/turtlebot3_localization/install/turtlebot3_fake_node/share/turtlebot3_fake_node/local_setup.dsv
[0.389s] -- Symlinking: /home/ammar/turtlebot3_localization/install/turtlebot3_fake_node/share/turtlebot3_fake_node/package.dsv
[0.396s] -- Up-to-date symlink: /home/ammar/turtlebot3_localization/install/turtlebot3_fake_node/share/ament_index/resource_index/packages/turtlebot3_fake_node
[0.396s] -- Up-to-date symlink: /home/ammar/turtlebot3_localization/install/turtlebot3_fake_node/share/turtlebot3_fake_node/cmake/ament_cmake_export_include_directories-extras.cmake
[0.397s] -- Up-to-date symlink: /home/ammar/turtlebot3_localization/install/turtlebot3_fake_node/share/turtlebot3_fake_node/cmake/ament_cmake_export_dependencies-extras.cmake
[0.397s] -- Up-to-date symlink: /home/ammar/turtlebot3_localization/install/turtlebot3_fake_node/share/turtlebot3_fake_node/cmake/turtlebot3_fake_nodeConfig.cmake
[0.397s] -- Up-to-date symlink: /home/ammar/turtlebot3_localization/install/turtlebot3_fake_node/share/turtlebot3_fake_node/cmake/turtlebot3_fake_nodeConfig-version.cmake
[0.397s] -- Up-to-date symlink: /home/ammar/turtlebot3_localization/install/turtlebot3_fake_node/share/turtlebot3_fake_node/package.xml
[0.399s] Invoked command in '/home/ammar/turtlebot3_localization/build/turtlebot3_fake_node' returned '0': CMAKE_PREFIX_PATH=${CMAKE_PREFIX_PATH}:/home/ammar/f110_labs_ws/install/autodrive_nigel:/home/ammar/f110_labs_ws/install/autodrive_f1tenth:/home/ammar/turtlebot3_localization/install/kalman_filter:/home/ammar/sim_ws/install/f1tenth_gym_ros:/home/ammar/ros2_ws/install/my_robot_controller:/opt/ros/humble /usr/bin/cmake --install /home/ammar/turtlebot3_localization/build/turtlebot3_fake_node
