[0.130s] Invoking command in '/home/ammar/turtlebot3_localization/build/turtlebot3_gazebo': CMAKE_PREFIX_PATH=${CMAKE_PREFIX_PATH}:/home/ammar/ros2_ws/install/my_robot_controller:/opt/ros/humble /usr/bin/cmake --build /home/ammar/turtlebot3_localization/build/turtlebot3_gazebo -- -j12 -l12
[1.596s] -- Found ament_cmake: 1.3.9 (/opt/ros/humble/share/ament_cmake/cmake)
[1.784s] -- Found Python3: /usr/bin/python3 (found version "3.10.12") found components: Interpreter 
[2.082s] -- Override CMake install command with custom implementation using symlinks instead of copying resources
[2.189s] [33mCMake Warning (dev) at /usr/share/cmake-3.22/Modules/FindPackageHandleStandardArgs.cmake:438 (message):
[2.190s]   The package name passed to `find_package_handle_standard_args` (PkgConfig)
[2.190s]   does not match the name of the calling package (gazebo).  This can lead to
[2.190s]   problems in calling code that expects `find_package` result variables
[2.190s]   (e.g., `_FOUND`) to follow a certain pattern.
[2.190s] Call Stack (most recent call first):
[2.191s]   /usr/share/cmake-3.22/Modules/FindPkgConfig.cmake:99 (find_package_handle_standard_args)
[2.191s]   /usr/lib/x86_64-linux-gnu/cmake/gazebo/gazebo-config.cmake:72 (include)
[2.191s]   CMakeLists.txt:23 (find_package)
[2.192s] This warning is for project developers.  Use -Wno-dev to suppress it.
[2.192s] [0m
[2.815s] -- Found DART: /usr/include (Required is at least version "6.6") found components: dart 
[3.489s] -- Found Protobuf: /usr/lib/x86_64-linux-gnu/libprotobuf.so (found version "3.12.4") 
[3.509s] -- Looking for ignition-math6 -- found version 6.15.1
[3.575s] -- Searching for dependencies of ignition-math6
[3.577s] -- Looking for OGRE...
[3.594s] -- Found Ogre Ghadamon (1.9.0)
[3.600s] -- Found OGRE: optimized;/usr/lib/x86_64-linux-gnu/libOgreMain.so;debug;/usr/lib/x86_64-linux-gnu/libOgreMain.so
[3.607s] -- Looking for OGRE_Paging...
[3.607s] -- Found OGRE_Paging: optimized;/usr/lib/x86_64-linux-gnu/libOgrePaging.so;debug;/usr/lib/x86_64-linux-gnu/libOgrePaging.so
[3.607s] -- Looking for OGRE_Terrain...
[3.607s] -- Found OGRE_Terrain: optimized;/usr/lib/x86_64-linux-gnu/libOgreTerrain.so;debug;/usr/lib/x86_64-linux-gnu/libOgreTerrain.so
[3.607s] -- Looking for OGRE_Property...
[3.608s] -- Found OGRE_Property: optimized;/usr/lib/x86_64-linux-gnu/libOgreProperty.so;debug;/usr/lib/x86_64-linux-gnu/libOgreProperty.so
[3.608s] -- Looking for OGRE_RTShaderSystem...
[3.608s] -- Found OGRE_RTShaderSystem: optimized;/usr/lib/x86_64-linux-gnu/libOgreRTShaderSystem.so;debug;/usr/lib/x86_64-linux-gnu/libOgreRTShaderSystem.so
[3.608s] -- Looking for OGRE_Volume...
[3.608s] -- Found OGRE_Volume: optimized;/usr/lib/x86_64-linux-gnu/libOgreVolume.so;debug;/usr/lib/x86_64-linux-gnu/libOgreVolume.so
[3.608s] -- Looking for OGRE_Overlay...
[3.608s] -- Found OGRE_Overlay: optimized;/usr/lib/x86_64-linux-gnu/libOgreOverlay.so;debug;/usr/lib/x86_64-linux-gnu/libOgreOverlay.so
[3.712s] -- Looking for ignition-math6 -- found version 6.15.1
[3.731s] -- Looking for ignition-transport8 -- found version 8.2.1
[3.731s] -- Searching for dependencies of ignition-transport8
[3.757s] -- Found Protobuf: /usr/lib/x86_64-linux-gnu/libprotobuf.so (found suitable version "3.12.4", minimum required is "3") 
[3.765s] -- Config-file not installed for ZeroMQ -- checking for pkg-config
[3.768s] -- Checking for module 'libzmq >= 4'
[3.986s] --   Found libzmq , version 4.3.4
[4.147s] -- Checking for module 'uuid'
[4.207s] --   Found uuid, version 2.37.2
[4.325s] -- Looking for ignition-msgs5 -- found version 5.8.1
[4.325s] -- Searching for dependencies of ignition-msgs5
[4.340s] -- Looking for ignition-math6 -- found version 6.15.1
[4.343s] -- Checking for module 'tinyxml2'
[4.377s] --   Found tinyxml2, version 9.0.0
[4.399s] -- Looking for ignition-msgs5 -- found version 5.8.1
[4.433s] -- Looking for ignition-common3 -- found version 3.14.0
[4.434s] -- Searching for dependencies of ignition-common3
[4.434s] -- Looking for dlfcn.h - found
[4.434s] -- Looking for libdl - found
[4.452s] -- Searching for <ignition-common3> component [graphics]
[4.494s] -- Looking for ignition-common3-graphics -- found version 3.14.0
[4.494s] -- Searching for dependencies of ignition-common3-graphics
[4.494s] -- Looking for ignition-math6 -- found version 6.15.1
[4.527s] -- Looking for ignition-fuel_tools4 -- found version 4.4.0
[4.527s] -- Searching for dependencies of ignition-fuel_tools4
[4.600s] -- Checking for module 'jsoncpp'
[4.609s] --   Found jsoncpp, version 1.9.5
[4.632s] -- Checking for module 'libzip'
[4.668s] --   Found libzip, version 1.7.3
[4.688s] -- Looking for ignition-common3 -- found version 3.14.0
[4.689s] -- Looking for ignition-math6 -- found version 6.15.1
[4.689s] -- Looking for ignition-msgs5 -- found version 5.8.1
[4.700s] -- Found gazebo_ros_pkgs: 3.7.0 (/opt/ros/humble/share/gazebo_ros_pkgs/cmake)
[4.700s] -- Found geometry_msgs: 4.2.4 (/opt/ros/humble/share/geometry_msgs/cmake)
[4.716s] -- Found rosidl_generator_c: 3.1.5 (/opt/ros/humble/share/rosidl_generator_c/cmake)
[4.718s] -- Found rosidl_adapter: 3.1.5 (/opt/ros/humble/share/rosidl_adapter/cmake)
[4.723s] -- Found rosidl_generator_cpp: 3.1.5 (/opt/ros/humble/share/rosidl_generator_cpp/cmake)
[4.743s] -- Using all available rosidl_typesupport_c: rosidl_typesupport_fastrtps_c;rosidl_typesupport_introspection_c
[4.756s] -- Using all available rosidl_typesupport_cpp: rosidl_typesupport_fastrtps_cpp;rosidl_typesupport_introspection_cpp
[4.847s] -- Found nav_msgs: 4.2.4 (/opt/ros/humble/share/nav_msgs/cmake)
[4.914s] -- Found rclcpp: 16.0.9 (/opt/ros/humble/share/rclcpp/cmake)
[4.951s] -- Found rmw_implementation_cmake: 6.1.2 (/opt/ros/humble/share/rmw_implementation_cmake/cmake)
[4.952s] -- Found rmw_fastrtps_cpp: 6.2.6 (/opt/ros/humble/share/rmw_fastrtps_cpp/cmake)
[5.042s] -- Using RMW implementation 'rmw_fastrtps_cpp' as default
[5.149s] -- Found sensor_msgs: 4.2.4 (/opt/ros/humble/share/sensor_msgs/cmake)
[5.218s] -- Found tf2: 0.25.7 (/opt/ros/humble/share/tf2/cmake)
[5.348s] -- Configuring done
[6.294s] -- Generating done
[6.296s] -- Build files have been written to: /home/ammar/turtlebot3_localization/build/turtlebot3_gazebo
[6.397s] [35m[1mConsolidate compiler generated dependencies of target turtlebot3_drive[0m
[6.399s] [35m[1mConsolidate compiler generated dependencies of target obstacle2[0m
[6.409s] [ 12%] [32mBuilding CXX object CMakeFiles/turtlebot3_drive.dir/src/turtlebot3_drive.cpp.o[0m
[6.412s] [35m[1mConsolidate compiler generated dependencies of target obstacle1[0m
[6.412s] [35m[1mConsolidate compiler generated dependencies of target obstacles[0m
[6.426s] [ 25%] [32mBuilding CXX object CMakeFiles/obstacle2.dir/models/turtlebot3_dqn_world/obstacle_plugin/obstacle2.cc.o[0m
[6.440s] [ 37%] [32mBuilding CXX object CMakeFiles/obstacle1.dir/models/turtlebot3_dqn_world/obstacle_plugin/obstacle1.cc.o[0m
[6.444s] [ 50%] [32mBuilding CXX object CMakeFiles/obstacles.dir/models/turtlebot3_dqn_world/obstacle_plugin/obstacles.cc.o[0m
[16.499s] [ 62%] [32m[1mLinking CXX shared library libobstacle1.so[0m
[16.505s] [ 75%] [32m[1mLinking CXX shared library libobstacles.so[0m
[16.506s] [ 87%] [32m[1mLinking CXX shared library libobstacle2.so[0m
[16.853s] [100%] [32m[1mLinking CXX executable turtlebot3_drive[0m
[17.268s] [100%] Built target turtlebot3_drive
[17.929s] [100%] Built target obstacles
[17.929s] [100%] Built target obstacle2
[17.930s] [100%] Built target obstacle1
[17.937s] Invoked command in '/home/ammar/turtlebot3_localization/build/turtlebot3_gazebo' returned '0': CMAKE_PREFIX_PATH=${CMAKE_PREFIX_PATH}:/home/ammar/ros2_ws/install/my_robot_controller:/opt/ros/humble /usr/bin/cmake --build /home/ammar/turtlebot3_localization/build/turtlebot3_gazebo -- -j12 -l12
[17.959s] Invoking command in '/home/ammar/turtlebot3_localization/build/turtlebot3_gazebo': CMAKE_PREFIX_PATH=${CMAKE_PREFIX_PATH}:/home/ammar/ros2_ws/install/my_robot_controller:/opt/ros/humble /usr/bin/cmake --install /home/ammar/turtlebot3_localization/build/turtlebot3_gazebo
[17.964s] -- Install configuration: ""
[17.964s] -- Execute custom install script
[17.964s] -- Up-to-date symlink: /home/ammar/turtlebot3_localization/install/turtlebot3_gazebo/lib/turtlebot3_gazebo/turtlebot3_drive
[18.099s] -- Up-to-date symlink: /home/ammar/turtlebot3_localization/install/turtlebot3_gazebo/share/turtlebot3_gazebo//launch/empty_world.launch.py
[18.100s] -- Up-to-date symlink: /home/ammar/turtlebot3_localization/install/turtlebot3_gazebo/share/turtlebot3_gazebo//launch/robot_state_publisher.launch.py
[18.101s] -- Up-to-date symlink: /home/ammar/turtlebot3_localization/install/turtlebot3_gazebo/share/turtlebot3_gazebo//launch/spawn_turtlebot3.launch.py
[18.101s] -- Up-to-date symlink: /home/ammar/turtlebot3_localization/install/turtlebot3_gazebo/share/turtlebot3_gazebo//launch/turtlebot3_dqn_stage1.launch.py
[18.102s] -- Up-to-date symlink: /home/ammar/turtlebot3_localization/install/turtlebot3_gazebo/share/turtlebot3_gazebo//launch/turtlebot3_dqn_stage2.launch.py
[18.102s] -- Up-to-date symlink: /home/ammar/turtlebot3_localization/install/turtlebot3_gazebo/share/turtlebot3_gazebo//launch/turtlebot3_dqn_stage3.launch.py
[18.103s] -- Up-to-date symlink: /home/ammar/turtlebot3_localization/install/turtlebot3_gazebo/share/turtlebot3_gazebo//launch/turtlebot3_dqn_stage4.launch.py
[18.104s] -- Up-to-date symlink: /home/ammar/turtlebot3_localization/install/turtlebot3_gazebo/share/turtlebot3_gazebo//launch/turtlebot3_house.launch.py
[18.104s] -- Up-to-date symlink: /home/ammar/turtlebot3_localization/install/turtlebot3_gazebo/share/turtlebot3_gazebo//launch/turtlebot3_world.launch.py
[18.107s] -- Up-to-date symlink: /home/ammar/turtlebot3_localization/install/turtlebot3_gazebo/share/turtlebot3_gazebo//models/turtlebot3_burger/model-1_4.sdf
[18.108s] -- Up-to-date symlink: /home/ammar/turtlebot3_localization/install/turtlebot3_gazebo/share/turtlebot3_gazebo//models/turtlebot3_burger/model.config
[18.108s] -- Up-to-date symlink: /home/ammar/turtlebot3_localization/install/turtlebot3_gazebo/share/turtlebot3_gazebo//models/turtlebot3_burger/model.sdf
[18.109s] -- Up-to-date symlink: /home/ammar/turtlebot3_localization/install/turtlebot3_gazebo/share/turtlebot3_gazebo//models/turtlebot3_common/meshes/burger_base.dae
[18.110s] -- Up-to-date symlink: /home/ammar/turtlebot3_localization/install/turtlebot3_gazebo/share/turtlebot3_gazebo//models/turtlebot3_common/meshes/lds.dae
[18.110s] -- Up-to-date symlink: /home/ammar/turtlebot3_localization/install/turtlebot3_gazebo/share/turtlebot3_gazebo//models/turtlebot3_common/meshes/r200.dae
[18.111s] -- Up-to-date symlink: /home/ammar/turtlebot3_localization/install/turtlebot3_gazebo/share/turtlebot3_gazebo//models/turtlebot3_common/meshes/tire.dae
[18.112s] -- Up-to-date symlink: /home/ammar/turtlebot3_localization/install/turtlebot3_gazebo/share/turtlebot3_gazebo//models/turtlebot3_common/meshes/waffle_base.dae
[18.112s] -- Up-to-date symlink: /home/ammar/turtlebot3_localization/install/turtlebot3_gazebo/share/turtlebot3_gazebo//models/turtlebot3_common/meshes/waffle_pi_base.dae
[18.113s] -- Up-to-date symlink: /home/ammar/turtlebot3_localization/install/turtlebot3_gazebo/share/turtlebot3_gazebo//models/turtlebot3_common/model.config
[18.114s] -- Up-to-date symlink: /home/ammar/turtlebot3_localization/install/turtlebot3_gazebo/share/turtlebot3_gazebo//models/turtlebot3_dqn_world/goal_box/model.config
[18.114s] -- Up-to-date symlink: /home/ammar/turtlebot3_localization/install/turtlebot3_gazebo/share/turtlebot3_gazebo//models/turtlebot3_dqn_world/goal_box/model.sdf
[18.115s] -- Up-to-date symlink: /home/ammar/turtlebot3_localization/install/turtlebot3_gazebo/share/turtlebot3_gazebo//models/turtlebot3_dqn_world/inner_walls/model.config
[18.116s] -- Up-to-date symlink: /home/ammar/turtlebot3_localization/install/turtlebot3_gazebo/share/turtlebot3_gazebo//models/turtlebot3_dqn_world/inner_walls/model.sdf
[18.116s] -- Up-to-date symlink: /home/ammar/turtlebot3_localization/install/turtlebot3_gazebo/share/turtlebot3_gazebo//models/turtlebot3_dqn_world/model.config
[18.117s] -- Up-to-date symlink: /home/ammar/turtlebot3_localization/install/turtlebot3_gazebo/share/turtlebot3_gazebo//models/turtlebot3_dqn_world/model.sdf
[18.118s] -- Up-to-date symlink: /home/ammar/turtlebot3_localization/install/turtlebot3_gazebo/share/turtlebot3_gazebo//models/turtlebot3_dqn_world/obstacle1/model.config
[18.118s] -- Up-to-date symlink: /home/ammar/turtlebot3_localization/install/turtlebot3_gazebo/share/turtlebot3_gazebo//models/turtlebot3_dqn_world/obstacle1/model.sdf
[18.119s] -- Up-to-date symlink: /home/ammar/turtlebot3_localization/install/turtlebot3_gazebo/share/turtlebot3_gazebo//models/turtlebot3_dqn_world/obstacle2/model.config
[18.120s] -- Up-to-date symlink: /home/ammar/turtlebot3_localization/install/turtlebot3_gazebo/share/turtlebot3_gazebo//models/turtlebot3_dqn_world/obstacle2/model.sdf
[18.120s] -- Up-to-date symlink: /home/ammar/turtlebot3_localization/install/turtlebot3_gazebo/share/turtlebot3_gazebo//models/turtlebot3_dqn_world/obstacle_plugin/CMakeLists.txt
[18.121s] -- Up-to-date symlink: /home/ammar/turtlebot3_localization/install/turtlebot3_gazebo/share/turtlebot3_gazebo//models/turtlebot3_dqn_world/obstacle_plugin/obstacle1.cc
[18.121s] -- Up-to-date symlink: /home/ammar/turtlebot3_localization/install/turtlebot3_gazebo/share/turtlebot3_gazebo//models/turtlebot3_dqn_world/obstacle_plugin/obstacle2.cc
[18.122s] -- Up-to-date symlink: /home/ammar/turtlebot3_localization/install/turtlebot3_gazebo/share/turtlebot3_gazebo//models/turtlebot3_dqn_world/obstacle_plugin/obstacles.cc
[18.123s] -- Up-to-date symlink: /home/ammar/turtlebot3_localization/install/turtlebot3_gazebo/share/turtlebot3_gazebo//models/turtlebot3_dqn_world/obstacles/model.config
[18.123s] -- Up-to-date symlink: /home/ammar/turtlebot3_localization/install/turtlebot3_gazebo/share/turtlebot3_gazebo//models/turtlebot3_dqn_world/obstacles/model.sdf
[18.124s] -- Up-to-date symlink: /home/ammar/turtlebot3_localization/install/turtlebot3_gazebo/share/turtlebot3_gazebo//models/turtlebot3_house/model.config
[18.125s] -- Up-to-date symlink: /home/ammar/turtlebot3_localization/install/turtlebot3_gazebo/share/turtlebot3_gazebo//models/turtlebot3_house/model.sdf
[18.125s] -- Up-to-date symlink: /home/ammar/turtlebot3_localization/install/turtlebot3_gazebo/share/turtlebot3_gazebo//models/turtlebot3_waffle/model-1_4.sdf
[18.126s] -- Up-to-date symlink: /home/ammar/turtlebot3_localization/install/turtlebot3_gazebo/share/turtlebot3_gazebo//models/turtlebot3_waffle/model.config
[18.126s] -- Up-to-date symlink: /home/ammar/turtlebot3_localization/install/turtlebot3_gazebo/share/turtlebot3_gazebo//models/turtlebot3_waffle/model.sdf
[18.127s] -- Up-to-date symlink: /home/ammar/turtlebot3_localization/install/turtlebot3_gazebo/share/turtlebot3_gazebo//models/turtlebot3_waffle_pi/model-1_4_.sdf
[18.128s] -- Up-to-date symlink: /home/ammar/turtlebot3_localization/install/turtlebot3_gazebo/share/turtlebot3_gazebo//models/turtlebot3_waffle_pi/model.config
[18.128s] -- Up-to-date symlink: /home/ammar/turtlebot3_localization/install/turtlebot3_gazebo/share/turtlebot3_gazebo//models/turtlebot3_waffle_pi/model.sdf
[18.129s] -- Up-to-date symlink: /home/ammar/turtlebot3_localization/install/turtlebot3_gazebo/share/turtlebot3_gazebo//models/turtlebot3_world/meshes/hexagon.dae
[18.130s] -- Up-to-date symlink: /home/ammar/turtlebot3_localization/install/turtlebot3_gazebo/share/turtlebot3_gazebo//models/turtlebot3_world/meshes/wall.dae
[18.130s] -- Up-to-date symlink: /home/ammar/turtlebot3_localization/install/turtlebot3_gazebo/share/turtlebot3_gazebo//models/turtlebot3_world/model-1_4.sdf
[18.131s] -- Up-to-date symlink: /home/ammar/turtlebot3_localization/install/turtlebot3_gazebo/share/turtlebot3_gazebo//models/turtlebot3_world/model.config
[18.131s] -- Up-to-date symlink: /home/ammar/turtlebot3_localization/install/turtlebot3_gazebo/share/turtlebot3_gazebo//models/turtlebot3_world/model.sdf
[18.133s] -- Up-to-date symlink: /home/ammar/turtlebot3_localization/install/turtlebot3_gazebo/share/turtlebot3_gazebo//rviz/tb3_gazebo.rviz
[18.134s] -- Up-to-date symlink: /home/ammar/turtlebot3_localization/install/turtlebot3_gazebo/share/turtlebot3_gazebo//urdf/common_properties.urdf
[18.134s] -- Up-to-date symlink: /home/ammar/turtlebot3_localization/install/turtlebot3_gazebo/share/turtlebot3_gazebo//urdf/turtlebot3_burger.urdf
[18.135s] -- Up-to-date symlink: /home/ammar/turtlebot3_localization/install/turtlebot3_gazebo/share/turtlebot3_gazebo//urdf/turtlebot3_waffle.urdf
[18.135s] -- Up-to-date symlink: /home/ammar/turtlebot3_localization/install/turtlebot3_gazebo/share/turtlebot3_gazebo//urdf/turtlebot3_waffle_pi.urdf
[18.137s] -- Up-to-date symlink: /home/ammar/turtlebot3_localization/install/turtlebot3_gazebo/share/turtlebot3_gazebo//worlds/empty_world.world
[18.137s] -- Up-to-date symlink: /home/ammar/turtlebot3_localization/install/turtlebot3_gazebo/share/turtlebot3_gazebo//worlds/turtlebot3_dqn_stage1.world
[18.138s] -- Up-to-date symlink: /home/ammar/turtlebot3_localization/install/turtlebot3_gazebo/share/turtlebot3_gazebo//worlds/turtlebot3_dqn_stage2.world
[18.138s] -- Up-to-date symlink: /home/ammar/turtlebot3_localization/install/turtlebot3_gazebo/share/turtlebot3_gazebo//worlds/turtlebot3_dqn_stage3.world
[18.139s] -- Up-to-date symlink: /home/ammar/turtlebot3_localization/install/turtlebot3_gazebo/share/turtlebot3_gazebo//worlds/turtlebot3_dqn_stage4.world
[18.139s] -- Up-to-date symlink: /home/ammar/turtlebot3_localization/install/turtlebot3_gazebo/share/turtlebot3_gazebo//worlds/turtlebot3_house.world
[18.140s] -- Up-to-date symlink: /home/ammar/turtlebot3_localization/install/turtlebot3_gazebo/share/turtlebot3_gazebo//worlds/turtlebot3_world.world
[18.141s] -- Up-to-date symlink: /home/ammar/turtlebot3_localization/install/turtlebot3_gazebo/include//turtlebot3_gazebo/turtlebot3_drive.hpp
[18.142s] -- Up-to-date symlink: /home/ammar/turtlebot3_localization/install/turtlebot3_gazebo/share/ament_index/resource_index/package_run_dependencies/turtlebot3_gazebo
[18.143s] -- Up-to-date symlink: /home/ammar/turtlebot3_localization/install/turtlebot3_gazebo/share/ament_index/resource_index/parent_prefix_path/turtlebot3_gazebo
[18.144s] -- Up-to-date symlink: /home/ammar/turtlebot3_localization/install/turtlebot3_gazebo/share/turtlebot3_gazebo/environment/ament_prefix_path.sh
[18.144s] -- Up-to-date symlink: /home/ammar/turtlebot3_localization/install/turtlebot3_gazebo/share/turtlebot3_gazebo/environment/ament_prefix_path.dsv
[18.145s] -- Up-to-date symlink: /home/ammar/turtlebot3_localization/install/turtlebot3_gazebo/share/turtlebot3_gazebo/environment/path.sh
[18.145s] -- Up-to-date symlink: /home/ammar/turtlebot3_localization/install/turtlebot3_gazebo/share/turtlebot3_gazebo/environment/path.dsv
[18.146s] -- Up-to-date symlink: /home/ammar/turtlebot3_localization/install/turtlebot3_gazebo/share/turtlebot3_gazebo/local_setup.bash
[18.147s] -- Up-to-date symlink: /home/ammar/turtlebot3_localization/install/turtlebot3_gazebo/share/turtlebot3_gazebo/local_setup.sh
[18.147s] -- Up-to-date symlink: /home/ammar/turtlebot3_localization/install/turtlebot3_gazebo/share/turtlebot3_gazebo/local_setup.zsh
[18.148s] -- Up-to-date symlink: /home/ammar/turtlebot3_localization/install/turtlebot3_gazebo/share/turtlebot3_gazebo/local_setup.dsv
[18.148s] -- Symlinking: /home/ammar/turtlebot3_localization/install/turtlebot3_gazebo/share/turtlebot3_gazebo/package.dsv
[18.163s] -- Up-to-date symlink: /home/ammar/turtlebot3_localization/install/turtlebot3_gazebo/share/ament_index/resource_index/packages/turtlebot3_gazebo
[18.163s] -- Up-to-date symlink: /home/ammar/turtlebot3_localization/install/turtlebot3_gazebo/share/turtlebot3_gazebo/cmake/ament_cmake_export_include_directories-extras.cmake
[18.164s] -- Up-to-date symlink: /home/ammar/turtlebot3_localization/install/turtlebot3_gazebo/share/turtlebot3_gazebo/cmake/ament_cmake_export_dependencies-extras.cmake
[18.164s] -- Up-to-date symlink: /home/ammar/turtlebot3_localization/install/turtlebot3_gazebo/share/turtlebot3_gazebo/cmake/turtlebot3_gazeboConfig.cmake
[18.165s] -- Up-to-date symlink: /home/ammar/turtlebot3_localization/install/turtlebot3_gazebo/share/turtlebot3_gazebo/cmake/turtlebot3_gazeboConfig-version.cmake
[18.165s] -- Up-to-date symlink: /home/ammar/turtlebot3_localization/install/turtlebot3_gazebo/share/turtlebot3_gazebo/package.xml
[18.169s] Invoked command in '/home/ammar/turtlebot3_localization/build/turtlebot3_gazebo' returned '0': CMAKE_PREFIX_PATH=${CMAKE_PREFIX_PATH}:/home/ammar/ros2_ws/install/my_robot_controller:/opt/ros/humble /usr/bin/cmake --install /home/ammar/turtlebot3_localization/build/turtlebot3_gazebo
